INFO: Running with entropic power schedule (0xFF, 100).
INFO: Seed: 955282591
INFO: Loaded 1 modules   (1667 inline 8-bit counters): 1667 [0x560bcd8caa80, 0x560bcd8cb103), 
INFO: Loaded 1 PC tables (1667 PCs): 1667 [0x560bcd8cb108,0x560bcd8d1938), 
INFO:     1003 files found in /workspace/scratch/56bc7a3aaff8/aor/fuzz/corpus/request
INFO: seed corpus: files: 1003 min: 1b max: 2109b total: 132470b rss: 31Mb
#1004	INITED cov: 478 ft: 1742 corp: 594/80Kb exec/s: 0 rss: 51Mb
#1070	REDUCE cov: 478 ft: 1742 corp: 594/80Kb lim: 2109 exec/s: 0 rss: 51Mb L: 269/2109 MS: 1 EraseBytes-
#2161	REDUCE cov: 478 ft: 1742 corp: 594/80Kb lim: 2109 exec/s: 0 rss: 53Mb L: 68/2109 MS: 1 EraseBytes-
#2372	REDUCE cov: 478 ft: 1742 corp: 594/80Kb lim: 2109 exec/s: 0 rss: 54Mb L: 23/2109 MS: 1 EraseBytes-
#2448	REDUCE cov: 478 ft: 1742 corp: 594/80Kb lim: 2109 exec/s: 0 rss: 54Mb L: 70/2109 MS: 1 EraseBytes-
#3479	REDUCE cov: 478 ft: 1742 corp: 594/80Kb lim: 2109 exec/s: 0 rss: 55Mb L: 433/2109 MS: 1 EraseBytes-
#4026	REDUCE cov: 478 ft: 1742 corp: 594/80Kb lim: 2109 exec/s: 0 rss: 56Mb L: 555/2109 MS: 2 ChangeASCIIInt-EraseBytes-
#4422	REDUCE cov: 478 ft: 1742 corp: 594/80Kb lim: 2109 exec/s: 0 rss: 56Mb L: 164/2109 MS: 1 EraseBytes-
#4858	REDUCE cov: 478 ft: 1742 corp: 594/80Kb lim: 2109 exec/s: 0 rss: 57Mb L: 5/2109 MS: 1 EraseBytes-
#6244	REDUCE cov: 478 ft: 1742 corp: 594/80Kb lim: 2120 exec/s: 0 rss: 58Mb L: 205/2109 MS: 1 EraseBytes-
#6825	REDUCE cov: 478 ft: 1742 corp: 594/80Kb lim: 2120 exec/s: 0 rss: 58Mb L: 59/2109 MS: 1 EraseBytes-
#7016	REDUCE cov: 478 ft: 1742 corp: 594/80Kb lim: 2120 exec/s: 0 rss: 58Mb L: 43/2109 MS: 1 EraseBytes-
#8062	REDUCE cov: 478 ft: 1742 corp: 594/80Kb lim: 2120 exec/s: 0 rss: 59Mb L: 32/2109 MS: 1 EraseBytes-
#8581	REDUCE cov: 478 ft: 1742 corp: 594/80Kb lim: 2120 exec/s: 0 rss: 60Mb L: 41/2109 MS: 4 ChangeBit-ChangeBit-ShuffleBytes-EraseBytes-
#9092	REDUCE cov: 478 ft: 1742 corp: 594/80Kb lim: 2120 exec/s: 0 rss: 60Mb L: 6/2109 MS: 1 EraseBytes-
#9223	NEW    cov: 479 ft: 1743 corp: 595/80Kb lim: 2120 exec/s: 0 rss: 61Mb L: 46/2109 MS: 1 EraseBytes-
#12869	REDUCE cov: 479 ft: 1743 corp: 595/80Kb lim: 2153 exec/s: 0 rss: 63Mb L: 22/2109 MS: 1 EraseBytes-
#13420	REDUCE cov: 479 ft: 1743 corp: 595/80Kb lim: 2153 exec/s: 0 rss: 63Mb L: 15/2109 MS: 1 EraseBytes-
#13871	REDUCE cov: 479 ft: 1743 corp: 595/80Kb lim: 2153 exec/s: 0 rss: 63Mb L: 1049/2109 MS: 1 EraseBytes-
#14149	REDUCE cov: 479 ft: 1743 corp: 595/80Kb lim: 2153 exec/s: 0 rss: 63Mb L: 723/2109 MS: 3 EraseBytes-ChangeBit-CopyPart-
#17335	REDUCE cov: 479 ft: 1743 corp: 595/80Kb lim: 2175 exec/s: 0 rss: 65Mb L: 65/2109 MS: 1 EraseBytes-
#18428	REDUCE cov: 479 ft: 1743 corp: 595/80Kb lim: 2175 exec/s: 0 rss: 66Mb L: 365/2109 MS: 3 ChangeBinInt-CrossOver-EraseBytes-
#20074	REDUCE cov: 479 ft: 1743 corp: 595/80Kb lim: 2186 exec/s: 0 rss: 66Mb L: 29/2109 MS: 1 EraseBytes-
#21718	REDUCE cov: 479 ft: 1743 corp: 595/80Kb lim: 2197 exec/s: 0 rss: 67Mb L: 51/2109 MS: 4 CrossOver-ChangeBinInt-InsertByte-EraseBytes-
#21813	REDUCE cov: 479 ft: 1743 corp: 595/80Kb lim: 2197 exec/s: 0 rss: 67Mb L: 73/2109 MS: 5 ChangeBinInt-ChangeByte-ChangeBit-InsertByte-EraseBytes-
#21989	REDUCE cov: 479 ft: 1743 corp: 595/80Kb lim: 2197 exec/s: 0 rss: 67Mb L: 67/2109 MS: 1 EraseBytes-
#22420	REDUCE cov: 479 ft: 1743 corp: 595/80Kb lim: 2197 exec/s: 0 rss: 67Mb L: 39/2109 MS: 1 EraseBytes-
#22571	REDUCE cov: 479 ft: 1743 corp: 595/80Kb lim: 2197 exec/s: 0 rss: 67Mb L: 25/2109 MS: 1 EraseBytes-
#22697	REDUCE cov: 479 ft: 1743 corp: 595/80Kb lim: 2197 exec/s: 0 rss: 67Mb L: 270/2109 MS: 1 EraseBytes-
#22783	REDUCE cov: 479 ft: 1743 corp: 595/80Kb lim: 2197 exec/s: 0 rss: 68Mb L: 50/2109 MS: 1 EraseBytes-
#22980	REDUCE cov: 479 ft: 1743 corp: 595/80Kb lim: 2197 exec/s: 0 rss: 68Mb L: 92/2109 MS: 2 CrossOver-EraseBytes-
#23121	REDUCE cov: 479 ft: 1743 corp: 595/80Kb lim: 2197 exec/s: 0 rss: 68Mb L: 14/2109 MS: 1 EraseBytes-
#23302	REDUCE cov: 479 ft: 1743 corp: 595/80Kb lim: 2197 exec/s: 0 rss: 68Mb L: 10/2109 MS: 1 EraseBytes-
#23733	REDUCE cov: 479 ft: 1743 corp: 595/80Kb lim: 2197 exec/s: 0 rss: 68Mb L: 65/2109 MS: 1 EraseBytes-
#24331	REDUCE cov: 479 ft: 1743 corp: 595/80Kb lim: 2197 exec/s: 0 rss: 68Mb L: 253/2109 MS: 3 CopyPart-InsertRepeatedBytes-EraseBytes-
#25028	REDUCE cov: 479 ft: 1743 corp: 595/80Kb lim: 2197 exec/s: 0 rss: 69Mb L: 107/2109 MS: 2 InsertByte-EraseBytes-
#25265	REDUCE cov: 479 ft: 1743 corp: 595/80Kb lim: 2197 exec/s: 0 rss: 69Mb L: 64/2109 MS: 2 ChangeByte-EraseBytes-
#27071	REDUCE cov: 479 ft: 1743 corp: 595/80Kb lim: 2208 exec/s: 0 rss: 70Mb L: 149/2109 MS: 1 EraseBytes-
#27807	REDUCE cov: 479 ft: 1743 corp: 595/80Kb lim: 2208 exec/s: 0 rss: 70Mb L: 21/2109 MS: 1 EraseBytes-
#28813	REDUCE cov: 479 ft: 1743 corp: 595/80Kb lim: 2208 exec/s: 0 rss: 70Mb L: 24/2109 MS: 1 EraseBytes-
#29000	REDUCE cov: 479 ft: 1743 corp: 595/80Kb lim: 2208 exec/s: 0 rss: 71Mb L: 92/2109 MS: 2 ChangeBit-EraseBytes-
#29936	REDUCE cov: 479 ft: 1743 corp: 595/80Kb lim: 2208 exec/s: 0 rss: 71Mb L: 94/2109 MS: 1 EraseBytes-
#30477	REDUCE cov: 479 ft: 1743 corp: 595/80Kb lim: 2208 exec/s: 0 rss: 71Mb L: 8/2109 MS: 1 EraseBytes-
#32028	REDUCE cov: 479 ft: 1743 corp: 595/80Kb lim: 2219 exec/s: 0 rss: 72Mb L: 9/2109 MS: 1 EraseBytes-
#34199	REDUCE cov: 479 ft: 1743 corp: 595/80Kb lim: 2230 exec/s: 0 rss: 72Mb L: 395/2109 MS: 1 EraseBytes-
#36258	REDUCE cov: 479 ft: 1743 corp: 595/80Kb lim: 2241 exec/s: 0 rss: 73Mb L: 233/2109 MS: 4 CMP-ChangeBit-ChangeASCIIInt-EraseBytes- DE: "\377\377\377\377\377\377\377o"-
#36274	REDUCE cov: 479 ft: 1743 corp: 595/80Kb lim: 2241 exec/s: 0 rss: 73Mb L: 19/2109 MS: 1 EraseBytes-
#36495	REDUCE cov: 479 ft: 1743 corp: 595/80Kb lim: 2241 exec/s: 0 rss: 73Mb L: 8/2109 MS: 1 EraseBytes-
#40421	REDUCE cov: 479 ft: 1743 corp: 595/80Kb lim: 2274 exec/s: 0 rss: 73Mb L: 349/2109 MS: 1 EraseBytes-
#41582	REDUCE cov: 479 ft: 1743 corp: 595/80Kb lim: 2285 exec/s: 0 rss: 73Mb L: 49/2109 MS: 1 EraseBytes-
#41693	REDUCE cov: 479 ft: 1743 corp: 595/80Kb lim: 2285 exec/s: 0 rss: 73Mb L: 15/2109 MS: 1 EraseBytes-
#42059	REDUCE cov: 479 ft: 1743 corp: 595/80Kb lim: 2285 exec/s: 0 rss: 73Mb L: 34/2109 MS: 1 EraseBytes-
#42275	REDUCE cov: 479 ft: 1743 corp: 595/80Kb lim: 2285 exec/s: 0 rss: 73Mb L: 323/2109 MS: 1 EraseBytes-
#42666	REDUCE cov: 479 ft: 1743 corp: 595/80Kb lim: 2285 exec/s: 0 rss: 73Mb L: 156/2109 MS: 1 EraseBytes-
#44797	REDUCE cov: 479 ft: 1743 corp: 595/80Kb lim: 2296 exec/s: 0 rss: 73Mb L: 43/2109 MS: 1 EraseBytes-
#49504	REDUCE cov: 479 ft: 1743 corp: 595/80Kb lim: 2340 exec/s: 0 rss: 74Mb L: 236/2109 MS: 2 ChangeByte-EraseBytes-
#50855	REDUCE cov: 479 ft: 1743 corp: 595/80Kb lim: 2351 exec/s: 0 rss: 74Mb L: 5/2109 MS: 1 EraseBytes-
#53931	REDUCE cov: 479 ft: 1743 corp: 595/80Kb lim: 2373 exec/s: 0 rss: 74Mb L: 51/2109 MS: 1 EraseBytes-
#54229	REDUCE cov: 479 ft: 1743 corp: 595/80Kb lim: 2373 exec/s: 0 rss: 74Mb L: 412/2109 MS: 3 ChangeBinInt-CrossOver-EraseBytes-
#55085	REDUCE cov: 479 ft: 1743 corp: 595/80Kb lim: 2373 exec/s: 0 rss: 74Mb L: 81/2109 MS: 1 EraseBytes-
#56067	REDUCE cov: 479 ft: 1743 corp: 595/80Kb lim: 2373 exec/s: 0 rss: 74Mb L: 760/2109 MS: 2 ShuffleBytes-EraseBytes-
#56773	REDUCE cov: 479 ft: 1743 corp: 595/80Kb lim: 2373 exec/s: 0 rss: 74Mb L: 142/2109 MS: 1 EraseBytes-
#56884	REDUCE cov: 479 ft: 1743 corp: 595/80Kb lim: 2373 exec/s: 0 rss: 74Mb L: 30/2109 MS: 1 EraseBytes-
#57367	REDUCE cov: 479 ft: 1743 corp: 595/80Kb lim: 2373 exec/s: 0 rss: 74Mb L: 112/2109 MS: 3 ChangeASCIIInt-PersAutoDict-EraseBytes- DE: "\377\377\377\377\377\377\377o"-
#57919	REDUCE cov: 479 ft: 1743 corp: 595/80Kb lim: 2373 exec/s: 0 rss: 74Mb L: 31/2109 MS: 2 InsertByte-EraseBytes-
#58115	REDUCE cov: 479 ft: 1743 corp: 595/80Kb lim: 2373 exec/s: 0 rss: 74Mb L: 30/2109 MS: 1 EraseBytes-
#59121	REDUCE cov: 479 ft: 1743 corp: 595/80Kb lim: 2373 exec/s: 0 rss: 74Mb L: 43/2109 MS: 1 EraseBytes-
#59487	REDUCE cov: 479 ft: 1743 corp: 595/80Kb lim: 2373 exec/s: 0 rss: 74Mb L: 11/2109 MS: 1 EraseBytes-
#59647	REDUCE cov: 479 ft: 1743 corp: 595/80Kb lim: 2373 exec/s: 0 rss: 74Mb L: 41/2109 MS: 5 ChangeBit-ChangeBit-CopyPart-CrossOver-EraseBytes-
#60978	REDUCE cov: 479 ft: 1743 corp: 595/80Kb lim: 2384 exec/s: 0 rss: 74Mb L: 14/2109 MS: 1 EraseBytes-
#62714	REDUCE cov: 479 ft: 1743 corp: 595/80Kb lim: 2395 exec/s: 0 rss: 74Mb L: 89/2109 MS: 1 EraseBytes-
#66000	REDUCE cov: 479 ft: 1743 corp: 595/80Kb lim: 2417 exec/s: 0 rss: 74Mb L: 76/2109 MS: 1 EraseBytes-
#66446	REDUCE cov: 479 ft: 1743 corp: 595/80Kb lim: 2417 exec/s: 0 rss: 74Mb L: 111/2109 MS: 1 EraseBytes-
#66694	REDUCE cov: 479 ft: 1743 corp: 595/80Kb lim: 2417 exec/s: 0 rss: 74Mb L: 48/2109 MS: 3 ChangeBit-ChangeASCIIInt-EraseBytes-
#69675	NEW    cov: 480 ft: 1745 corp: 596/80Kb lim: 2439 exec/s: 0 rss: 74Mb L: 135/2109 MS: 1 InsertRepeatedBytes-
#69831	REDUCE cov: 480 ft: 1745 corp: 596/80Kb lim: 2439 exec/s: 0 rss: 74Mb L: 82/2109 MS: 1 EraseBytes-
#70092	REDUCE cov: 480 ft: 1745 corp: 596/80Kb lim: 2439 exec/s: 0 rss: 74Mb L: 59/2109 MS: 1 EraseBytes-
#72058	REDUCE cov: 480 ft: 1745 corp: 596/80Kb lim: 2450 exec/s: 0 rss: 74Mb L: 29/2109 MS: 1 EraseBytes-
#73329	REDUCE cov: 480 ft: 1745 corp: 596/80Kb lim: 2461 exec/s: 0 rss: 74Mb L: 176/2109 MS: 1 EraseBytes-
#74600	REDUCE cov: 480 ft: 1745 corp: 596/80Kb lim: 2472 exec/s: 0 rss: 74Mb L: 13/2109 MS: 1 EraseBytes-
#75811	REDUCE cov: 480 ft: 1745 corp: 596/80Kb lim: 2483 exec/s: 0 rss: 74Mb L: 26/2109 MS: 1 EraseBytes-
#76120	REDUCE cov: 480 ft: 1745 corp: 596/80Kb lim: 2483 exec/s: 0 rss: 74Mb L: 12/2109 MS: 4 ChangeASCIIInt-ChangeASCIIInt-ShuffleBytes-EraseBytes-
#76681	REDUCE cov: 480 ft: 1745 corp: 596/80Kb lim: 2483 exec/s: 0 rss: 74Mb L: 47/2109 MS: 1 EraseBytes-
#79802	REDUCE cov: 480 ft: 1745 corp: 596/80Kb lim: 2505 exec/s: 0 rss: 74Mb L: 6/2109 MS: 1 EraseBytes-
#79858	REDUCE cov: 480 ft: 1745 corp: 596/80Kb lim: 2505 exec/s: 0 rss: 74Mb L: 30/2109 MS: 1 EraseBytes-
#81930	REDUCE cov: 480 ft: 1745 corp: 596/80Kb lim: 2516 exec/s: 0 rss: 74Mb L: 118/2109 MS: 2 InsertByte-EraseBytes-
#82076	REDUCE cov: 480 ft: 1745 corp: 596/80Kb lim: 2516 exec/s: 0 rss: 74Mb L: 119/2109 MS: 1 EraseBytes-
#83099	REDUCE cov: 480 ft: 1745 corp: 596/80Kb lim: 2516 exec/s: 0 rss: 74Mb L: 82/2109 MS: 3 ShuffleBytes-ChangeByte-EraseBytes-
#84455	REDUCE cov: 480 ft: 1745 corp: 596/80Kb lim: 2527 exec/s: 0 rss: 74Mb L: 38/2109 MS: 1 EraseBytes-
#84461	REDUCE cov: 480 ft: 1745 corp: 596/80Kb lim: 2527 exec/s: 0 rss: 74Mb L: 47/2109 MS: 1 EraseBytes-
#85272	REDUCE cov: 480 ft: 1745 corp: 596/80Kb lim: 2527 exec/s: 0 rss: 74Mb L: 35/2109 MS: 1 EraseBytes-
#85383	NEW    cov: 480 ft: 1746 corp: 597/80Kb lim: 2527 exec/s: 0 rss: 74Mb L: 39/2109 MS: 1 InsertByte-
#85799	REDUCE cov: 480 ft: 1746 corp: 597/80Kb lim: 2527 exec/s: 0 rss: 74Mb L: 10/2109 MS: 1 EraseBytes-
#86410	REDUCE cov: 480 ft: 1746 corp: 597/80Kb lim: 2527 exec/s: 0 rss: 74Mb L: 29/2109 MS: 1 EraseBytes-
#87881	REDUCE cov: 480 ft: 1746 corp: 597/80Kb lim: 2538 exec/s: 87881 rss: 74Mb L: 104/2109 MS: 1 EraseBytes-
#88140	REDUCE cov: 480 ft: 1746 corp: 597/80Kb lim: 2538 exec/s: 88140 rss: 74Mb L: 17/2109 MS: 4 ChangeBinInt-CMP-EraseBytes-InsertByte- DE: "\000\000"-
#88282	REDUCE cov: 480 ft: 1746 corp: 597/80Kb lim: 2538 exec/s: 88282 rss: 74Mb L: 11/2109 MS: 2 InsertByte-EraseBytes-
#88708	REDUCE cov: 480 ft: 1746 corp: 597/80Kb lim: 2538 exec/s: 88708 rss: 74Mb L: 46/2109 MS: 1 EraseBytes-
#89019	REDUCE cov: 480 ft: 1746 corp: 597/80Kb lim: 2538 exec/s: 89019 rss: 74Mb L: 9/2109 MS: 1 EraseBytes-
#91321	REDUCE cov: 480 ft: 1746 corp: 597/80Kb lim: 2560 exec/s: 91321 rss: 74Mb L: 25/2109 MS: 2 ChangeByte-EraseBytes-
#91468	REDUCE cov: 480 ft: 1746 corp: 597/80Kb lim: 2560 exec/s: 91468 rss: 74Mb L: 641/2109 MS: 2 CopyPart-EraseBytes-
#93199	REDUCE cov: 480 ft: 1746 corp: 597/80Kb lim: 2571 exec/s: 93199 rss: 75Mb L: 71/2109 MS: 2 ChangeByte-EraseBytes-
#93210	REDUCE cov: 480 ft: 1746 corp: 597/80Kb lim: 2571 exec/s: 93210 rss: 75Mb L: 10/2109 MS: 1 EraseBytes-
#93822	REDUCE cov: 480 ft: 1746 corp: 597/80Kb lim: 2571 exec/s: 93822 rss: 75Mb L: 47/2109 MS: 2 ShuffleBytes-EraseBytes-
#94593	REDUCE cov: 480 ft: 1746 corp: 597/80Kb lim: 2571 exec/s: 94593 rss: 75Mb L: 63/2109 MS: 1 EraseBytes-
#95909	REDUCE cov: 480 ft: 1746 corp: 597/80Kb lim: 2582 exec/s: 95909 rss: 75Mb L: 13/2109 MS: 1 EraseBytes-
#96385	REDUCE cov: 480 ft: 1746 corp: 597/80Kb lim: 2582 exec/s: 96385 rss: 75Mb L: 39/2109 MS: 1 EraseBytes-
#96448	REDUCE cov: 480 ft: 1746 corp: 597/80Kb lim: 2582 exec/s: 96448 rss: 75Mb L: 62/2109 MS: 3 CopyPart-ChangeBit-EraseBytes-
#100209	REDUCE cov: 480 ft: 1746 corp: 597/80Kb lim: 2615 exec/s: 100209 rss: 75Mb L: 132/2109 MS: 1 EraseBytes-
#100841	REDUCE cov: 480 ft: 1746 corp: 597/80Kb lim: 2615 exec/s: 100841 rss: 75Mb L: 57/2109 MS: 2 CrossOver-EraseBytes-
#102388	REDUCE cov: 480 ft: 1746 corp: 597/80Kb lim: 2626 exec/s: 102388 rss: 75Mb L: 225/2109 MS: 2 ChangeBit-EraseBytes-
#104121	REDUCE cov: 480 ft: 1746 corp: 597/80Kb lim: 2637 exec/s: 104121 rss: 75Mb L: 163/2109 MS: 3 ChangeASCIIInt-ShuffleBytes-EraseBytes-
#104248	REDUCE cov: 480 ft: 1746 corp: 597/80Kb lim: 2637 exec/s: 104248 rss: 75Mb L: 80/2109 MS: 2 ChangeBit-EraseBytes-
#107980	REDUCE cov: 480 ft: 1746 corp: 597/80Kb lim: 2670 exec/s: 107980 rss: 75Mb L: 10/2109 MS: 2 ChangeBit-EraseBytes-
#108431	REDUCE cov: 480 ft: 1746 corp: 597/80Kb lim: 2670 exec/s: 108431 rss: 75Mb L: 202/2109 MS: 1 EraseBytes-
#108753	REDUCE cov: 480 ft: 1746 corp: 597/80Kb lim: 2670 exec/s: 108753 rss: 75Mb L: 115/2109 MS: 2 ShuffleBytes-EraseBytes-
#111594	REDUCE cov: 480 ft: 1746 corp: 597/80Kb lim: 2692 exec/s: 111594 rss: 75Mb L: 39/2109 MS: 1 EraseBytes-
#112022	REDUCE cov: 480 ft: 1746 corp: 597/80Kb lim: 2692 exec/s: 112022 rss: 75Mb L: 255/2109 MS: 3 CMP-ChangeBit-EraseBytes- DE: ".\000\000\000\000\000\000\000"-
#112358	REDUCE cov: 480 ft: 1746 corp: 597/80Kb lim: 2692 exec/s: 112358 rss: 75Mb L: 117/2109 MS: 1 EraseBytes-
#113254	REDUCE cov: 480 ft: 1746 corp: 597/80Kb lim: 2692 exec/s: 113254 rss: 75Mb L: 9/2109 MS: 1 EraseBytes-
#114945	REDUCE cov: 480 ft: 1746 corp: 597/80Kb lim: 2703 exec/s: 114945 rss: 75Mb L: 149/2109 MS: 1 EraseBytes-
#115091	REDUCE cov: 480 ft: 1746 corp: 597/79Kb lim: 2703 exec/s: 115091 rss: 75Mb L: 1011/2109 MS: 1 EraseBytes-
#115102	REDUCE cov: 480 ft: 1746 corp: 597/79Kb lim: 2703 exec/s: 115102 rss: 75Mb L: 47/2109 MS: 1 EraseBytes-
#115864	REDUCE cov: 480 ft: 1746 corp: 597/79Kb lim: 2703 exec/s: 115864 rss: 75Mb L: 68/2109 MS: 2 ChangeByte-EraseBytes-
#116080	REDUCE cov: 480 ft: 1746 corp: 597/79Kb lim: 2703 exec/s: 116080 rss: 75Mb L: 176/2109 MS: 1 EraseBytes-
#116882	NEW    cov: 480 ft: 1749 corp: 598/80Kb lim: 2703 exec/s: 116882 rss: 75Mb L: 93/2109 MS: 2 InsertRepeatedBytes-CopyPart-
#117185	REDUCE cov: 480 ft: 1749 corp: 598/80Kb lim: 2703 exec/s: 117185 rss: 75Mb L: 43/2109 MS: 3 CMP-PersAutoDict-EraseBytes- DE: "\000\000"-".\000\000\000\000\000\000\000"-
#117441	REDUCE cov: 480 ft: 1749 corp: 598/80Kb lim: 2703 exec/s: 117441 rss: 75Mb L: 69/2109 MS: 1 EraseBytes-
#118032	REDUCE cov: 480 ft: 1749 corp: 598/80Kb lim: 2703 exec/s: 118032 rss: 75Mb L: 259/2109 MS: 1 EraseBytes-
#118038	REDUCE cov: 480 ft: 1749 corp: 598/80Kb lim: 2703 exec/s: 118038 rss: 75Mb L: 38/2109 MS: 1 EraseBytes-
#121000	REDUCE cov: 480 ft: 1749 corp: 598/80Kb lim: 2725 exec/s: 121000 rss: 75Mb L: 6/2109 MS: 2 ShuffleBytes-EraseBytes-
#121264	REDUCE cov: 480 ft: 1749 corp: 598/80Kb lim: 2725 exec/s: 121264 rss: 75Mb L: 87/2109 MS: 4 ChangeBit-InsertByte-InsertByte-EraseBytes-
#121945	REDUCE cov: 480 ft: 1749 corp: 598/80Kb lim: 2725 exec/s: 121945 rss: 75Mb L: 42/2109 MS: 1 EraseBytes-
#124281	REDUCE cov: 480 ft: 1749 corp: 598/80Kb lim: 2747 exec/s: 124281 rss: 75Mb L: 33/2109 MS: 1 EraseBytes-
#126602	REDUCE cov: 480 ft: 1749 corp: 598/80Kb lim: 2769 exec/s: 126602 rss: 75Mb L: 69/2109 MS: 1 EraseBytes-
#126666	REDUCE cov: 480 ft: 1749 corp: 598/80Kb lim: 2769 exec/s: 126666 rss: 75Mb L: 10/2109 MS: 4 ChangeBit-ChangeASCIIInt-ShuffleBytes-EraseBytes-
#128207	REDUCE cov: 480 ft: 1749 corp: 598/80Kb lim: 2780 exec/s: 128207 rss: 75Mb L: 24/2109 MS: 1 EraseBytes-
#130918	NEW    cov: 480 ft: 1750 corp: 599/80Kb lim: 2802 exec/s: 130918 rss: 75Mb L: 424/2109 MS: 1 CopyPart-
#131575	REDUCE cov: 480 ft: 1750 corp: 599/80Kb lim: 2802 exec/s: 131575 rss: 75Mb L: 27/2109 MS: 2 InsertByte-EraseBytes-
#133871	REDUCE cov: 480 ft: 1750 corp: 599/80Kb lim: 2824 exec/s: 133871 rss: 75Mb L: 29/2109 MS: 1 EraseBytes-
#135507	REDUCE cov: 480 ft: 1750 corp: 599/80Kb lim: 2835 exec/s: 135507 rss: 75Mb L: 34/2109 MS: 1 EraseBytes-
#135814	REDUCE cov: 480 ft: 1750 corp: 599/80Kb lim: 2835 exec/s: 135814 rss: 75Mb L: 6/2109 MS: 2 EraseBytes-ShuffleBytes-
#137005	REDUCE cov: 480 ft: 1750 corp: 599/80Kb lim: 2846 exec/s: 137005 rss: 75Mb L: 46/2109 MS: 1 EraseBytes-
#137091	NEW    cov: 481 ft: 1751 corp: 600/80Kb lim: 2846 exec/s: 137091 rss: 75Mb L: 47/2109 MS: 1 InsertByte-
#138067	REDUCE cov: 481 ft: 1751 corp: 600/80Kb lim: 2846 exec/s: 138067 rss: 75Mb L: 118/2109 MS: 1 EraseBytes-
#138928	REDUCE cov: 481 ft: 1751 corp: 600/80Kb lim: 2846 exec/s: 138928 rss: 75Mb L: 34/2109 MS: 1 EraseBytes-
#139919	REDUCE cov: 481 ft: 1751 corp: 600/80Kb lim: 2846 exec/s: 139919 rss: 75Mb L: 42/2109 MS: 1 EraseBytes-
#141055	REDUCE cov: 481 ft: 1751 corp: 600/80Kb lim: 2857 exec/s: 141055 rss: 75Mb L: 132/2109 MS: 1 EraseBytes-
#141451	REDUCE cov: 481 ft: 1751 corp: 600/80Kb lim: 2857 exec/s: 141451 rss: 75Mb L: 60/2109 MS: 1 EraseBytes-
#144397	REDUCE cov: 481 ft: 1751 corp: 600/80Kb lim: 2879 exec/s: 144397 rss: 75Mb L: 403/2109 MS: 1 EraseBytes-
#144763	REDUCE cov: 481 ft: 1751 corp: 600/80Kb lim: 2879 exec/s: 144763 rss: 75Mb L: 227/2109 MS: 1 EraseBytes-
#144879	REDUCE cov: 481 ft: 1751 corp: 600/80Kb lim: 2879 exec/s: 144879 rss: 75Mb L: 88/2109 MS: 1 EraseBytes-
#145505	REDUCE cov: 481 ft: 1751 corp: 600/80Kb lim: 2879 exec/s: 145505 rss: 75Mb L: 19/2109 MS: 1 EraseBytes-
#147141	REDUCE cov: 481 ft: 1751 corp: 600/80Kb lim: 2890 exec/s: 147141 rss: 75Mb L: 103/2109 MS: 1 EraseBytes-
#147842	REDUCE cov: 481 ft: 1751 corp: 600/80Kb lim: 2890 exec/s: 147842 rss: 75Mb L: 419/2109 MS: 1 EraseBytes-
#150523	REDUCE cov: 481 ft: 1751 corp: 600/80Kb lim: 2912 exec/s: 150523 rss: 75Mb L: 13/2109 MS: 1 EraseBytes-
#152529	REDUCE cov: 481 ft: 1751 corp: 600/80Kb lim: 2923 exec/s: 152529 rss: 75Mb L: 280/2109 MS: 1 EraseBytes-
#152981	REDUCE cov: 481 ft: 1751 corp: 600/80Kb lim: 2923 exec/s: 152981 rss: 75Mb L: 56/2109 MS: 2 InsertRepeatedBytes-EraseBytes-
#156407	REDUCE cov: 481 ft: 1751 corp: 600/80Kb lim: 2956 exec/s: 156407 rss: 75Mb L: 56/2109 MS: 1 EraseBytes-
#157094	REDUCE cov: 481 ft: 1751 corp: 600/80Kb lim: 2956 exec/s: 157094 rss: 75Mb L: 8/2109 MS: 2 ChangeByte-EraseBytes-
#157280	REDUCE cov: 481 ft: 1751 corp: 600/80Kb lim: 2956 exec/s: 157280 rss: 75Mb L: 61/2109 MS: 1 EraseBytes-
#158304	REDUCE cov: 481 ft: 1751 corp: 600/80Kb lim: 2956 exec/s: 158304 rss: 75Mb L: 166/2109 MS: 4 ChangeBit-ChangeASCIIInt-PersAutoDict-EraseBytes- DE: "\000\000"-
#159425	REDUCE cov: 481 ft: 1751 corp: 600/80Kb lim: 2967 exec/s: 159425 rss: 75Mb L: 90/2109 MS: 1 EraseBytes-
#161021	REDUCE cov: 481 ft: 1751 corp: 600/80Kb lim: 2978 exec/s: 161021 rss: 75Mb L: 31/2109 MS: 1 EraseBytes-
#164952	REDUCE cov: 481 ft: 1751 corp: 600/80Kb lim: 3011 exec/s: 164952 rss: 75Mb L: 516/2109 MS: 1 EraseBytes-
#166758	REDUCE cov: 481 ft: 1751 corp: 600/80Kb lim: 3022 exec/s: 166758 rss: 75Mb L: 317/2109 MS: 1 EraseBytes-
#167289	REDUCE cov: 481 ft: 1751 corp: 600/80Kb lim: 3022 exec/s: 167289 rss: 75Mb L: 120/2109 MS: 1 EraseBytes-
#167340	REDUCE cov: 481 ft: 1751 corp: 600/80Kb lim: 3022 exec/s: 167340 rss: 75Mb L: 614/2109 MS: 1 EraseBytes-
#168366	REDUCE cov: 481 ft: 1751 corp: 600/80Kb lim: 3022 exec/s: 168366 rss: 75Mb L: 64/2109 MS: 1 EraseBytes-
#169762	REDUCE cov: 481 ft: 1751 corp: 600/80Kb lim: 3033 exec/s: 169762 rss: 75Mb L: 63/2109 MS: 1 EraseBytes-
#170793	REDUCE cov: 481 ft: 1751 corp: 600/80Kb lim: 3033 exec/s: 170793 rss: 75Mb L: 7/2109 MS: 1 EraseBytes-
#171176	REDUCE cov: 481 ft: 1751 corp: 600/80Kb lim: 3033 exec/s: 171176 rss: 75Mb L: 60/2109 MS: 3 ShuffleBytes-InsertByte-EraseBytes-
#172802	REDUCE cov: 481 ft: 1751 corp: 600/80Kb lim: 3044 exec/s: 86401 rss: 75Mb L: 98/2109 MS: 1 EraseBytes-
#176283	REDUCE cov: 481 ft: 1751 corp: 600/80Kb lim: 3077 exec/s: 88141 rss: 75Mb L: 56/2109 MS: 1 EraseBytes-
#176454	REDUCE cov: 481 ft: 1751 corp: 600/80Kb lim: 3077 exec/s: 88227 rss: 75Mb L: 22/2109 MS: 1 EraseBytes-
#179952	REDUCE cov: 481 ft: 1751 corp: 600/80Kb lim: 3110 exec/s: 89976 rss: 76Mb L: 147/2109 MS: 3 ChangeByte-PersAutoDict-EraseBytes- DE: ".\000\000\000\000\000\000\000"-
#180838	REDUCE cov: 481 ft: 1751 corp: 600/80Kb lim: 3110 exec/s: 90419 rss: 76Mb L: 84/2109 MS: 1 EraseBytes-
#181189	REDUCE cov: 481 ft: 1751 corp: 600/80Kb lim: 3110 exec/s: 90594 rss: 76Mb L: 48/2109 MS: 1 EraseBytes-
#181725	REDUCE cov: 481 ft: 1751 corp: 600/80Kb lim: 3110 exec/s: 90862 rss: 76Mb L: 40/2109 MS: 1 EraseBytes-
#183406	REDUCE cov: 481 ft: 1751 corp: 600/80Kb lim: 3121 exec/s: 91703 rss: 76Mb L: 104/2109 MS: 1 EraseBytes-
#184507	REDUCE cov: 481 ft: 1751 corp: 600/80Kb lim: 3121 exec/s: 92253 rss: 76Mb L: 128/2109 MS: 1 EraseBytes-
#185468	REDUCE cov: 481 ft: 1751 corp: 600/80Kb lim: 3121 exec/s: 92734 rss: 76Mb L: 11/2109 MS: 1 EraseBytes-
#187735	REDUCE cov: 481 ft: 1751 corp: 600/80Kb lim: 3143 exec/s: 93867 rss: 76Mb L: 127/2109 MS: 2 ChangeBit-EraseBytes-
#191581	REDUCE cov: 481 ft: 1751 corp: 600/80Kb lim: 3176 exec/s: 95790 rss: 76Mb L: 47/2109 MS: 1 EraseBytes-
#191908	REDUCE cov: 481 ft: 1751 corp: 600/80Kb lim: 3176 exec/s: 95954 rss: 76Mb L: 28/2109 MS: 2 InsertByte-EraseBytes-
#191974	REDUCE cov: 481 ft: 1751 corp: 600/80Kb lim: 3176 exec/s: 95987 rss: 76Mb L: 12/2109 MS: 1 EraseBytes-
#192898	REDUCE cov: 481 ft: 1751 corp: 600/80Kb lim: 3176 exec/s: 96449 rss: 76Mb L: 48/2109 MS: 4 ChangeBinInt-InsertByte-CMP-EraseBytes- DE: "\001\000{;fF\001\200"-
#193694	REDUCE cov: 481 ft: 1751 corp: 600/80Kb lim: 3176 exec/s: 96847 rss: 76Mb L: 22/2109 MS: 1 EraseBytes-
#194550	REDUCE cov: 481 ft: 1751 corp: 600/80Kb lim: 3176 exec/s: 97275 rss: 76Mb L: 28/2109 MS: 1 EraseBytes-
#195061	REDUCE cov: 481 ft: 1751 corp: 600/80Kb lim: 3176 exec/s: 97530 rss: 76Mb L: 28/2109 MS: 1 EraseBytes-
#200002	REDUCE cov: 481 ft: 1751 corp: 600/80Kb lim: 3220 exec/s: 100001 rss: 76Mb L: 53/2109 MS: 1 EraseBytes-
#202293	REDUCE cov: 481 ft: 1751 corp: 600/80Kb lim: 3242 exec/s: 101146 rss: 76Mb L: 54/2109 MS: 1 EraseBytes-
#203214	REDUCE cov: 481 ft: 1751 corp: 600/80Kb lim: 3242 exec/s: 101607 rss: 76Mb L: 76/2109 MS: 1 EraseBytes-
#204003	REDUCE cov: 481 ft: 1751 corp: 600/80Kb lim: 3242 exec/s: 102001 rss: 76Mb L: 1322/2109 MS: 4 ChangeByte-ChangeASCIIInt-ChangeByte-EraseBytes-
#206645	REDUCE cov: 481 ft: 1751 corp: 600/80Kb lim: 3264 exec/s: 103322 rss: 76Mb L: 478/2109 MS: 2 ShuffleBytes-EraseBytes-
#208381	REDUCE cov: 481 ft: 1751 corp: 600/80Kb lim: 3275 exec/s: 104190 rss: 76Mb L: 556/2109 MS: 1 EraseBytes-
#209812	REDUCE cov: 481 ft: 1751 corp: 600/80Kb lim: 3286 exec/s: 104906 rss: 76Mb L: 7/2109 MS: 1 EraseBytes-
#210114	REDUCE cov: 481 ft: 1751 corp: 600/80Kb lim: 3286 exec/s: 105057 rss: 76Mb L: 42/2109 MS: 2 InsertByte-EraseBytes-
#210690	REDUCE cov: 481 ft: 1751 corp: 600/80Kb lim: 3286 exec/s: 105345 rss: 76Mb L: 24/2109 MS: 1 EraseBytes-
#211021	REDUCE cov: 481 ft: 1751 corp: 600/80Kb lim: 3286 exec/s: 105510 rss: 76Mb L: 85/2109 MS: 1 EraseBytes-
#212742	REDUCE cov: 481 ft: 1751 corp: 600/80Kb lim: 3297 exec/s: 106371 rss: 76Mb L: 47/2109 MS: 1 EraseBytes-
#217314	REDUCE cov: 481 ft: 1751 corp: 600/80Kb lim: 3341 exec/s: 108657 rss: 76Mb L: 60/2109 MS: 2 ShuffleBytes-EraseBytes-
#220505	REDUCE cov: 481 ft: 1751 corp: 600/80Kb lim: 3363 exec/s: 110252 rss: 76Mb L: 61/2109 MS: 1 EraseBytes-
#224066	REDUCE cov: 481 ft: 1751 corp: 600/80Kb lim: 3396 exec/s: 112033 rss: 76Mb L: 99/2109 MS: 1 EraseBytes-
#226512	REDUCE cov: 481 ft: 1751 corp: 600/80Kb lim: 3418 exec/s: 113256 rss: 76Mb L: 377/2109 MS: 1 EraseBytes-
#227678	REDUCE cov: 481 ft: 1751 corp: 600/80Kb lim: 3429 exec/s: 113839 rss: 76Mb L: 32/2109 MS: 1 EraseBytes-
#228975	REDUCE cov: 481 ft: 1751 corp: 600/80Kb lim: 3440 exec/s: 114487 rss: 76Mb L: 67/2109 MS: 2 PersAutoDict-EraseBytes- DE: "\377\377\377\377\377\377\377o"-
#229736	REDUCE cov: 481 ft: 1751 corp: 600/80Kb lim: 3440 exec/s: 114868 rss: 76Mb L: 1500/2109 MS: 1 EraseBytes-
#231007	REDUCE cov: 481 ft: 1751 corp: 600/80Kb lim: 3451 exec/s: 115503 rss: 76Mb L: 74/2109 MS: 1 EraseBytes-
#231853	REDUCE cov: 481 ft: 1751 corp: 600/80Kb lim: 3451 exec/s: 115926 rss: 76Mb L: 136/2109 MS: 1 EraseBytes-
#232383	REDUCE cov: 481 ft: 1751 corp: 600/80Kb lim: 3451 exec/s: 116191 rss: 76Mb L: 597/2109 MS: 5 ChangeBit-ChangeByte-ChangeByte-ChangeBit-EraseBytes-
#232574	REDUCE cov: 481 ft: 1751 corp: 600/79Kb lim: 3451 exec/s: 116287 rss: 76Mb L: 195/2109 MS: 1 EraseBytes-
#234825	REDUCE cov: 481 ft: 1751 corp: 600/79Kb lim: 3473 exec/s: 117412 rss: 76Mb L: 48/2109 MS: 1 EraseBytes-
#235606	REDUCE cov: 481 ft: 1751 corp: 600/79Kb lim: 3473 exec/s: 117803 rss: 76Mb L: 66/2109 MS: 1 EraseBytes-
#236467	REDUCE cov: 481 ft: 1751 corp: 600/79Kb lim: 3473 exec/s: 118233 rss: 76Mb L: 74/2109 MS: 1 EraseBytes-
#238333	REDUCE cov: 481 ft: 1751 corp: 600/79Kb lim: 3484 exec/s: 119166 rss: 76Mb L: 72/2109 MS: 1 EraseBytes-
#238419	REDUCE cov: 481 ft: 1751 corp: 600/79Kb lim: 3484 exec/s: 119209 rss: 76Mb L: 104/2109 MS: 1 EraseBytes-
#239685	REDUCE cov: 481 ft: 1751 corp: 600/79Kb lim: 3495 exec/s: 119842 rss: 76Mb L: 144/2109 MS: 1 EraseBytes-
#241248	REDUCE cov: 481 ft: 1751 corp: 600/79Kb lim: 3506 exec/s: 120624 rss: 76Mb L: 9/2109 MS: 3 InsertByte-EraseBytes-EraseBytes-
#242109	REDUCE cov: 481 ft: 1751 corp: 600/79Kb lim: 3506 exec/s: 121054 rss: 76Mb L: 68/2109 MS: 1 EraseBytes-
#242771	REDUCE cov: 481 ft: 1751 corp: 600/79Kb lim: 3506 exec/s: 121385 rss: 76Mb L: 56/2109 MS: 2 ChangeBit-EraseBytes-
#243167	REDUCE cov: 481 ft: 1751 corp: 600/79Kb lim: 3506 exec/s: 121583 rss: 76Mb L: 20/2109 MS: 1 EraseBytes-
#244088	REDUCE cov: 481 ft: 1751 corp: 600/79Kb lim: 3506 exec/s: 122044 rss: 76Mb L: 35/2109 MS: 1 EraseBytes-
#246774	REDUCE cov: 481 ft: 1751 corp: 600/79Kb lim: 3528 exec/s: 123387 rss: 76Mb L: 26/2109 MS: 1 EraseBytes-
#247431	REDUCE cov: 481 ft: 1751 corp: 600/79Kb lim: 3528 exec/s: 123715 rss: 76Mb L: 26/2109 MS: 2 CrossOver-EraseBytes-
#247627	REDUCE cov: 481 ft: 1751 corp: 600/79Kb lim: 3528 exec/s: 123813 rss: 76Mb L: 70/2109 MS: 1 EraseBytes-
#248992	REDUCE cov: 481 ft: 1751 corp: 600/79Kb lim: 3539 exec/s: 124496 rss: 76Mb L: 89/2109 MS: 5 InsertByte-CMP-InsertByte-ChangeBit-EraseBytes- DE: "\000\000"-
#249674	REDUCE cov: 481 ft: 1751 corp: 600/79Kb lim: 3539 exec/s: 124837 rss: 76Mb L: 53/2109 MS: 2 ChangeByte-EraseBytes-
#249722	REDUCE cov: 481 ft: 1751 corp: 600/79Kb lim: 3539 exec/s: 124861 rss: 76Mb L: 28/2109 MS: 3 ChangeByte-CrossOver-EraseBytes-
#250493	REDUCE cov: 481 ft: 1751 corp: 600/79Kb lim: 3539 exec/s: 125246 rss: 76Mb L: 83/2109 MS: 1 EraseBytes-
#251089	REDUCE cov: 481 ft: 1751 corp: 600/79Kb lim: 3539 exec/s: 125544 rss: 76Mb L: 57/2109 MS: 1 EraseBytes-
#251136	REDUCE cov: 481 ft: 1751 corp: 600/79Kb lim: 3539 exec/s: 125568 rss: 76Mb L: 1416/2109 MS: 2 CopyPart-EraseBytes-
#251207	REDUCE cov: 481 ft: 1751 corp: 600/79Kb lim: 3539 exec/s: 125603 rss: 76Mb L: 86/2109 MS: 1 EraseBytes-
#251298	REDUCE cov: 481 ft: 1751 corp: 600/79Kb lim: 3539 exec/s: 125649 rss: 76Mb L: 50/2109 MS: 1 EraseBytes-
#253864	REDUCE cov: 481 ft: 1751 corp: 600/79Kb lim: 3561 exec/s: 126932 rss: 76Mb L: 316/2109 MS: 1 EraseBytes-
#254940	REDUCE cov: 481 ft: 1752 corp: 601/79Kb lim: 3561 exec/s: 127470 rss: 76Mb L: 123/2109 MS: 1 CopyPart-
#255177	REDUCE cov: 481 ft: 1752 corp: 601/79Kb lim: 3561 exec/s: 127588 rss: 76Mb L: 135/2109 MS: 2 ChangeByte-EraseBytes-
#256358	REDUCE cov: 481 ft: 1752 corp: 601/79Kb lim: 3572 exec/s: 128179 rss: 76Mb L: 268/2109 MS: 1 EraseBytes-
#258029	REDUCE cov: 481 ft: 1752 corp: 601/79Kb lim: 3583 exec/s: 129014 rss: 76Mb L: 14/2109 MS: 1 EraseBytes-
#261145	REDUCE cov: 481 ft: 1752 corp: 601/79Kb lim: 3605 exec/s: 130572 rss: 76Mb L: 87/2109 MS: 1 EraseBytes-
#261331	REDUCE cov: 481 ft: 1752 corp: 601/79Kb lim: 3605 exec/s: 130665 rss: 76Mb L: 557/2109 MS: 1 EraseBytes-
#261612	REDUCE cov: 481 ft: 1752 corp: 601/79Kb lim: 3605 exec/s: 130806 rss: 76Mb L: 52/2109 MS: 1 EraseBytes-
#262144	pulse  cov: 481 ft: 1752 corp: 601/79Kb lim: 3605 exec/s: 131072 rss: 76Mb
#262308	REDUCE cov: 481 ft: 1752 corp: 601/79Kb lim: 3605 exec/s: 131154 rss: 76Mb L: 162/2109 MS: 1 EraseBytes-
#263969	REDUCE cov: 481 ft: 1752 corp: 601/79Kb lim: 3616 exec/s: 131984 rss: 76Mb L: 70/2109 MS: 1 EraseBytes-
#265542	REDUCE cov: 481 ft: 1752 corp: 601/79Kb lim: 3627 exec/s: 132771 rss: 76Mb L: 97/2109 MS: 3 ChangeByte-ChangeBit-EraseBytes-
#265734	REDUCE cov: 481 ft: 1752 corp: 601/79Kb lim: 3627 exec/s: 132867 rss: 76Mb L: 47/2109 MS: 2 ChangeBit-EraseBytes-
#266015	REDUCE cov: 481 ft: 1752 corp: 601/79Kb lim: 3627 exec/s: 133007 rss: 76Mb L: 17/2109 MS: 1 EraseBytes-
#267111	REDUCE cov: 481 ft: 1752 corp: 601/79Kb lim: 3627 exec/s: 133555 rss: 76Mb L: 42/2109 MS: 1 EraseBytes-
#267732	REDUCE cov: 481 ft: 1752 corp: 601/79Kb lim: 3627 exec/s: 133866 rss: 76Mb L: 258/2109 MS: 1 EraseBytes-
#267753	REDUCE cov: 481 ft: 1752 corp: 601/79Kb lim: 3627 exec/s: 133876 rss: 76Mb L: 72/2109 MS: 1 EraseBytes-
#268229	REDUCE cov: 481 ft: 1752 corp: 601/79Kb lim: 3627 exec/s: 134114 rss: 76Mb L: 175/2109 MS: 1 EraseBytes-
#272665	REDUCE cov: 481 ft: 1752 corp: 601/79Kb lim: 3671 exec/s: 136332 rss: 76Mb L: 80/2109 MS: 1 EraseBytes-
#272696	REDUCE cov: 481 ft: 1752 corp: 601/79Kb lim: 3671 exec/s: 136348 rss: 76Mb L: 101/2109 MS: 1 EraseBytes-
#272728	REDUCE cov: 481 ft: 1752 corp: 601/79Kb lim: 3671 exec/s: 136364 rss: 76Mb L: 13/2109 MS: 2 InsertByte-EraseBytes-
#273364	REDUCE cov: 481 ft: 1752 corp: 601/79Kb lim: 3671 exec/s: 136682 rss: 76Mb L: 11/2109 MS: 1 EraseBytes-
#275137	REDUCE cov: 481 ft: 1752 corp: 601/79Kb lim: 3682 exec/s: 137568 rss: 76Mb L: 352/2109 MS: 3 CopyPart-ChangeBit-EraseBytes-
#275333	REDUCE cov: 481 ft: 1752 corp: 601/79Kb lim: 3682 exec/s: 137666 rss: 76Mb L: 51/2109 MS: 1 EraseBytes-
#275469	REDUCE cov: 481 ft: 1752 corp: 601/79Kb lim: 3682 exec/s: 137734 rss: 76Mb L: 32/2109 MS: 1 EraseBytes-
#276535	REDUCE cov: 481 ft: 1752 corp: 601/79Kb lim: 3682 exec/s: 138267 rss: 76Mb L: 43/2109 MS: 1 EraseBytes-
#278251	REDUCE cov: 481 ft: 1752 corp: 601/79Kb lim: 3693 exec/s: 139125 rss: 76Mb L: 121/2109 MS: 1 EraseBytes-
#279393	REDUCE cov: 481 ft: 1752 corp: 601/79Kb lim: 3704 exec/s: 139696 rss: 76Mb L: 11/2109 MS: 2 InsertByte-EraseBytes-
#279530	REDUCE cov: 481 ft: 1752 corp: 601/79Kb lim: 3704 exec/s: 139765 rss: 76Mb L: 771/2109 MS: 2 ChangeBit-EraseBytes-
#280581	REDUCE cov: 481 ft: 1752 corp: 601/79Kb lim: 3704 exec/s: 140290 rss: 76Mb L: 42/2109 MS: 1 EraseBytes-
#281064	REDUCE cov: 481 ft: 1752 corp: 601/79Kb lim: 3704 exec/s: 140532 rss: 76Mb L: 67/2109 MS: 3 CopyPart-EraseBytes-EraseBytes-
#281145	REDUCE cov: 481 ft: 1752 corp: 601/79Kb lim: 3704 exec/s: 93715 rss: 76Mb L: 32/2109 MS: 1 EraseBytes-
#283036	REDUCE cov: 481 ft: 1752 corp: 601/79Kb lim: 3715 exec/s: 94345 rss: 76Mb L: 64/2109 MS: 1 EraseBytes-
#284688	REDUCE cov: 481 ft: 1752 corp: 601/79Kb lim: 3726 exec/s: 94896 rss: 76Mb L: 2106/2106 MS: 2 ChangeBit-EraseBytes-
#284816	REDUCE cov: 481 ft: 1752 corp: 601/79Kb lim: 3726 exec/s: 94938 rss: 76Mb L: 691/2106 MS: 3 ChangeASCIIInt-ChangeBinInt-EraseBytes-
#285582	REDUCE cov: 481 ft: 1752 corp: 601/79Kb lim: 3726 exec/s: 95194 rss: 76Mb L: 92/2106 MS: 1 EraseBytes-
#287830	REDUCE cov: 481 ft: 1752 corp: 601/79Kb lim: 3748 exec/s: 95943 rss: 76Mb L: 108/2106 MS: 3 ChangeBinInt-InsertByte-EraseBytes-
#287951	REDUCE cov: 481 ft: 1752 corp: 601/79Kb lim: 3748 exec/s: 95983 rss: 76Mb L: 656/2106 MS: 1 EraseBytes-
#288107	REDUCE cov: 481 ft: 1752 corp: 601/79Kb lim: 3748 exec/s: 96035 rss: 76Mb L: 72/2106 MS: 1 EraseBytes-
#289869	REDUCE cov: 481 ft: 1752 corp: 601/79Kb lim: 3759 exec/s: 96623 rss: 76Mb L: 10/2106 MS: 2 ShuffleBytes-EraseBytes-
#290905	REDUCE cov: 481 ft: 1752 corp: 601/79Kb lim: 3759 exec/s: 96968 rss: 76Mb L: 75/2106 MS: 1 EraseBytes-
#290931	REDUCE cov: 481 ft: 1752 corp: 601/79Kb lim: 3759 exec/s: 96977 rss: 76Mb L: 81/2106 MS: 1 EraseBytes-
#292643	REDUCE cov: 481 ft: 1752 corp: 601/79Kb lim: 3770 exec/s: 97547 rss: 76Mb L: 235/2106 MS: 2 InsertByte-EraseBytes-
#294418	REDUCE cov: 481 ft: 1752 corp: 601/79Kb lim: 3781 exec/s: 98139 rss: 77Mb L: 9/2106 MS: 1 EraseBytes-
#296440	REDUCE cov: 481 ft: 1752 corp: 601/79Kb lim: 3792 exec/s: 98813 rss: 77Mb L: 677/2106 MS: 2 ChangeBit-EraseBytes-
#296816	REDUCE cov: 481 ft: 1752 corp: 601/79Kb lim: 3792 exec/s: 98938 rss: 77Mb L: 39/2106 MS: 1 EraseBytes-
#298199	REDUCE cov: 481 ft: 1755 corp: 602/79Kb lim: 3803 exec/s: 99399 rss: 77Mb L: 64/2106 MS: 3 ChangeByte-CopyPart-EraseBytes-
#299625	REDUCE cov: 481 ft: 1755 corp: 602/79Kb lim: 3814 exec/s: 99875 rss: 77Mb L: 51/2106 MS: 1 EraseBytes-
#301043	REDUCE cov: 481 ft: 1755 corp: 602/79Kb lim: 3825 exec/s: 100347 rss: 77Mb L: 45/2106 MS: 3 InsertByte-ShuffleBytes-EraseBytes-
#301544	REDUCE cov: 481 ft: 1755 corp: 602/79Kb lim: 3825 exec/s: 100514 rss: 77Mb L: 10/2106 MS: 1 EraseBytes-
#301675	REDUCE cov: 481 ft: 1755 corp: 602/79Kb lim: 3825 exec/s: 100558 rss: 77Mb L: 9/2106 MS: 1 EraseBytes-
#304686	REDUCE cov: 481 ft: 1755 corp: 602/79Kb lim: 3847 exec/s: 101562 rss: 77Mb L: 102/2106 MS: 1 EraseBytes-
#306442	REDUCE cov: 481 ft: 1755 corp: 602/79Kb lim: 3858 exec/s: 102147 rss: 77Mb L: 39/2106 MS: 1 EraseBytes-
#307118	REDUCE cov: 481 ft: 1755 corp: 602/79Kb lim: 3858 exec/s: 102372 rss: 77Mb L: 30/2106 MS: 1 EraseBytes-
#307129	REDUCE cov: 481 ft: 1755 corp: 602/79Kb lim: 3858 exec/s: 102376 rss: 77Mb L: 196/2106 MS: 1 EraseBytes-
#307305	REDUCE cov: 481 ft: 1755 corp: 602/79Kb lim: 3858 exec/s: 102435 rss: 77Mb L: 115/2106 MS: 1 EraseBytes-
#307316	REDUCE cov: 481 ft: 1755 corp: 602/79Kb lim: 3858 exec/s: 102438 rss: 77Mb L: 107/2106 MS: 1 EraseBytes-
#307787	REDUCE cov: 481 ft: 1755 corp: 602/79Kb lim: 3858 exec/s: 102595 rss: 77Mb L: 41/2106 MS: 1 EraseBytes-
#308898	REDUCE cov: 481 ft: 1755 corp: 602/79Kb lim: 3869 exec/s: 102966 rss: 77Mb L: 48/2106 MS: 1 EraseBytes-
#309578	REDUCE cov: 481 ft: 1755 corp: 602/79Kb lim: 3869 exec/s: 103192 rss: 77Mb L: 199/2106 MS: 5 InsertByte-ChangeBinInt-InsertByte-ChangeBinInt-EraseBytes-
#309839	REDUCE cov: 481 ft: 1755 corp: 602/79Kb lim: 3869 exec/s: 103279 rss: 77Mb L: 201/2106 MS: 1 EraseBytes-
#311146	REDUCE cov: 481 ft: 1755 corp: 602/79Kb lim: 3880 exec/s: 103715 rss: 77Mb L: 50/2106 MS: 2 ShuffleBytes-EraseBytes-
#311777	REDUCE cov: 481 ft: 1755 corp: 602/79Kb lim: 3880 exec/s: 103925 rss: 77Mb L: 639/2106 MS: 1 EraseBytes-
#314388	REDUCE cov: 481 ft: 1755 corp: 602/79Kb lim: 3902 exec/s: 104796 rss: 77Mb L: 211/2106 MS: 1 EraseBytes-
#314919	REDUCE cov: 481 ft: 1755 corp: 602/79Kb lim: 3902 exec/s: 104973 rss: 77Mb L: 70/2106 MS: 1 EraseBytes-
#315290	REDUCE cov: 481 ft: 1755 corp: 602/79Kb lim: 3902 exec/s: 105096 rss: 77Mb L: 51/2106 MS: 1 EraseBytes-
#315876	REDUCE cov: 481 ft: 1755 corp: 602/79Kb lim: 3902 exec/s: 105292 rss: 77Mb L: 40/2106 MS: 1 EraseBytes-
#316797	REDUCE cov: 481 ft: 1755 corp: 602/79Kb lim: 3902 exec/s: 105599 rss: 77Mb L: 26/2106 MS: 1 EraseBytes-
#318698	REDUCE cov: 481 ft: 1755 corp: 602/79Kb lim: 3913 exec/s: 106232 rss: 77Mb L: 64/2106 MS: 1 EraseBytes-
#319449	REDUCE cov: 481 ft: 1755 corp: 602/79Kb lim: 3913 exec/s: 106483 rss: 77Mb L: 49/2106 MS: 1 EraseBytes-
#320770	REDUCE cov: 481 ft: 1755 corp: 602/79Kb lim: 3924 exec/s: 106923 rss: 77Mb L: 145/2106 MS: 1 EraseBytes-
#322741	REDUCE cov: 481 ft: 1755 corp: 602/79Kb lim: 3935 exec/s: 107580 rss: 77Mb L: 68/2106 MS: 1 EraseBytes-
#324667	REDUCE cov: 481 ft: 1755 corp: 602/79Kb lim: 3946 exec/s: 108222 rss: 77Mb L: 242/2106 MS: 1 EraseBytes-
#328873	REDUCE cov: 481 ft: 1755 corp: 602/79Kb lim: 3979 exec/s: 109624 rss: 77Mb L: 27/2106 MS: 1 EraseBytes-
#331215	REDUCE cov: 481 ft: 1755 corp: 602/79Kb lim: 4001 exec/s: 110405 rss: 77Mb L: 180/2106 MS: 2 ShuffleBytes-EraseBytes-
#332277	REDUCE cov: 481 ft: 1755 corp: 602/79Kb lim: 4001 exec/s: 110759 rss: 77Mb L: 189/2106 MS: 2 InsertByte-EraseBytes-
#332934	REDUCE cov: 481 ft: 1755 corp: 602/79Kb lim: 4001 exec/s: 110978 rss: 77Mb L: 19/2106 MS: 2 ChangeBinInt-EraseBytes-
#334051	REDUCE cov: 481 ft: 1755 corp: 602/79Kb lim: 4012 exec/s: 111350 rss: 77Mb L: 85/2106 MS: 2 ChangeByte-EraseBytes-
#335578	REDUCE cov: 481 ft: 1755 corp: 602/79Kb lim: 4023 exec/s: 111859 rss: 77Mb L: 419/2106 MS: 2 ChangeASCIIInt-EraseBytes-
#338714	REDUCE cov: 481 ft: 1755 corp: 602/79Kb lim: 4045 exec/s: 112904 rss: 77Mb L: 5/2106 MS: 1 EraseBytes-
#339110	REDUCE cov: 481 ft: 1755 corp: 602/79Kb lim: 4045 exec/s: 113036 rss: 77Mb L: 76/2106 MS: 1 EraseBytes-
#340011	REDUCE cov: 481 ft: 1755 corp: 602/79Kb lim: 4045 exec/s: 113337 rss: 77Mb L: 74/2106 MS: 1 EraseBytes-
#340483	REDUCE cov: 481 ft: 1755 corp: 602/79Kb lim: 4045 exec/s: 113494 rss: 77Mb L: 136/2106 MS: 2 ChangeBinInt-EraseBytes-
#341439	REDUCE cov: 481 ft: 1755 corp: 602/79Kb lim: 4045 exec/s: 113813 rss: 77Mb L: 202/2106 MS: 1 EraseBytes-
#341735	REDUCE cov: 481 ft: 1755 corp: 602/79Kb lim: 4045 exec/s: 113911 rss: 77Mb L: 50/2106 MS: 1 EraseBytes-
#342601	REDUCE cov: 481 ft: 1755 corp: 602/79Kb lim: 4045 exec/s: 114200 rss: 77Mb L: 124/2106 MS: 1 EraseBytes-
#343352	REDUCE cov: 481 ft: 1755 corp: 602/79Kb lim: 4045 exec/s: 114450 rss: 77Mb L: 52/2106 MS: 1 EraseBytes-
#344533	REDUCE cov: 481 ft: 1755 corp: 602/79Kb lim: 4056 exec/s: 114844 rss: 77Mb L: 223/2106 MS: 1 EraseBytes-
#344585	REDUCE cov: 481 ft: 1755 corp: 602/79Kb lim: 4056 exec/s: 114861 rss: 77Mb L: 117/2106 MS: 2 ChangeBit-EraseBytes-
#345566	REDUCE cov: 481 ft: 1755 corp: 602/79Kb lim: 4056 exec/s: 115188 rss: 77Mb L: 118/2106 MS: 1 EraseBytes-
#347062	REDUCE cov: 481 ft: 1755 corp: 602/79Kb lim: 4067 exec/s: 115687 rss: 77Mb L: 38/2106 MS: 1 EraseBytes-
#347228	REDUCE cov: 481 ft: 1755 corp: 602/79Kb lim: 4067 exec/s: 115742 rss: 77Mb L: 37/2106 MS: 1 EraseBytes-
#350099	REDUCE cov: 481 ft: 1755 corp: 602/79Kb lim: 4089 exec/s: 116699 rss: 77Mb L: 126/2106 MS: 1 EraseBytes-
#352242	REDUCE cov: 481 ft: 1755 corp: 602/79Kb lim: 4100 exec/s: 117414 rss: 77Mb L: 31/2106 MS: 3 CrossOver-ChangeByte-EraseBytes-
#357249	REDUCE cov: 481 ft: 1755 corp: 602/79Kb lim: 4148 exec/s: 119083 rss: 77Mb L: 131/2106 MS: 2 CrossOver-EraseBytes-
#357845	REDUCE cov: 481 ft: 1755 corp: 602/79Kb lim: 4148 exec/s: 119281 rss: 77Mb L: 51/2106 MS: 1 EraseBytes-
#358716	REDUCE cov: 481 ft: 1755 corp: 602/79Kb lim: 4148 exec/s: 119572 rss: 77Mb L: 21/2106 MS: 1 EraseBytes-
#364294	REDUCE cov: 481 ft: 1755 corp: 602/79Kb lim: 4196 exec/s: 121431 rss: 77Mb L: 323/2106 MS: 3 ChangeBit-ChangeASCIIInt-EraseBytes-
#364495	REDUCE cov: 481 ft: 1755 corp: 602/79Kb lim: 4196 exec/s: 121498 rss: 77Mb L: 29/2106 MS: 1 EraseBytes-
#364926	REDUCE cov: 481 ft: 1755 corp: 602/79Kb lim: 4196 exec/s: 121642 rss: 77Mb L: 6/2106 MS: 1 EraseBytes-
#365512	REDUCE cov: 481 ft: 1755 corp: 602/79Kb lim: 4196 exec/s: 121837 rss: 77Mb L: 24/2106 MS: 1 EraseBytes-
#368468	REDUCE cov: 481 ft: 1755 corp: 602/79Kb lim: 4220 exec/s: 122822 rss: 77Mb L: 58/2106 MS: 1 EraseBytes-
#369429	REDUCE cov: 481 ft: 1755 corp: 602/79Kb lim: 4220 exec/s: 123143 rss: 77Mb L: 17/2106 MS: 1 EraseBytes-
#370670	REDUCE cov: 481 ft: 1755 corp: 602/79Kb lim: 4232 exec/s: 123556 rss: 77Mb L: 28/2106 MS: 1 EraseBytes-
#371561	REDUCE cov: 481 ft: 1755 corp: 602/79Kb lim: 4232 exec/s: 123853 rss: 77Mb L: 54/2106 MS: 1 EraseBytes-
#371667	REDUCE cov: 481 ft: 1755 corp: 602/79Kb lim: 4232 exec/s: 123889 rss: 77Mb L: 25/2106 MS: 1 EraseBytes-
#372308	REDUCE cov: 481 ft: 1755 corp: 602/79Kb lim: 4232 exec/s: 124102 rss: 77Mb L: 289/2106 MS: 1 EraseBytes-
#372931	REDUCE cov: 481 ft: 1755 corp: 602/79Kb lim: 4232 exec/s: 124310 rss: 77Mb L: 104/2106 MS: 3 ChangeByte-CopyPart-EraseBytes-
#373612	REDUCE cov: 481 ft: 1755 corp: 602/79Kb lim: 4232 exec/s: 124537 rss: 77Mb L: 313/2106 MS: 1 EraseBytes-
#373723	REDUCE cov: 481 ft: 1755 corp: 602/79Kb lim: 4232 exec/s: 124574 rss: 77Mb L: 26/2106 MS: 1 EraseBytes-
#374649	REDUCE cov: 481 ft: 1755 corp: 602/79Kb lim: 4232 exec/s: 124883 rss: 77Mb L: 393/2106 MS: 1 EraseBytes-
#374710	REDUCE cov: 481 ft: 1755 corp: 602/79Kb lim: 4232 exec/s: 124903 rss: 77Mb L: 83/2106 MS: 1 EraseBytes-
#375797	REDUCE cov: 481 ft: 1755 corp: 602/79Kb lim: 4232 exec/s: 125265 rss: 77Mb L: 45/2106 MS: 2 ShuffleBytes-EraseBytes-
#376966	REDUCE cov: 481 ft: 1755 corp: 602/79Kb lim: 4232 exec/s: 125655 rss: 77Mb L: 332/2106 MS: 4 ShuffleBytes-ChangeASCIIInt-CrossOver-EraseBytes-
#378610	REDUCE cov: 481 ft: 1755 corp: 602/79Kb lim: 4244 exec/s: 126203 rss: 77Mb L: 37/2106 MS: 4 ChangeBinInt-ChangeASCIIInt-PersAutoDict-EraseBytes- DE: ".\000\000\000\000\000\000\000"-
#379983	REDUCE cov: 481 ft: 1755 corp: 602/79Kb lim: 4256 exec/s: 126661 rss: 77Mb L: 87/2106 MS: 3 InsertByte-ChangeBit-EraseBytes-
#380439	REDUCE cov: 481 ft: 1755 corp: 602/79Kb lim: 4256 exec/s: 126813 rss: 77Mb L: 103/2106 MS: 1 EraseBytes-
#381150	REDUCE cov: 481 ft: 1755 corp: 602/79Kb lim: 4256 exec/s: 127050 rss: 77Mb L: 38/2106 MS: 1 EraseBytes-
#383561	REDUCE cov: 481 ft: 1755 corp: 602/79Kb lim: 4280 exec/s: 127853 rss: 77Mb L: 248/2106 MS: 1 EraseBytes-
#384367	REDUCE cov: 481 ft: 1755 corp: 602/79Kb lim: 4280 exec/s: 128122 rss: 77Mb L: 164/2106 MS: 1 EraseBytes-
#385838	REDUCE cov: 481 ft: 1755 corp: 602/79Kb lim: 4292 exec/s: 128612 rss: 77Mb L: 6/2106 MS: 1 EraseBytes-
#386269	REDUCE cov: 481 ft: 1755 corp: 602/79Kb lim: 4292 exec/s: 128756 rss: 77Mb L: 30/2106 MS: 1 EraseBytes-
#387360	REDUCE cov: 481 ft: 1755 corp: 602/79Kb lim: 4292 exec/s: 129120 rss: 77Mb L: 24/2106 MS: 1 EraseBytes-
#387726	REDUCE cov: 481 ft: 1755 corp: 602/79Kb lim: 4292 exec/s: 129242 rss: 77Mb L: 259/2106 MS: 1 EraseBytes-
#387942	REDUCE cov: 481 ft: 1755 corp: 602/79Kb lim: 4292 exec/s: 129314 rss: 77Mb L: 63/2106 MS: 1 EraseBytes-
#388350	REDUCE cov: 481 ft: 1755 corp: 602/79Kb lim: 4292 exec/s: 129450 rss: 77Mb L: 59/2106 MS: 3 ChangeASCIIInt-ChangeBit-EraseBytes-
#390416	REDUCE cov: 481 ft: 1755 corp: 602/79Kb lim: 4304 exec/s: 130138 rss: 77Mb L: 398/2106 MS: 1 EraseBytes-
#391327	REDUCE cov: 481 ft: 1755 corp: 602/79Kb lim: 4304 exec/s: 130442 rss: 77Mb L: 32/2106 MS: 1 EraseBytes-
#392070	REDUCE cov: 481 ft: 1755 corp: 602/79Kb lim: 4304 exec/s: 130690 rss: 77Mb L: 45/2106 MS: 3 EraseBytes-CrossOver-CopyPart-
#392692	REDUCE cov: 481 ft: 1755 corp: 602/79Kb lim: 4304 exec/s: 130897 rss: 77Mb L: 74/2106 MS: 2 InsertByte-EraseBytes-
#392863	REDUCE cov: 481 ft: 1755 corp: 602/79Kb lim: 4304 exec/s: 130954 rss: 77Mb L: 33/2106 MS: 1 EraseBytes-
#394279	REDUCE cov: 481 ft: 1755 corp: 602/79Kb lim: 4316 exec/s: 131426 rss: 77Mb L: 5/2106 MS: 1 EraseBytes-
#395095	REDUCE cov: 481 ft: 1755 corp: 602/79Kb lim: 4316 exec/s: 131698 rss: 77Mb L: 120/2106 MS: 1 EraseBytes-
#397967	REDUCE cov: 481 ft: 1755 corp: 602/78Kb lim: 4340 exec/s: 99491 rss: 77Mb L: 61/2106 MS: 2 InsertByte-EraseBytes-
#398108	REDUCE cov: 481 ft: 1755 corp: 602/78Kb lim: 4340 exec/s: 99527 rss: 77Mb L: 60/2106 MS: 1 EraseBytes-
#400829	REDUCE cov: 481 ft: 1755 corp: 602/78Kb lim: 4364 exec/s: 100207 rss: 77Mb L: 39/2106 MS: 1 EraseBytes-
#402970	REDUCE cov: 481 ft: 1755 corp: 602/78Kb lim: 4376 exec/s: 100742 rss: 77Mb L: 51/2106 MS: 1 EraseBytes-
#403337	REDUCE cov: 481 ft: 1755 corp: 602/78Kb lim: 4376 exec/s: 100834 rss: 77Mb L: 56/2106 MS: 2 ChangeByte-EraseBytes-
#408292	REDUCE cov: 481 ft: 1755 corp: 602/78Kb lim: 4424 exec/s: 102073 rss: 77Mb L: 18/2106 MS: 1 EraseBytes-
#408438	REDUCE cov: 481 ft: 1755 corp: 602/78Kb lim: 4424 exec/s: 102109 rss: 77Mb L: 108/2106 MS: 1 EraseBytes-
#409739	REDUCE cov: 481 ft: 1755 corp: 602/78Kb lim: 4436 exec/s: 102434 rss: 77Mb L: 634/2106 MS: 1 EraseBytes-
#410326	REDUCE cov: 481 ft: 1755 corp: 602/78Kb lim: 4436 exec/s: 102581 rss: 77Mb L: 58/2106 MS: 2 ChangeBinInt-EraseBytes-
#410937	REDUCE cov: 481 ft: 1755 corp: 602/78Kb lim: 4436 exec/s: 102734 rss: 77Mb L: 54/2106 MS: 1 EraseBytes-
#412613	REDUCE cov: 481 ft: 1755 corp: 602/78Kb lim: 4448 exec/s: 103153 rss: 77Mb L: 1485/2106 MS: 1 EraseBytes-
#412774	REDUCE cov: 481 ft: 1755 corp: 602/78Kb lim: 4448 exec/s: 103193 rss: 77Mb L: 45/2106 MS: 1 EraseBytes-
#412935	REDUCE cov: 481 ft: 1755 corp: 602/78Kb lim: 4448 exec/s: 103233 rss: 77Mb L: 50/2106 MS: 1 EraseBytes-
#413854	NEW    cov: 481 ft: 1756 corp: 603/81Kb lim: 4448 exec/s: 103463 rss: 77Mb L: 2721/2721 MS: 4 InsertRepeatedBytes-InsertByte-ShuffleBytes-CopyPart-
#414705	REDUCE cov: 481 ft: 1756 corp: 603/81Kb lim: 4448 exec/s: 103676 rss: 77Mb L: 96/2721 MS: 1 EraseBytes-
#416072	REDUCE cov: 481 ft: 1756 corp: 603/81Kb lim: 4460 exec/s: 104018 rss: 77Mb L: 73/2721 MS: 2 ShuffleBytes-EraseBytes-
#417693	REDUCE cov: 481 ft: 1756 corp: 603/81Kb lim: 4472 exec/s: 104423 rss: 77Mb L: 40/2721 MS: 1 EraseBytes-
#418764	REDUCE cov: 481 ft: 1756 corp: 603/81Kb lim: 4472 exec/s: 104691 rss: 77Mb L: 25/2721 MS: 1 EraseBytes-
#419765	REDUCE cov: 481 ft: 1756 corp: 603/81Kb lim: 4472 exec/s: 104941 rss: 77Mb L: 128/2721 MS: 1 EraseBytes-
#420056	REDUCE cov: 481 ft: 1756 corp: 603/81Kb lim: 4472 exec/s: 105014 rss: 77Mb L: 44/2721 MS: 1 EraseBytes-
#421477	REDUCE cov: 481 ft: 1756 corp: 603/81Kb lim: 4484 exec/s: 105369 rss: 77Mb L: 53/2721 MS: 1 EraseBytes-
#422993	REDUCE cov: 481 ft: 1756 corp: 603/81Kb lim: 4496 exec/s: 105748 rss: 77Mb L: 69/2721 MS: 1 EraseBytes-
#424614	REDUCE cov: 481 ft: 1756 corp: 603/81Kb lim: 4508 exec/s: 106153 rss: 77Mb L: 33/2721 MS: 1 EraseBytes-
#424995	NEW    cov: 481 ft: 1763 corp: 604/83Kb lim: 4508 exec/s: 106248 rss: 77Mb L: 1742/2721 MS: 1 CopyPart-
#426236	REDUCE cov: 481 ft: 1763 corp: 604/83Kb lim: 4520 exec/s: 106559 rss: 77Mb L: 56/2721 MS: 1 EraseBytes-
#429112	REDUCE cov: 481 ft: 1763 corp: 604/83Kb lim: 4544 exec/s: 107278 rss: 77Mb L: 89/2721 MS: 1 EraseBytes-
#429178	REDUCE cov: 481 ft: 1763 corp: 604/83Kb lim: 4544 exec/s: 107294 rss: 77Mb L: 37/2721 MS: 1 EraseBytes-
#429964	REDUCE cov: 481 ft: 1763 corp: 604/83Kb lim: 4544 exec/s: 107491 rss: 77Mb L: 220/2721 MS: 1 EraseBytes-
#430675	REDUCE cov: 481 ft: 1763 corp: 604/83Kb lim: 4544 exec/s: 107668 rss: 77Mb L: 17/2721 MS: 1 EraseBytes-
#432286	REDUCE cov: 481 ft: 1763 corp: 604/83Kb lim: 4556 exec/s: 108071 rss: 77Mb L: 79/2721 MS: 1 EraseBytes-
#434637	REDUCE cov: 481 ft: 1763 corp: 604/83Kb lim: 4568 exec/s: 108659 rss: 77Mb L: 107/2721 MS: 1 EraseBytes-
#434699	REDUCE cov: 481 ft: 1763 corp: 604/83Kb lim: 4568 exec/s: 108674 rss: 77Mb L: 31/2721 MS: 2 InsertByte-EraseBytes-
#435281	REDUCE cov: 481 ft: 1763 corp: 604/83Kb lim: 4568 exec/s: 108820 rss: 77Mb L: 74/2721 MS: 2 ChangeBinInt-EraseBytes-
#437442	REDUCE cov: 481 ft: 1763 corp: 604/83Kb lim: 4580 exec/s: 109360 rss: 77Mb L: 57/2721 MS: 1 EraseBytes-
#438833	REDUCE cov: 481 ft: 1763 corp: 604/83Kb lim: 4592 exec/s: 109708 rss: 77Mb L: 274/2721 MS: 1 EraseBytes-
#439147	REDUCE cov: 481 ft: 1766 corp: 605/83Kb lim: 4592 exec/s: 109786 rss: 77Mb L: 95/2721 MS: 4 CopyPart-PersAutoDict-CopyPart-CopyPart- DE: "\001\000{;fF\001\200"-
#442838	REDUCE cov: 481 ft: 1766 corp: 605/83Kb lim: 4628 exec/s: 110709 rss: 77Mb L: 18/2721 MS: 1 EraseBytes-
#442979	REDUCE cov: 481 ft: 1766 corp: 605/83Kb lim: 4628 exec/s: 110744 rss: 77Mb L: 1416/2721 MS: 1 EraseBytes-
#443080	REDUCE cov: 481 ft: 1766 corp: 605/83Kb lim: 4628 exec/s: 110770 rss: 77Mb L: 80/2721 MS: 1 EraseBytes-
#444419	REDUCE cov: 481 ft: 1766 corp: 605/83Kb lim: 4640 exec/s: 111104 rss: 77Mb L: 52/2721 MS: 4 PersAutoDict-ChangeBinInt-InsertByte-EraseBytes- DE: "\001\000{;fF\001\200"-
#446510	REDUCE cov: 483 ft: 1768 corp: 606/83Kb lim: 4652 exec/s: 111627 rss: 77Mb L: 87/2721 MS: 1 CopyPart-
#447587	REDUCE cov: 483 ft: 1768 corp: 606/83Kb lim: 4652 exec/s: 111896 rss: 77Mb L: 214/2721 MS: 2 ChangeByte-EraseBytes-
#447744	REDUCE cov: 483 ft: 1768 corp: 606/83Kb lim: 4652 exec/s: 111936 rss: 77Mb L: 25/2721 MS: 2 CopyPart-EraseBytes-
#447810	REDUCE cov: 483 ft: 1768 corp: 606/83Kb lim: 4652 exec/s: 111952 rss: 77Mb L: 33/2721 MS: 1 EraseBytes-
#448596	REDUCE cov: 483 ft: 1768 corp: 606/83Kb lim: 4652 exec/s: 112149 rss: 77Mb L: 122/2721 MS: 1 EraseBytes-
#450208	NEW    cov: 483 ft: 1770 corp: 607/83Kb lim: 4664 exec/s: 112552 rss: 77Mb L: 223/2721 MS: 2 InsertRepeatedBytes-PersAutoDict- DE: "\001\000{;fF\001\200"-
#451694	REDUCE cov: 483 ft: 1770 corp: 607/83Kb lim: 4676 exec/s: 112923 rss: 77Mb L: 88/2721 MS: 1 EraseBytes-
#452106	REDUCE cov: 483 ft: 1770 corp: 607/83Kb lim: 4676 exec/s: 113026 rss: 77Mb L: 75/2721 MS: 2 ChangeByte-EraseBytes-
#455083	REDUCE cov: 483 ft: 1770 corp: 607/83Kb lim: 4700 exec/s: 113770 rss: 77Mb L: 42/2721 MS: 2 ShuffleBytes-EraseBytes-
#456956	REDUCE cov: 483 ft: 1770 corp: 607/83Kb lim: 4712 exec/s: 114239 rss: 77Mb L: 56/2721 MS: 3 ChangeBinInt-ChangeASCIIInt-EraseBytes-
#458543	REDUCE cov: 483 ft: 1770 corp: 607/83Kb lim: 4724 exec/s: 114635 rss: 77Mb L: 77/2721 MS: 2 InsertByte-EraseBytes-
#458780	REDUCE cov: 483 ft: 1770 corp: 607/83Kb lim: 4724 exec/s: 114695 rss: 77Mb L: 35/2721 MS: 2 ChangeByte-EraseBytes-
#459712	REDUCE cov: 483 ft: 1770 corp: 607/83Kb lim: 4724 exec/s: 114928 rss: 77Mb L: 141/2721 MS: 2 InsertByte-EraseBytes-
#459713	REDUCE cov: 483 ft: 1770 corp: 607/83Kb lim: 4724 exec/s: 114928 rss: 77Mb L: 28/2721 MS: 1 EraseBytes-
#460899	REDUCE cov: 483 ft: 1770 corp: 607/83Kb lim: 4724 exec/s: 115224 rss: 77Mb L: 82/2721 MS: 1 EraseBytes-
#461245	REDUCE cov: 483 ft: 1770 corp: 607/83Kb lim: 4724 exec/s: 115311 rss: 77Mb L: 385/2721 MS: 1 EraseBytes-
#461681	REDUCE cov: 483 ft: 1770 corp: 607/83Kb lim: 4724 exec/s: 115420 rss: 77Mb L: 119/2721 MS: 1 EraseBytes-
#462549	REDUCE cov: 483 ft: 1770 corp: 607/83Kb lim: 4724 exec/s: 115637 rss: 77Mb L: 50/2721 MS: 3 ChangeBinInt-ShuffleBytes-EraseBytes-
#462835	REDUCE cov: 483 ft: 1770 corp: 607/83Kb lim: 4724 exec/s: 115708 rss: 77Mb L: 9/2721 MS: 1 EraseBytes-
#463366	REDUCE cov: 483 ft: 1770 corp: 607/83Kb lim: 4724 exec/s: 115841 rss: 77Mb L: 664/2721 MS: 1 EraseBytes-
#464947	REDUCE cov: 483 ft: 1770 corp: 607/83Kb lim: 4736 exec/s: 116236 rss: 77Mb L: 98/2721 MS: 1 EraseBytes-
#466922	REDUCE cov: 483 ft: 1770 corp: 607/82Kb lim: 4748 exec/s: 116730 rss: 77Mb L: 2054/2106 MS: 5 ChangeByte-ChangeBit-ChangeByte-ShuffleBytes-EraseBytes-
#467923	REDUCE cov: 483 ft: 1770 corp: 607/82Kb lim: 4748 exec/s: 116980 rss: 77Mb L: 79/2106 MS: 1 EraseBytes-
#469879	REDUCE cov: 483 ft: 1770 corp: 607/82Kb lim: 4760 exec/s: 117469 rss: 77Mb L: 121/2106 MS: 1 EraseBytes-
#470458	REDUCE cov: 483 ft: 1770 corp: 607/82Kb lim: 4760 exec/s: 117614 rss: 77Mb L: 121/2106 MS: 4 ChangeByte-ShuffleBytes-ChangeByte-EraseBytes-
#471005	REDUCE cov: 483 ft: 1770 corp: 607/82Kb lim: 4760 exec/s: 117751 rss: 77Mb L: 350/2106 MS: 2 InsertByte-EraseBytes-
#471697	REDUCE cov: 483 ft: 1770 corp: 607/82Kb lim: 4760 exec/s: 117924 rss: 77Mb L: 68/2106 MS: 2 ShuffleBytes-EraseBytes-
#471868	REDUCE cov: 483 ft: 1770 corp: 607/82Kb lim: 4760 exec/s: 94373 rss: 77Mb L: 477/2106 MS: 1 EraseBytes-
#472404	REDUCE cov: 483 ft: 1770 corp: 607/82Kb lim: 4760 exec/s: 94480 rss: 77Mb L: 78/2106 MS: 1 EraseBytes-
#472890	REDUCE cov: 483 ft: 1770 corp: 607/82Kb lim: 4760 exec/s: 94578 rss: 77Mb L: 55/2106 MS: 1 EraseBytes-
#474801	REDUCE cov: 483 ft: 1770 corp: 607/82Kb lim: 4772 exec/s: 94960 rss: 77Mb L: 65/2106 MS: 1 EraseBytes-
#475422	REDUCE cov: 483 ft: 1770 corp: 607/82Kb lim: 4772 exec/s: 95084 rss: 77Mb L: 17/2106 MS: 1 EraseBytes-
#478361	REDUCE cov: 483 ft: 1770 corp: 607/82Kb lim: 4796 exec/s: 95672 rss: 77Mb L: 550/2106 MS: 1 EraseBytes-
#479082	REDUCE cov: 483 ft: 1770 corp: 607/82Kb lim: 4796 exec/s: 95816 rss: 77Mb L: 89/2106 MS: 1 EraseBytes-
#479373	REDUCE cov: 483 ft: 1770 corp: 607/82Kb lim: 4796 exec/s: 95874 rss: 77Mb L: 92/2106 MS: 1 EraseBytes-
#479734	REDUCE cov: 483 ft: 1770 corp: 607/82Kb lim: 4796 exec/s: 95946 rss: 77Mb L: 48/2106 MS: 1 EraseBytes-
#479835	REDUCE cov: 483 ft: 1770 corp: 607/82Kb lim: 4796 exec/s: 95967 rss: 77Mb L: 69/2106 MS: 1 EraseBytes-
#479937	REDUCE cov: 483 ft: 1770 corp: 607/82Kb lim: 4796 exec/s: 95987 rss: 77Mb L: 227/2106 MS: 2 ShuffleBytes-EraseBytes-
#480565	NEW    cov: 483 ft: 1771 corp: 608/82Kb lim: 4796 exec/s: 96113 rss: 77Mb L: 168/2106 MS: 3 CopyPart-CopyPart-ChangeBinInt-
#481281	REDUCE cov: 483 ft: 1771 corp: 608/82Kb lim: 4796 exec/s: 96256 rss: 77Mb L: 1193/2106 MS: 1 EraseBytes-
#482067	REDUCE cov: 483 ft: 1771 corp: 608/82Kb lim: 4796 exec/s: 96413 rss: 77Mb L: 48/2106 MS: 1 EraseBytes-
#483990	REDUCE cov: 483 ft: 1771 corp: 608/82Kb lim: 4808 exec/s: 96798 rss: 77Mb L: 89/2106 MS: 3 InsertByte-ShuffleBytes-EraseBytes-
#485186	REDUCE cov: 483 ft: 1771 corp: 608/82Kb lim: 4808 exec/s: 97037 rss: 77Mb L: 10/2106 MS: 1 EraseBytes-
#487564	REDUCE cov: 483 ft: 1771 corp: 608/82Kb lim: 4820 exec/s: 97512 rss: 77Mb L: 1181/2106 MS: 3 ChangeASCIIInt-ShuffleBytes-EraseBytes-
#488090	REDUCE cov: 483 ft: 1771 corp: 608/82Kb lim: 4820 exec/s: 97618 rss: 77Mb L: 13/2106 MS: 1 EraseBytes-
#488671	REDUCE cov: 483 ft: 1771 corp: 608/82Kb lim: 4820 exec/s: 97734 rss: 77Mb L: 255/2106 MS: 1 EraseBytes-
#489207	REDUCE cov: 483 ft: 1771 corp: 608/82Kb lim: 4820 exec/s: 97841 rss: 77Mb L: 31/2106 MS: 1 EraseBytes-
#493588	REDUCE cov: 483 ft: 1771 corp: 608/82Kb lim: 4856 exec/s: 98717 rss: 77Mb L: 120/2106 MS: 1 EraseBytes-
#493655	REDUCE cov: 483 ft: 1771 corp: 608/82Kb lim: 4856 exec/s: 98731 rss: 77Mb L: 364/2106 MS: 2 InsertByte-EraseBytes-
#494352	REDUCE cov: 483 ft: 1771 corp: 608/82Kb lim: 4856 exec/s: 98870 rss: 77Mb L: 19/2106 MS: 2 EraseBytes-ChangeBit-
#494823	REDUCE cov: 483 ft: 1771 corp: 608/82Kb lim: 4856 exec/s: 98964 rss: 77Mb L: 46/2106 MS: 1 EraseBytes-
#496399	REDUCE cov: 483 ft: 1771 corp: 608/82Kb lim: 4868 exec/s: 99279 rss: 77Mb L: 45/2106 MS: 1 EraseBytes-
#497505	REDUCE cov: 483 ft: 1771 corp: 608/82Kb lim: 4868 exec/s: 99501 rss: 77Mb L: 217/2106 MS: 1 EraseBytes-
#497751	REDUCE cov: 483 ft: 1771 corp: 608/82Kb lim: 4868 exec/s: 99550 rss: 77Mb L: 51/2106 MS: 1 EraseBytes-
#500232	REDUCE cov: 483 ft: 1772 corp: 609/82Kb lim: 4892 exec/s: 100046 rss: 77Mb L: 222/2106 MS: 1 CopyPart-
#500293	REDUCE cov: 483 ft: 1772 corp: 609/82Kb lim: 4892 exec/s: 100058 rss: 77Mb L: 77/2106 MS: 1 EraseBytes-
#502489	REDUCE cov: 483 ft: 1772 corp: 609/82Kb lim: 4904 exec/s: 100497 rss: 77Mb L: 114/2106 MS: 1 EraseBytes-
#502490	REDUCE cov: 483 ft: 1772 corp: 609/82Kb lim: 4904 exec/s: 100498 rss: 77Mb L: 70/2106 MS: 1 EraseBytes-
#502841	REDUCE cov: 483 ft: 1772 corp: 609/82Kb lim: 4904 exec/s: 100568 rss: 77Mb L: 24/2106 MS: 1 EraseBytes-
#505728	REDUCE cov: 483 ft: 1772 corp: 609/82Kb lim: 4928 exec/s: 84288 rss: 77Mb L: 27/2106 MS: 2 ChangeBit-EraseBytes-
#507184	REDUCE cov: 483 ft: 1772 corp: 609/82Kb lim: 4940 exec/s: 84530 rss: 77Mb L: 104/2106 MS: 1 EraseBytes-
#508355	REDUCE cov: 483 ft: 1772 corp: 609/82Kb lim: 4940 exec/s: 84725 rss: 77Mb L: 59/2106 MS: 1 EraseBytes-
#509306	REDUCE cov: 483 ft: 1772 corp: 609/82Kb lim: 4940 exec/s: 84884 rss: 77Mb L: 58/2106 MS: 1 EraseBytes-
#510347	REDUCE cov: 483 ft: 1772 corp: 609/81Kb lim: 4940 exec/s: 85057 rss: 77Mb L: 1302/2106 MS: 1 EraseBytes-
#511598	REDUCE cov: 483 ft: 1772 corp: 609/81Kb lim: 4952 exec/s: 85266 rss: 77Mb L: 67/2106 MS: 1 EraseBytes-
#512179	REDUCE cov: 483 ft: 1772 corp: 609/81Kb lim: 4952 exec/s: 85363 rss: 77Mb L: 61/2106 MS: 1 EraseBytes-
#513150	REDUCE cov: 483 ft: 1772 corp: 609/81Kb lim: 4952 exec/s: 85525 rss: 77Mb L: 96/2106 MS: 1 EraseBytes-
#515066	REDUCE cov: 483 ft: 1772 corp: 609/81Kb lim: 4964 exec/s: 85844 rss: 77Mb L: 47/2106 MS: 1 EraseBytes-
#515883	REDUCE cov: 483 ft: 1773 corp: 610/84Kb lim: 4964 exec/s: 85980 rss: 77Mb L: 2896/2896 MS: 2 CopyPart-CopyPart-
#519119	REDUCE cov: 483 ft: 1773 corp: 610/84Kb lim: 4988 exec/s: 86519 rss: 77Mb L: 27/2896 MS: 1 EraseBytes-
#519201	REDUCE cov: 483 ft: 1773 corp: 610/84Kb lim: 4988 exec/s: 86533 rss: 77Mb L: 79/2896 MS: 2 ChangeBit-EraseBytes-
#520898	REDUCE cov: 483 ft: 1773 corp: 610/83Kb lim: 5000 exec/s: 86816 rss: 77Mb L: 1903/2106 MS: 2 InsertByte-EraseBytes-
#522552	REDUCE cov: 483 ft: 1773 corp: 610/83Kb lim: 5012 exec/s: 87092 rss: 77Mb L: 746/2106 MS: 4 ChangeBinInt-CopyPart-ShuffleBytes-EraseBytes-
#524288	pulse  cov: 483 ft: 1773 corp: 610/83Kb lim: 5024 exec/s: 87381 rss: 77Mb
#524553	REDUCE cov: 483 ft: 1773 corp: 610/83Kb lim: 5024 exec/s: 87425 rss: 77Mb L: 16/2106 MS: 1 EraseBytes-
#525464	REDUCE cov: 483 ft: 1773 corp: 610/83Kb lim: 5024 exec/s: 87577 rss: 77Mb L: 30/2106 MS: 1 EraseBytes-
#526180	REDUCE cov: 483 ft: 1773 corp: 610/83Kb lim: 5024 exec/s: 87696 rss: 77Mb L: 61/2106 MS: 1 EraseBytes-
#526361	REDUCE cov: 483 ft: 1773 corp: 610/83Kb lim: 5024 exec/s: 87726 rss: 77Mb L: 32/2106 MS: 1 EraseBytes-
#526977	REDUCE cov: 483 ft: 1773 corp: 610/83Kb lim: 5024 exec/s: 87829 rss: 77Mb L: 255/2106 MS: 1 EraseBytes-
#527413	REDUCE cov: 483 ft: 1776 corp: 611/87Kb lim: 5024 exec/s: 87902 rss: 77Mb L: 4149/4149 MS: 1 CopyPart-
#528304	REDUCE cov: 483 ft: 1776 corp: 611/87Kb lim: 5024 exec/s: 88050 rss: 77Mb L: 37/4149 MS: 1 EraseBytes-
#529296	NEW    cov: 483 ft: 1777 corp: 612/89Kb lim: 5024 exec/s: 88216 rss: 77Mb L: 1434/4149 MS: 2 CrossOver-CrossOver-
#529442	REDUCE cov: 483 ft: 1777 corp: 612/89Kb lim: 5024 exec/s: 88240 rss: 77Mb L: 29/4149 MS: 1 EraseBytes-
#532053	REDUCE cov: 483 ft: 1777 corp: 612/89Kb lim: 5048 exec/s: 88675 rss: 77Mb L: 14/4149 MS: 1 EraseBytes-
#532534	REDUCE cov: 483 ft: 1777 corp: 612/89Kb lim: 5048 exec/s: 88755 rss: 77Mb L: 31/4149 MS: 1 EraseBytes-
#533251	NEW    cov: 483 ft: 1778 corp: 613/91Kb lim: 5048 exec/s: 88875 rss: 77Mb L: 2075/4149 MS: 2 CopyPart-InsertRepeatedBytes-
#533958	REDUCE cov: 483 ft: 1778 corp: 613/91Kb lim: 5048 exec/s: 88993 rss: 77Mb L: 78/4149 MS: 2 ChangeByte-EraseBytes-
#534259	REDUCE cov: 483 ft: 1778 corp: 613/90Kb lim: 5048 exec/s: 89043 rss: 77Mb L: 1069/4149 MS: 1 CrossOver-
#535330	REDUCE cov: 483 ft: 1778 corp: 613/90Kb lim: 5048 exec/s: 89221 rss: 77Mb L: 1349/4149 MS: 1 EraseBytes-
#536636	REDUCE cov: 483 ft: 1778 corp: 613/90Kb lim: 5060 exec/s: 89439 rss: 77Mb L: 77/4149 MS: 1 EraseBytes-
#536778	REDUCE cov: 483 ft: 1778 corp: 613/90Kb lim: 5060 exec/s: 89463 rss: 77Mb L: 117/4149 MS: 2 InsertByte-EraseBytes-
#536899	REDUCE cov: 483 ft: 1778 corp: 613/90Kb lim: 5060 exec/s: 89483 rss: 77Mb L: 34/4149 MS: 1 EraseBytes-
#537915	REDUCE cov: 483 ft: 1778 corp: 613/90Kb lim: 5060 exec/s: 89652 rss: 77Mb L: 168/4149 MS: 1 EraseBytes-
#539806	REDUCE cov: 483 ft: 1778 corp: 613/90Kb lim: 5072 exec/s: 89967 rss: 77Mb L: 141/4149 MS: 1 EraseBytes-
#540807	REDUCE cov: 483 ft: 1778 corp: 613/90Kb lim: 5072 exec/s: 90134 rss: 77Mb L: 72/4149 MS: 1 EraseBytes-
#541464	REDUCE cov: 483 ft: 1778 corp: 613/90Kb lim: 5072 exec/s: 90244 rss: 77Mb L: 44/4149 MS: 2 CMP-EraseBytes- DE: "\377\377"-
#542340	REDUCE cov: 483 ft: 1778 corp: 613/90Kb lim: 5072 exec/s: 90390 rss: 77Mb L: 457/4149 MS: 1 EraseBytes-
#542433	REDUCE cov: 483 ft: 1778 corp: 613/90Kb lim: 5072 exec/s: 90405 rss: 77Mb L: 57/4149 MS: 3 ChangeBit-ChangeBit-EraseBytes-
#542924	REDUCE cov: 483 ft: 1778 corp: 613/90Kb lim: 5072 exec/s: 90487 rss: 77Mb L: 117/4149 MS: 1 EraseBytes-
#543315	REDUCE cov: 483 ft: 1778 corp: 613/90Kb lim: 5072 exec/s: 90552 rss: 77Mb L: 100/4149 MS: 1 EraseBytes-
#546993	REDUCE cov: 483 ft: 1778 corp: 613/89Kb lim: 5108 exec/s: 91165 rss: 77Mb L: 898/4149 MS: 3 ChangeByte-ChangeBinInt-EraseBytes-
#550944	REDUCE cov: 483 ft: 1778 corp: 613/89Kb lim: 5144 exec/s: 91824 rss: 77Mb L: 58/4149 MS: 1 EraseBytes-
#551445	REDUCE cov: 483 ft: 1778 corp: 613/89Kb lim: 5144 exec/s: 91907 rss: 77Mb L: 46/4149 MS: 1 EraseBytes-
#551676	REDUCE cov: 483 ft: 1778 corp: 613/89Kb lim: 5144 exec/s: 91946 rss: 77Mb L: 1238/4149 MS: 1 EraseBytes-
#552062	REDUCE cov: 483 ft: 1778 corp: 613/89Kb lim: 5144 exec/s: 92010 rss: 77Mb L: 13/4149 MS: 1 EraseBytes-
#552488	REDUCE cov: 483 ft: 1778 corp: 613/89Kb lim: 5144 exec/s: 92081 rss: 77Mb L: 140/4149 MS: 1 EraseBytes-
#552640	REDUCE cov: 483 ft: 1778 corp: 613/89Kb lim: 5144 exec/s: 92106 rss: 77Mb L: 67/4149 MS: 2 ChangeByte-EraseBytes-
#552801	REDUCE cov: 483 ft: 1779 corp: 614/92Kb lim: 5144 exec/s: 92133 rss: 77Mb L: 2272/4149 MS: 1 CopyPart-
#553962	REDUCE cov: 483 ft: 1779 corp: 614/92Kb lim: 5144 exec/s: 92327 rss: 77Mb L: 186/4149 MS: 1 EraseBytes-
#554413	REDUCE cov: 483 ft: 1779 corp: 614/92Kb lim: 5144 exec/s: 92402 rss: 77Mb L: 50/4149 MS: 1 EraseBytes-
#554479	REDUCE cov: 483 ft: 1779 corp: 614/91Kb lim: 5144 exec/s: 92413 rss: 77Mb L: 288/4149 MS: 1 EraseBytes-
#555917	REDUCE cov: 483 ft: 1779 corp: 614/91Kb lim: 5156 exec/s: 92652 rss: 77Mb L: 106/4149 MS: 3 ShuffleBytes-InsertRepeatedBytes-EraseBytes-
#556660	REDUCE cov: 483 ft: 1779 corp: 614/91Kb lim: 5156 exec/s: 92776 rss: 77Mb L: 307/4149 MS: 3 ChangeASCIIInt-EraseBytes-CopyPart-
#556721	REDUCE cov: 483 ft: 1779 corp: 614/91Kb lim: 5156 exec/s: 92786 rss: 77Mb L: 443/4149 MS: 1 EraseBytes-
#556864	REDUCE cov: 483 ft: 1779 corp: 614/91Kb lim: 5156 exec/s: 92810 rss: 77Mb L: 33/4149 MS: 3 ShuffleBytes-ChangeByte-EraseBytes-
#557514	REDUCE cov: 483 ft: 1779 corp: 614/91Kb lim: 5156 exec/s: 92919 rss: 77Mb L: 1154/4149 MS: 5 CrossOver-ChangeBit-ChangeByte-EraseBytes-EraseBytes-
#558490	REDUCE cov: 483 ft: 1779 corp: 614/91Kb lim: 5156 exec/s: 93081 rss: 77Mb L: 35/4149 MS: 1 EraseBytes-
#558811	REDUCE cov: 483 ft: 1779 corp: 614/91Kb lim: 5156 exec/s: 93135 rss: 77Mb L: 781/4149 MS: 1 EraseBytes-
#559727	REDUCE cov: 483 ft: 1779 corp: 614/91Kb lim: 5156 exec/s: 93287 rss: 77Mb L: 912/4149 MS: 1 EraseBytes-
#560388	REDUCE cov: 483 ft: 1779 corp: 614/91Kb lim: 5156 exec/s: 93398 rss: 77Mb L: 33/4149 MS: 1 EraseBytes-
#560945	REDUCE cov: 483 ft: 1779 corp: 614/91Kb lim: 5156 exec/s: 93490 rss: 77Mb L: 253/4149 MS: 2 ChangeByte-EraseBytes-
#562487	REDUCE cov: 483 ft: 1779 corp: 614/91Kb lim: 5168 exec/s: 93747 rss: 77Mb L: 240/4149 MS: 2 ChangeBit-EraseBytes-
#562633	REDUCE cov: 483 ft: 1779 corp: 614/91Kb lim: 5168 exec/s: 93772 rss: 77Mb L: 11/4149 MS: 1 EraseBytes-
#563084	REDUCE cov: 483 ft: 1779 corp: 614/91Kb lim: 5168 exec/s: 93847 rss: 77Mb L: 1120/4149 MS: 1 EraseBytes-
#566140	REDUCE cov: 483 ft: 1779 corp: 614/91Kb lim: 5192 exec/s: 94356 rss: 77Mb L: 50/4149 MS: 1 EraseBytes-
#566187	REDUCE cov: 483 ft: 1779 corp: 614/90Kb lim: 5192 exec/s: 94364 rss: 77Mb L: 803/4149 MS: 2 ChangeASCIIInt-EraseBytes-
#567224	REDUCE cov: 483 ft: 1779 corp: 614/90Kb lim: 5192 exec/s: 94537 rss: 77Mb L: 272/4149 MS: 2 ChangeBit-EraseBytes-
#568721	REDUCE cov: 483 ft: 1779 corp: 614/90Kb lim: 5204 exec/s: 94786 rss: 77Mb L: 1751/4149 MS: 2 InsertByte-EraseBytes-
#570147	REDUCE cov: 483 ft: 1779 corp: 614/90Kb lim: 5216 exec/s: 95024 rss: 77Mb L: 28/4149 MS: 1 EraseBytes-
#574170	REDUCE cov: 483 ft: 1779 corp: 614/90Kb lim: 5252 exec/s: 95695 rss: 77Mb L: 38/4149 MS: 3 InsertRepeatedBytes-ShuffleBytes-EraseBytes-
#574821	REDUCE cov: 483 ft: 1779 corp: 614/90Kb lim: 5252 exec/s: 95803 rss: 77Mb L: 1144/4149 MS: 1 EraseBytes-
#574844	REDUCE cov: 483 ft: 1779 corp: 614/90Kb lim: 5252 exec/s: 95807 rss: 77Mb L: 86/4149 MS: 3 CopyPart-CopyPart-EraseBytes-
#577155	REDUCE cov: 483 ft: 1779 corp: 614/90Kb lim: 5264 exec/s: 96192 rss: 77Mb L: 63/4149 MS: 1 EraseBytes-
#579551	REDUCE cov: 483 ft: 1779 corp: 614/90Kb lim: 5276 exec/s: 82793 rss: 77Mb L: 220/4149 MS: 1 EraseBytes-
#580332	REDUCE cov: 483 ft: 1779 corp: 614/90Kb lim: 5276 exec/s: 82904 rss: 77Mb L: 45/4149 MS: 1 EraseBytes-
#580786	REDUCE cov: 483 ft: 1779 corp: 614/90Kb lim: 5276 exec/s: 82969 rss: 77Mb L: 2006/4149 MS: 4 ChangeBit-InsertRepeatedBytes-ChangeASCIIInt-EraseBytes-
#581727	REDUCE cov: 483 ft: 1779 corp: 614/90Kb lim: 5276 exec/s: 83103 rss: 77Mb L: 624/4149 MS: 1 EraseBytes-
#582003	REDUCE cov: 483 ft: 1779 corp: 614/90Kb lim: 5276 exec/s: 83143 rss: 77Mb L: 179/4149 MS: 1 EraseBytes-
#584888	REDUCE cov: 483 ft: 1779 corp: 614/90Kb lim: 5300 exec/s: 83555 rss: 77Mb L: 1059/4149 MS: 1 EraseBytes-
#585284	REDUCE cov: 483 ft: 1779 corp: 614/90Kb lim: 5300 exec/s: 83612 rss: 77Mb L: 32/4149 MS: 1 EraseBytes-
#586600	REDUCE cov: 483 ft: 1779 corp: 614/90Kb lim: 5312 exec/s: 83800 rss: 77Mb L: 37/4149 MS: 1 EraseBytes-
#586786	REDUCE cov: 483 ft: 1779 corp: 614/90Kb lim: 5312 exec/s: 83826 rss: 77Mb L: 62/4149 MS: 1 EraseBytes-
#589579	REDUCE cov: 483 ft: 1779 corp: 614/90Kb lim: 5336 exec/s: 84225 rss: 77Mb L: 22/4149 MS: 3 InsertByte-ShuffleBytes-EraseBytes-
#591305	REDUCE cov: 483 ft: 1779 corp: 614/90Kb lim: 5348 exec/s: 84472 rss: 77Mb L: 34/4149 MS: 1 EraseBytes-
#592242	REDUCE cov: 483 ft: 1779 corp: 614/90Kb lim: 5348 exec/s: 84606 rss: 77Mb L: 110/4149 MS: 2 ChangeBinInt-EraseBytes-
#592883	REDUCE cov: 483 ft: 1779 corp: 614/90Kb lim: 5348 exec/s: 84697 rss: 77Mb L: 24/4149 MS: 1 EraseBytes-
#593019	REDUCE cov: 483 ft: 1779 corp: 614/90Kb lim: 5348 exec/s: 84717 rss: 77Mb L: 45/4149 MS: 1 EraseBytes-
#593045	REDUCE cov: 483 ft: 1779 corp: 614/90Kb lim: 5348 exec/s: 84720 rss: 77Mb L: 74/4149 MS: 1 EraseBytes-
#593256	REDUCE cov: 483 ft: 1779 corp: 614/90Kb lim: 5348 exec/s: 84750 rss: 77Mb L: 715/4149 MS: 1 EraseBytes-
#594803	REDUCE cov: 483 ft: 1779 corp: 614/90Kb lim: 5360 exec/s: 84971 rss: 77Mb L: 579/4149 MS: 2 InsertByte-EraseBytes-
#596249	REDUCE cov: 483 ft: 1779 corp: 614/90Kb lim: 5372 exec/s: 85178 rss: 77Mb L: 42/4149 MS: 1 EraseBytes-
#599015	REDUCE cov: 483 ft: 1779 corp: 614/90Kb lim: 5396 exec/s: 85573 rss: 77Mb L: 51/4149 MS: 1 EraseBytes-
#599882	REDUCE cov: 485 ft: 1781 corp: 615/90Kb lim: 5396 exec/s: 85697 rss: 77Mb L: 117/4149 MS: 2 ChangeASCIIInt-ChangeBinInt-
#600908	REDUCE cov: 485 ft: 1781 corp: 615/90Kb lim: 5396 exec/s: 85844 rss: 77Mb L: 43/4149 MS: 1 EraseBytes-
#601539	REDUCE cov: 485 ft: 1781 corp: 615/90Kb lim: 5396 exec/s: 85934 rss: 77Mb L: 44/4149 MS: 1 EraseBytes-
#601940	REDUCE cov: 485 ft: 1781 corp: 615/90Kb lim: 5396 exec/s: 85991 rss: 77Mb L: 86/4149 MS: 1 EraseBytes-
#603652	REDUCE cov: 485 ft: 1781 corp: 615/90Kb lim: 5408 exec/s: 86236 rss: 77Mb L: 415/4149 MS: 2 ChangeBit-EraseBytes-
#604188	REDUCE cov: 485 ft: 1781 corp: 615/90Kb lim: 5408 exec/s: 86312 rss: 77Mb L: 204/4149 MS: 1 EraseBytes-
#606281	REDUCE cov: 485 ft: 1781 corp: 615/90Kb lim: 5420 exec/s: 86611 rss: 77Mb L: 215/4149 MS: 3 CMP-EraseBytes-PersAutoDict- DE: "\377\377"-"\377\377\377\377\377\377\377o"-
#614813	REDUCE cov: 485 ft: 1781 corp: 615/89Kb lim: 5504 exec/s: 87830 rss: 77Mb L: 582/4149 MS: 2 ChangeASCIIInt-EraseBytes-
#615184	REDUCE cov: 485 ft: 1781 corp: 615/89Kb lim: 5504 exec/s: 87883 rss: 77Mb L: 148/4149 MS: 1 EraseBytes-
#616375	REDUCE cov: 485 ft: 1781 corp: 615/89Kb lim: 5504 exec/s: 88053 rss: 77Mb L: 48/4149 MS: 1 EraseBytes-
#617227	REDUCE cov: 485 ft: 1781 corp: 615/89Kb lim: 5504 exec/s: 88175 rss: 77Mb L: 44/4149 MS: 2 ChangeBinInt-EraseBytes-
#618363	REDUCE cov: 485 ft: 1781 corp: 615/89Kb lim: 5504 exec/s: 88337 rss: 77Mb L: 555/4149 MS: 1 EraseBytes-
#621324	REDUCE cov: 485 ft: 1781 corp: 615/89Kb lim: 5528 exec/s: 88760 rss: 77Mb L: 28/4149 MS: 1 EraseBytes-
#621570	REDUCE cov: 485 ft: 1781 corp: 615/89Kb lim: 5528 exec/s: 88795 rss: 77Mb L: 1701/4149 MS: 1 EraseBytes-
#621988	REDUCE cov: 485 ft: 1781 corp: 615/89Kb lim: 5528 exec/s: 88855 rss: 77Mb L: 102/4149 MS: 3 ChangeASCIIInt-ChangeByte-EraseBytes-
#622709	REDUCE cov: 485 ft: 1781 corp: 615/89Kb lim: 5528 exec/s: 88958 rss: 77Mb L: 86/4149 MS: 1 EraseBytes-
#623525	REDUCE cov: 485 ft: 1781 corp: 615/89Kb lim: 5528 exec/s: 89075 rss: 77Mb L: 152/4149 MS: 1 EraseBytes-
#624346	REDUCE cov: 485 ft: 1781 corp: 615/89Kb lim: 5528 exec/s: 89192 rss: 77Mb L: 36/4149 MS: 1 EraseBytes-
#624587	REDUCE cov: 485 ft: 1781 corp: 615/89Kb lim: 5528 exec/s: 89226 rss: 77Mb L: 40/4149 MS: 1 EraseBytes-
#624773	REDUCE cov: 485 ft: 1781 corp: 615/89Kb lim: 5528 exec/s: 89253 rss: 77Mb L: 116/4149 MS: 1 EraseBytes-
#625214	REDUCE cov: 485 ft: 1781 corp: 615/89Kb lim: 5528 exec/s: 89316 rss: 77Mb L: 816/4149 MS: 1 EraseBytes-
#626655	REDUCE cov: 485 ft: 1781 corp: 615/89Kb lim: 5540 exec/s: 89522 rss: 77Mb L: 48/4149 MS: 1 EraseBytes-
#626667	REDUCE cov: 485 ft: 1781 corp: 615/89Kb lim: 5540 exec/s: 89523 rss: 77Mb L: 40/4149 MS: 2 ChangeBit-EraseBytes-
#626768	REDUCE cov: 485 ft: 1781 corp: 615/89Kb lim: 5540 exec/s: 89538 rss: 77Mb L: 1553/4149 MS: 1 EraseBytes-
#627594	REDUCE cov: 485 ft: 1781 corp: 615/89Kb lim: 5540 exec/s: 89656 rss: 77Mb L: 147/4149 MS: 1 EraseBytes-
#628505	REDUCE cov: 485 ft: 1781 corp: 615/89Kb lim: 5540 exec/s: 89786 rss: 77Mb L: 249/4149 MS: 1 EraseBytes-
#628921	NEW    cov: 485 ft: 1783 corp: 616/89Kb lim: 5540 exec/s: 89845 rss: 77Mb L: 380/4149 MS: 1 CrossOver-
#629242	REDUCE cov: 485 ft: 1783 corp: 616/89Kb lim: 5540 exec/s: 89891 rss: 77Mb L: 18/4149 MS: 1 EraseBytes-
#632119	REDUCE cov: 485 ft: 1783 corp: 616/89Kb lim: 5564 exec/s: 90302 rss: 77Mb L: 27/4149 MS: 2 ShuffleBytes-EraseBytes-
#635026	REDUCE cov: 485 ft: 1783 corp: 616/89Kb lim: 5588 exec/s: 90718 rss: 77Mb L: 644/4149 MS: 2 ShuffleBytes-EraseBytes-
#636183	REDUCE cov: 485 ft: 1783 corp: 616/89Kb lim: 5588 exec/s: 90883 rss: 77Mb L: 32/4149 MS: 2 ShuffleBytes-EraseBytes-
#637124	REDUCE cov: 485 ft: 1783 corp: 616/89Kb lim: 5588 exec/s: 91017 rss: 77Mb L: 27/4149 MS: 1 EraseBytes-
#639589	REDUCE cov: 485 ft: 1783 corp: 616/89Kb lim: 5612 exec/s: 91369 rss: 77Mb L: 1419/4149 MS: 5 ChangeByte-ShuffleBytes-ChangeBit-ChangeByte-EraseBytes-
#639966	REDUCE cov: 485 ft: 1783 corp: 616/89Kb lim: 5612 exec/s: 91423 rss: 77Mb L: 23/4149 MS: 2 ShuffleBytes-EraseBytes-
#640657	REDUCE cov: 485 ft: 1783 corp: 616/89Kb lim: 5612 exec/s: 80082 rss: 77Mb L: 224/4149 MS: 1 EraseBytes-
#642413	REDUCE cov: 485 ft: 1783 corp: 616/89Kb lim: 5624 exec/s: 80301 rss: 77Mb L: 498/4149 MS: 1 EraseBytes-
#642629	REDUCE cov: 485 ft: 1783 corp: 616/89Kb lim: 5624 exec/s: 80328 rss: 77Mb L: 301/4149 MS: 1 EraseBytes-
#643110	REDUCE cov: 485 ft: 1783 corp: 616/88Kb lim: 5624 exec/s: 80388 rss: 77Mb L: 1324/4149 MS: 1 EraseBytes-
#643186	REDUCE cov: 485 ft: 1783 corp: 616/88Kb lim: 5624 exec/s: 80398 rss: 77Mb L: 214/4149 MS: 1 EraseBytes-
#644014	REDUCE cov: 485 ft: 1783 corp: 616/88Kb lim: 5624 exec/s: 80501 rss: 77Mb L: 869/4149 MS: 3 ChangeASCIIInt-ChangeASCIIInt-EraseBytes-
#645825	REDUCE cov: 485 ft: 1783 corp: 616/88Kb lim: 5636 exec/s: 80728 rss: 77Mb L: 134/4149 MS: 1 EraseBytes-
#645836	REDUCE cov: 485 ft: 1783 corp: 616/88Kb lim: 5636 exec/s: 80729 rss: 77Mb L: 24/4149 MS: 1 EraseBytes-
#646567	REDUCE cov: 485 ft: 1783 corp: 616/88Kb lim: 5636 exec/s: 80820 rss: 77Mb L: 67/4149 MS: 1 EraseBytes-
#648388	REDUCE cov: 485 ft: 1783 corp: 616/88Kb lim: 5648 exec/s: 81048 rss: 77Mb L: 16/4149 MS: 1 EraseBytes-
#649329	REDUCE cov: 485 ft: 1783 corp: 616/88Kb lim: 5648 exec/s: 81166 rss: 77Mb L: 38/4149 MS: 1 EraseBytes-
#650611	REDUCE cov: 485 ft: 1783 corp: 616/88Kb lim: 5660 exec/s: 81326 rss: 77Mb L: 50/4149 MS: 2 InsertByte-EraseBytes-
#651037	REDUCE cov: 485 ft: 1783 corp: 616/88Kb lim: 5660 exec/s: 81379 rss: 77Mb L: 134/4149 MS: 1 EraseBytes-
#651868	REDUCE cov: 485 ft: 1783 corp: 616/88Kb lim: 5660 exec/s: 81483 rss: 77Mb L: 14/4149 MS: 1 EraseBytes-
#652909	REDUCE cov: 485 ft: 1783 corp: 616/88Kb lim: 5660 exec/s: 81613 rss: 77Mb L: 57/4149 MS: 1 EraseBytes-
#652910	REDUCE cov: 485 ft: 1783 corp: 616/88Kb lim: 5660 exec/s: 81613 rss: 77Mb L: 577/4149 MS: 1 EraseBytes-
#656671	REDUCE cov: 485 ft: 1783 corp: 616/88Kb lim: 5696 exec/s: 82083 rss: 77Mb L: 349/4149 MS: 1 EraseBytes-
#657513	REDUCE cov: 485 ft: 1783 corp: 616/88Kb lim: 5696 exec/s: 82189 rss: 77Mb L: 190/4149 MS: 2 ChangeBinInt-EraseBytes-
#657751	REDUCE cov: 485 ft: 1783 corp: 616/88Kb lim: 5696 exec/s: 82218 rss: 77Mb L: 349/4149 MS: 3 ChangeBit-ChangeASCIIInt-EraseBytes-
#658187	REDUCE cov: 485 ft: 1783 corp: 616/88Kb lim: 5696 exec/s: 82273 rss: 77Mb L: 44/4149 MS: 1 EraseBytes-
#659723	REDUCE cov: 485 ft: 1783 corp: 616/88Kb lim: 5708 exec/s: 82465 rss: 77Mb L: 52/4149 MS: 1 EraseBytes-
#660660	REDUCE cov: 485 ft: 1783 corp: 616/88Kb lim: 5708 exec/s: 82582 rss: 77Mb L: 8/4149 MS: 2 ShuffleBytes-EraseBytes-
#664331	REDUCE cov: 485 ft: 1783 corp: 616/88Kb lim: 5744 exec/s: 83041 rss: 77Mb L: 17/4149 MS: 1 EraseBytes-
#665417	REDUCE cov: 485 ft: 1784 corp: 617/89Kb lim: 5744 exec/s: 83177 rss: 77Mb L: 1179/4149 MS: 1 CopyPart-
#666612	REDUCE cov: 485 ft: 1784 corp: 617/89Kb lim: 5744 exec/s: 74068 rss: 77Mb L: 1609/4149 MS: 1 EraseBytes-
#667638	REDUCE cov: 485 ft: 1784 corp: 617/89Kb lim: 5744 exec/s: 74182 rss: 77Mb L: 243/4149 MS: 1 EraseBytes-
#667681	REDUCE cov: 485 ft: 1784 corp: 617/89Kb lim: 5744 exec/s: 74186 rss: 77Mb L: 299/4149 MS: 3 CopyPart-InsertByte-EraseBytes-
#670667	REDUCE cov: 485 ft: 1784 corp: 617/89Kb lim: 5768 exec/s: 74518 rss: 77Mb L: 260/4149 MS: 1 EraseBytes-
#671104	REDUCE cov: 485 ft: 1784 corp: 617/89Kb lim: 5768 exec/s: 74567 rss: 77Mb L: 130/4149 MS: 2 ChangeByte-EraseBytes-
#672161	REDUCE cov: 485 ft: 1784 corp: 617/89Kb lim: 5768 exec/s: 74684 rss: 77Mb L: 391/4149 MS: 2 ChangeByte-EraseBytes-
#673592	REDUCE cov: 485 ft: 1784 corp: 617/89Kb lim: 5780 exec/s: 74843 rss: 77Mb L: 1334/4149 MS: 1 EraseBytes-
#673603	REDUCE cov: 485 ft: 1784 corp: 617/89Kb lim: 5780 exec/s: 74844 rss: 77Mb L: 102/4149 MS: 1 EraseBytes-
#674444	REDUCE cov: 485 ft: 1784 corp: 617/89Kb lim: 5780 exec/s: 74938 rss: 77Mb L: 33/4149 MS: 1 EraseBytes-
#677275	REDUCE cov: 485 ft: 1784 corp: 617/89Kb lim: 5804 exec/s: 75252 rss: 77Mb L: 110/4149 MS: 1 EraseBytes-
#680486	REDUCE cov: 485 ft: 1784 corp: 617/89Kb lim: 5828 exec/s: 75609 rss: 77Mb L: 130/4149 MS: 1 EraseBytes-
#680612	REDUCE cov: 485 ft: 1784 corp: 617/89Kb lim: 5828 exec/s: 75623 rss: 77Mb L: 30/4149 MS: 1 EraseBytes-
#680876	REDUCE cov: 485 ft: 1784 corp: 617/89Kb lim: 5828 exec/s: 75652 rss: 77Mb L: 103/4149 MS: 4 ChangeASCIIInt-ChangeBinInt-ChangeByte-EraseBytes-
#681647	REDUCE cov: 485 ft: 1787 corp: 618/92Kb lim: 5828 exec/s: 75738 rss: 77Mb L: 2535/4149 MS: 1 CopyPart-
#682338	REDUCE cov: 485 ft: 1788 corp: 619/95Kb lim: 5828 exec/s: 75815 rss: 77Mb L: 3142/4149 MS: 1 CopyPart-
#682464	REDUCE cov: 485 ft: 1788 corp: 619/95Kb lim: 5828 exec/s: 75829 rss: 77Mb L: 69/4149 MS: 1 EraseBytes-
#682525	REDUCE cov: 485 ft: 1788 corp: 619/95Kb lim: 5828 exec/s: 75836 rss: 77Mb L: 99/4149 MS: 1 EraseBytes-
#683166	REDUCE cov: 485 ft: 1788 corp: 619/95Kb lim: 5828 exec/s: 75907 rss: 77Mb L: 1407/4149 MS: 1 EraseBytes-
#684429	REDUCE cov: 485 ft: 1788 corp: 619/95Kb lim: 5840 exec/s: 76047 rss: 77Mb L: 427/4149 MS: 3 PersAutoDict-ChangeBit-EraseBytes- DE: "\377\377\377\377\377\377\377o"-
#686270	REDUCE cov: 485 ft: 1788 corp: 619/95Kb lim: 5852 exec/s: 76252 rss: 77Mb L: 23/4149 MS: 1 EraseBytes-
#687342	REDUCE cov: 485 ft: 1788 corp: 619/94Kb lim: 5852 exec/s: 76371 rss: 77Mb L: 218/4149 MS: 2 ChangeBit-EraseBytes-
#687394	REDUCE cov: 485 ft: 1788 corp: 619/94Kb lim: 5852 exec/s: 76377 rss: 77Mb L: 207/4149 MS: 2 ChangeByte-EraseBytes-
#687620	REDUCE cov: 485 ft: 1788 corp: 619/94Kb lim: 5852 exec/s: 76402 rss: 77Mb L: 48/4149 MS: 1 EraseBytes-
#688037	REDUCE cov: 485 ft: 1788 corp: 619/94Kb lim: 5852 exec/s: 76448 rss: 77Mb L: 88/4149 MS: 2 ChangeASCIIInt-EraseBytes-
#690153	REDUCE cov: 485 ft: 1788 corp: 619/94Kb lim: 5864 exec/s: 76683 rss: 77Mb L: 373/4149 MS: 1 EraseBytes-
#691859	REDUCE cov: 485 ft: 1788 corp: 619/94Kb lim: 5876 exec/s: 76873 rss: 77Mb L: 82/4149 MS: 1 EraseBytes-
#692810	REDUCE cov: 485 ft: 1788 corp: 619/94Kb lim: 5876 exec/s: 76978 rss: 77Mb L: 91/4149 MS: 1 EraseBytes-
#693077	REDUCE cov: 485 ft: 1788 corp: 619/94Kb lim: 5876 exec/s: 77008 rss: 77Mb L: 488/4149 MS: 2 ShuffleBytes-EraseBytes-
#695593	REDUCE cov: 485 ft: 1788 corp: 619/94Kb lim: 5900 exec/s: 77288 rss: 77Mb L: 68/4149 MS: 1 EraseBytes-
#696190	REDUCE cov: 485 ft: 1788 corp: 619/94Kb lim: 5900 exec/s: 77354 rss: 77Mb L: 1413/4149 MS: 2 CopyPart-EraseBytes-
#698072	REDUCE cov: 485 ft: 1788 corp: 619/94Kb lim: 5912 exec/s: 77563 rss: 77Mb L: 269/4149 MS: 2 CopyPart-EraseBytes-
#701343	REDUCE cov: 485 ft: 1788 corp: 619/94Kb lim: 5936 exec/s: 77927 rss: 77Mb L: 84/4149 MS: 1 EraseBytes-
#702220	REDUCE cov: 485 ft: 1788 corp: 619/94Kb lim: 5936 exec/s: 78024 rss: 77Mb L: 2305/4149 MS: 2 ChangeBit-EraseBytes-
#702936	REDUCE cov: 485 ft: 1790 corp: 620/94Kb lim: 5936 exec/s: 78104 rss: 77Mb L: 391/4149 MS: 1 CopyPart-
#705557	REDUCE cov: 485 ft: 1790 corp: 620/94Kb lim: 5960 exec/s: 78395 rss: 77Mb L: 2187/4149 MS: 1 EraseBytes-
#707948	REDUCE cov: 485 ft: 1790 corp: 620/94Kb lim: 5972 exec/s: 70794 rss: 77Mb L: 101/4149 MS: 1 EraseBytes-
#709269	REDUCE cov: 485 ft: 1790 corp: 620/94Kb lim: 5984 exec/s: 70926 rss: 77Mb L: 95/4149 MS: 1 EraseBytes-
#709295	REDUCE cov: 485 ft: 1790 corp: 620/94Kb lim: 5984 exec/s: 70929 rss: 77Mb L: 743/4149 MS: 1 EraseBytes-
#711072	REDUCE cov: 485 ft: 1790 corp: 620/94Kb lim: 5996 exec/s: 71107 rss: 77Mb L: 1040/4149 MS: 2 CrossOver-EraseBytes-
#711228	REDUCE cov: 485 ft: 1790 corp: 620/94Kb lim: 5996 exec/s: 71122 rss: 77Mb L: 16/4149 MS: 1 EraseBytes-
#712744	REDUCE cov: 485 ft: 1790 corp: 620/94Kb lim: 6008 exec/s: 71274 rss: 77Mb L: 181/4149 MS: 1 EraseBytes-
#713390	REDUCE cov: 485 ft: 1790 corp: 620/94Kb lim: 6008 exec/s: 71339 rss: 77Mb L: 49/4149 MS: 1 EraseBytes-
#714946	REDUCE cov: 485 ft: 1790 corp: 620/94Kb lim: 6020 exec/s: 71494 rss: 77Mb L: 104/4149 MS: 1 EraseBytes-
#716708	REDUCE cov: 485 ft: 1790 corp: 620/94Kb lim: 6032 exec/s: 71670 rss: 77Mb L: 1143/4149 MS: 2 ChangeBit-EraseBytes-
#717225	REDUCE cov: 485 ft: 1790 corp: 620/94Kb lim: 6032 exec/s: 71722 rss: 77Mb L: 105/4149 MS: 2 ChangeBinInt-EraseBytes-
#717311	REDUCE cov: 485 ft: 1790 corp: 620/94Kb lim: 6032 exec/s: 71731 rss: 77Mb L: 33/4149 MS: 1 EraseBytes-
#718272	REDUCE cov: 485 ft: 1790 corp: 620/94Kb lim: 6032 exec/s: 71827 rss: 77Mb L: 336/4149 MS: 1 EraseBytes-
#718968	REDUCE cov: 485 ft: 1790 corp: 620/94Kb lim: 6032 exec/s: 71896 rss: 77Mb L: 379/4149 MS: 1 EraseBytes-
#719044	REDUCE cov: 485 ft: 1790 corp: 620/94Kb lim: 6032 exec/s: 71904 rss: 77Mb L: 1580/4149 MS: 1 EraseBytes-
#721940	REDUCE cov: 485 ft: 1790 corp: 620/94Kb lim: 6056 exec/s: 72194 rss: 77Mb L: 72/4149 MS: 1 EraseBytes-
#722030	REDUCE cov: 485 ft: 1790 corp: 620/94Kb lim: 6056 exec/s: 72203 rss: 77Mb L: 1385/4149 MS: 5 ShuffleBytes-ShuffleBytes-CopyPart-ChangeBinInt-EraseBytes-
#722301	REDUCE cov: 485 ft: 1790 corp: 620/94Kb lim: 6056 exec/s: 72230 rss: 77Mb L: 2164/4149 MS: 1 EraseBytes-
#724787	REDUCE cov: 485 ft: 1790 corp: 620/94Kb lim: 6080 exec/s: 72478 rss: 77Mb L: 46/4149 MS: 1 EraseBytes-
#725343	REDUCE cov: 485 ft: 1790 corp: 620/94Kb lim: 6080 exec/s: 72534 rss: 77Mb L: 1882/4149 MS: 1 EraseBytes-
#725449	REDUCE cov: 485 ft: 1790 corp: 620/94Kb lim: 6080 exec/s: 72544 rss: 77Mb L: 59/4149 MS: 1 EraseBytes-
#725706	REDUCE cov: 485 ft: 1790 corp: 620/94Kb lim: 6080 exec/s: 72570 rss: 77Mb L: 72/4149 MS: 2 InsertByte-EraseBytes-
#725811	REDUCE cov: 485 ft: 1790 corp: 620/94Kb lim: 6080 exec/s: 72581 rss: 77Mb L: 127/4149 MS: 5 PersAutoDict-ChangeByte-ShuffleBytes-CopyPart-EraseBytes- DE: "\377\377"-
#726977	REDUCE cov: 485 ft: 1790 corp: 620/94Kb lim: 6080 exec/s: 72697 rss: 77Mb L: 60/4149 MS: 1 EraseBytes-
#727228	REDUCE cov: 485 ft: 1790 corp: 620/94Kb lim: 6080 exec/s: 72722 rss: 77Mb L: 29/4149 MS: 1 EraseBytes-
#732395	REDUCE cov: 485 ft: 1790 corp: 620/94Kb lim: 6128 exec/s: 73239 rss: 77Mb L: 83/4149 MS: 2 ShuffleBytes-EraseBytes-
#733476	REDUCE cov: 485 ft: 1790 corp: 620/94Kb lim: 6128 exec/s: 73347 rss: 77Mb L: 37/4149 MS: 1 EraseBytes-
#734177	REDUCE cov: 485 ft: 1790 corp: 620/94Kb lim: 6128 exec/s: 73417 rss: 77Mb L: 22/4149 MS: 1 EraseBytes-
#735403	REDUCE cov: 485 ft: 1790 corp: 620/94Kb lim: 6140 exec/s: 73540 rss: 77Mb L: 127/4149 MS: 1 EraseBytes-
#735809	REDUCE cov: 485 ft: 1790 corp: 620/94Kb lim: 6140 exec/s: 73580 rss: 77Mb L: 219/4149 MS: 1 EraseBytes-
#736070	REDUCE cov: 485 ft: 1790 corp: 620/93Kb lim: 6140 exec/s: 73607 rss: 77Mb L: 104/4149 MS: 1 EraseBytes-
#740916	REDUCE cov: 485 ft: 1790 corp: 620/93Kb lim: 6188 exec/s: 74091 rss: 77Mb L: 10/4149 MS: 1 EraseBytes-
#741437	REDUCE cov: 485 ft: 1790 corp: 620/93Kb lim: 6188 exec/s: 74143 rss: 77Mb L: 8/4149 MS: 1 EraseBytes-
#745378	REDUCE cov: 485 ft: 1790 corp: 620/93Kb lim: 6224 exec/s: 74537 rss: 77Mb L: 106/4149 MS: 1 EraseBytes-
#745504	REDUCE cov: 485 ft: 1790 corp: 620/93Kb lim: 6224 exec/s: 74550 rss: 77Mb L: 109/4149 MS: 1 EraseBytes-
#746901	REDUCE cov: 485 ft: 1790 corp: 620/93Kb lim: 6236 exec/s: 74690 rss: 77Mb L: 236/4149 MS: 2 ShuffleBytes-EraseBytes-
#747173	REDUCE cov: 485 ft: 1790 corp: 620/93Kb lim: 6236 exec/s: 74717 rss: 77Mb L: 770/4149 MS: 2 InsertRepeatedBytes-EraseBytes-
#749420	REDUCE cov: 485 ft: 1790 corp: 620/93Kb lim: 6248 exec/s: 74942 rss: 77Mb L: 546/4149 MS: 2 InsertByte-EraseBytes-
#750487	REDUCE cov: 485 ft: 1790 corp: 620/93Kb lim: 6248 exec/s: 75048 rss: 77Mb L: 32/4149 MS: 2 ChangeBinInt-EraseBytes-
#750668	REDUCE cov: 485 ft: 1790 corp: 620/93Kb lim: 6248 exec/s: 75066 rss: 77Mb L: 998/4149 MS: 1 EraseBytes-
#750724	REDUCE cov: 485 ft: 1790 corp: 620/93Kb lim: 6248 exec/s: 75072 rss: 77Mb L: 67/4149 MS: 1 EraseBytes-
#752045	REDUCE cov: 485 ft: 1790 corp: 620/93Kb lim: 6260 exec/s: 75204 rss: 77Mb L: 63/4149 MS: 1 EraseBytes-
#753180	DONE   cov: 485 ft: 1790 corp: 620/93Kb lim: 6260 exec/s: 68470 rss: 77Mb
###### Recommended dictionary. ######
"\377\377\377\377\377\377\377o" # Uses: 19664
"\000\000" # Uses: 15372
".\000\000\000\000\000\000\000" # Uses: 13810
"\001\000{;fF\001\200" # Uses: 11536
"\377\377" # Uses: 3689
###### End of recommended dictionary. ######
Done 753180 runs in 11 second(s)
stat::number_of_executed_units: 753180
stat::average_exec_per_sec:     68470
stat::new_units_added:          690
stat::slowest_unit_time_sec:    0
stat::peak_rss_mb:              77
==225==Can't open /proc/222/task for reading.
==222==LeakSanitizer has encountered a fatal error.
==222==HINT: For debugging, try setting environment variable LSAN_OPTIONS=verbosity=1:log_threads=1
==222==HINT: LeakSanitizer does not work under ptrace (strace, gdb, etc)
==222==HINT: LeakSanitizer requires ptrace_scope to be disabled (e.g. echo 0 > /proc/sys/kernel/yama/ptrace_scope)
MS: 5 ChangeASCIIInt-InsertRepeatedBytes-CopyPart-ShuffleBytes-InsertByte-; base unit: d7ef1fa5d3926296c9a3e5c15d70e277148a64cb


artifact_prefix='./'; Test unit written to ./crash-da39a3ee5e6b4b0d3255bfef95601890afd80709
Base64: 
stat::number_of_executed_units: 753180
stat::average_exec_per_sec:     68470
stat::new_units_added:          690
stat::slowest_unit_time_sec:    0
stat::peak_rss_mb:              77
