INFO: Running with entropic power schedule (0xFF, 100).
INFO: Seed: 1816557034
INFO: Loaded 1 modules   (1667 inline 8-bit counters): 1667 [0x564333b66a80, 0x564333b67103), 
INFO: Loaded 1 PC tables (1667 PCs): 1667 [0x564333b67108,0x564333b6d938), 
INFO:     1635 files found in /workspace/scratch/56bc7a3aaff8/aor/fuzz/corpus/request
INFO: seed corpus: files: 1635 min: 1b max: 4149b total: 247875b rss: 31Mb
#1636	INITED cov: 485 ft: 1790 corp: 621/93Kb exec/s: 0 rss: 60Mb
#2317	REDUCE cov: 485 ft: 1790 corp: 621/93Kb lim: 4161 exec/s: 0 rss: 61Mb L: 31/4149 MS: 1 EraseBytes-
#3000	REDUCE cov: 485 ft: 1790 corp: 621/93Kb lim: 4161 exec/s: 0 rss: 61Mb L: 8/4149 MS: 3 ChangeBit-InsertByte-EraseBytes-
#3141	REDUCE cov: 485 ft: 1790 corp: 621/93Kb lim: 4161 exec/s: 0 rss: 61Mb L: 729/4149 MS: 1 EraseBytes-
#3782	REDUCE cov: 485 ft: 1790 corp: 621/93Kb lim: 4161 exec/s: 0 rss: 62Mb L: 69/4149 MS: 1 EraseBytes-
#4059	REDUCE cov: 485 ft: 1790 corp: 621/93Kb lim: 4161 exec/s: 0 rss: 62Mb L: 57/4149 MS: 2 ShuffleBytes-EraseBytes-
#4159	REDUCE cov: 485 ft: 1790 corp: 621/93Kb lim: 4161 exec/s: 0 rss: 62Mb L: 58/4149 MS: 5 ChangeBit-InsertByte-ChangeByte-ChangeBit-EraseBytes-
#4961	REDUCE cov: 485 ft: 1790 corp: 621/93Kb lim: 4161 exec/s: 0 rss: 63Mb L: 54/4149 MS: 2 ChangeByte-EraseBytes-
#6007	REDUCE cov: 485 ft: 1790 corp: 621/93Kb lim: 4161 exec/s: 0 rss: 63Mb L: 334/4149 MS: 1 EraseBytes-
#7406	NEW    cov: 485 ft: 1796 corp: 622/94Kb lim: 4173 exec/s: 0 rss: 64Mb L: 681/4149 MS: 4 ChangeByte-CopyPart-ChangeASCIIInt-CopyPart-
#8257	REDUCE cov: 485 ft: 1796 corp: 622/94Kb lim: 4173 exec/s: 0 rss: 65Mb L: 2958/4149 MS: 1 EraseBytes-
#9953	REDUCE cov: 485 ft: 1796 corp: 622/94Kb lim: 4185 exec/s: 0 rss: 66Mb L: 29/4149 MS: 1 EraseBytes-
#10289	REDUCE cov: 485 ft: 1796 corp: 622/94Kb lim: 4185 exec/s: 0 rss: 66Mb L: 44/4149 MS: 1 EraseBytes-
#11965	REDUCE cov: 485 ft: 1796 corp: 622/94Kb lim: 4197 exec/s: 0 rss: 67Mb L: 114/4149 MS: 1 EraseBytes-
#12463	REDUCE cov: 485 ft: 1796 corp: 622/94Kb lim: 4197 exec/s: 0 rss: 67Mb L: 441/4149 MS: 3 ChangeBinInt-ChangeBit-EraseBytes-
#12634	REDUCE cov: 485 ft: 1796 corp: 622/94Kb lim: 4197 exec/s: 0 rss: 67Mb L: 208/4149 MS: 1 EraseBytes-
#14850	REDUCE cov: 485 ft: 1796 corp: 622/94Kb lim: 4209 exec/s: 0 rss: 68Mb L: 158/4149 MS: 1 EraseBytes-
#15831	REDUCE cov: 485 ft: 1796 corp: 622/94Kb lim: 4209 exec/s: 0 rss: 69Mb L: 78/4149 MS: 1 EraseBytes-
#16033	REDUCE cov: 485 ft: 1796 corp: 622/94Kb lim: 4209 exec/s: 0 rss: 69Mb L: 101/4149 MS: 2 ChangeBinInt-EraseBytes-
#17599	REDUCE cov: 485 ft: 1796 corp: 622/94Kb lim: 4221 exec/s: 0 rss: 70Mb L: 53/4149 MS: 1 EraseBytes-
#20060	REDUCE cov: 485 ft: 1796 corp: 622/94Kb lim: 4245 exec/s: 0 rss: 71Mb L: 28/4149 MS: 1 EraseBytes-
#21491	REDUCE cov: 485 ft: 1796 corp: 622/94Kb lim: 4257 exec/s: 0 rss: 72Mb L: 2944/4149 MS: 1 EraseBytes-
#22721	REDUCE cov: 485 ft: 1796 corp: 622/94Kb lim: 4269 exec/s: 0 rss: 73Mb L: 153/4149 MS: 5 ChangeBinInt-InsertRepeatedBytes-ChangeBit-EraseBytes-EraseBytes-
#23407	REDUCE cov: 485 ft: 1796 corp: 622/94Kb lim: 4269 exec/s: 0 rss: 73Mb L: 46/4149 MS: 1 EraseBytes-
#23513	REDUCE cov: 485 ft: 1796 corp: 622/94Kb lim: 4269 exec/s: 0 rss: 73Mb L: 28/4149 MS: 1 EraseBytes-
#23750	REDUCE cov: 485 ft: 1796 corp: 622/94Kb lim: 4269 exec/s: 0 rss: 73Mb L: 47/4149 MS: 2 ChangeBinInt-EraseBytes-
#23936	REDUCE cov: 485 ft: 1796 corp: 622/94Kb lim: 4269 exec/s: 0 rss: 73Mb L: 20/4149 MS: 1 EraseBytes-
#28297	REDUCE cov: 485 ft: 1796 corp: 622/94Kb lim: 4305 exec/s: 0 rss: 75Mb L: 78/4149 MS: 1 EraseBytes-
#28394	REDUCE cov: 485 ft: 1796 corp: 622/94Kb lim: 4305 exec/s: 0 rss: 75Mb L: 32/4149 MS: 2 ChangeBit-EraseBytes-
#29740	REDUCE cov: 485 ft: 1796 corp: 622/94Kb lim: 4317 exec/s: 0 rss: 76Mb L: 25/4149 MS: 1 EraseBytes-
#33566	REDUCE cov: 485 ft: 1796 corp: 622/94Kb lim: 4353 exec/s: 0 rss: 77Mb L: 70/4149 MS: 1 EraseBytes-
#34562	REDUCE cov: 485 ft: 1796 corp: 622/94Kb lim: 4353 exec/s: 0 rss: 77Mb L: 15/4149 MS: 1 EraseBytes-
#37018	REDUCE cov: 485 ft: 1796 corp: 622/94Kb lim: 4377 exec/s: 0 rss: 77Mb L: 62/4149 MS: 1 EraseBytes-
#38200	REDUCE cov: 485 ft: 1796 corp: 622/94Kb lim: 4377 exec/s: 0 rss: 77Mb L: 344/4149 MS: 2 ChangeBit-EraseBytes-
#38581	REDUCE cov: 485 ft: 1796 corp: 622/94Kb lim: 4377 exec/s: 0 rss: 77Mb L: 58/4149 MS: 1 EraseBytes-
#39149	REDUCE cov: 485 ft: 1796 corp: 622/94Kb lim: 4377 exec/s: 0 rss: 77Mb L: 216/4149 MS: 3 ChangeBit-ChangeBit-EraseBytes-
#41752	REDUCE cov: 485 ft: 1796 corp: 622/94Kb lim: 4401 exec/s: 0 rss: 77Mb L: 578/4149 MS: 3 CopyPart-EraseBytes-CopyPart-
#43048	REDUCE cov: 485 ft: 1796 corp: 622/94Kb lim: 4413 exec/s: 0 rss: 78Mb L: 279/4149 MS: 1 EraseBytes-
#43285	REDUCE cov: 485 ft: 1796 corp: 622/94Kb lim: 4413 exec/s: 0 rss: 78Mb L: 9/4149 MS: 2 ShuffleBytes-EraseBytes-
#43562	REDUCE cov: 485 ft: 1796 corp: 622/94Kb lim: 4413 exec/s: 0 rss: 78Mb L: 435/4149 MS: 2 ChangeASCIIInt-EraseBytes-
#47005	REDUCE cov: 485 ft: 1796 corp: 622/94Kb lim: 4437 exec/s: 0 rss: 78Mb L: 1026/4149 MS: 3 ChangeByte-ChangeBinInt-EraseBytes-
#48941	REDUCE cov: 485 ft: 1796 corp: 622/94Kb lim: 4449 exec/s: 0 rss: 78Mb L: 52/4149 MS: 1 EraseBytes-
#51792	REDUCE cov: 485 ft: 1796 corp: 622/94Kb lim: 4473 exec/s: 0 rss: 78Mb L: 39/4149 MS: 1 EraseBytes-
#56603	NEW    cov: 485 ft: 1799 corp: 623/94Kb lim: 4509 exec/s: 0 rss: 78Mb L: 112/4149 MS: 1 CrossOver-
#57434	REDUCE cov: 485 ft: 1799 corp: 623/94Kb lim: 4509 exec/s: 0 rss: 78Mb L: 286/4149 MS: 1 EraseBytes-
#58085	REDUCE cov: 485 ft: 1799 corp: 623/94Kb lim: 4509 exec/s: 0 rss: 78Mb L: 55/4149 MS: 1 EraseBytes-
#58718	REDUCE cov: 485 ft: 1799 corp: 623/94Kb lim: 4509 exec/s: 0 rss: 78Mb L: 91/4149 MS: 3 ChangeByte-EraseBytes-ChangeBinInt-
#59014	REDUCE cov: 485 ft: 1799 corp: 623/94Kb lim: 4509 exec/s: 0 rss: 78Mb L: 25/4149 MS: 1 EraseBytes-
#60065	REDUCE cov: 485 ft: 1799 corp: 623/94Kb lim: 4509 exec/s: 0 rss: 78Mb L: 26/4149 MS: 1 EraseBytes-
#60671	REDUCE cov: 486 ft: 1800 corp: 624/94Kb lim: 4509 exec/s: 0 rss: 78Mb L: 95/4149 MS: 1 EraseBytes-
#61537	REDUCE cov: 486 ft: 1800 corp: 624/94Kb lim: 4509 exec/s: 0 rss: 78Mb L: 81/4149 MS: 1 EraseBytes-
#62988	REDUCE cov: 486 ft: 1800 corp: 624/94Kb lim: 4521 exec/s: 0 rss: 79Mb L: 10/4149 MS: 1 EraseBytes-
#63894	REDUCE cov: 486 ft: 1800 corp: 624/94Kb lim: 4521 exec/s: 0 rss: 79Mb L: 475/4149 MS: 1 EraseBytes-
#64615	REDUCE cov: 486 ft: 1800 corp: 624/94Kb lim: 4521 exec/s: 0 rss: 79Mb L: 129/4149 MS: 1 EraseBytes-
#65001	REDUCE cov: 486 ft: 1800 corp: 624/94Kb lim: 4521 exec/s: 0 rss: 79Mb L: 97/4149 MS: 1 EraseBytes-
#66147	REDUCE cov: 486 ft: 1800 corp: 624/94Kb lim: 4521 exec/s: 0 rss: 79Mb L: 231/4149 MS: 1 EraseBytes-
#66885	REDUCE cov: 486 ft: 1800 corp: 624/94Kb lim: 4521 exec/s: 0 rss: 79Mb L: 228/4149 MS: 3 ShuffleBytes-InsertByte-EraseBytes-
#67026	REDUCE cov: 486 ft: 1800 corp: 624/94Kb lim: 4521 exec/s: 0 rss: 79Mb L: 94/4149 MS: 1 EraseBytes-
#67357	REDUCE cov: 486 ft: 1800 corp: 624/94Kb lim: 4521 exec/s: 0 rss: 79Mb L: 33/4149 MS: 1 EraseBytes-
#67378	REDUCE cov: 486 ft: 1800 corp: 624/94Kb lim: 4521 exec/s: 0 rss: 79Mb L: 205/4149 MS: 1 EraseBytes-
#68949	REDUCE cov: 486 ft: 1800 corp: 624/94Kb lim: 4533 exec/s: 0 rss: 79Mb L: 180/4149 MS: 1 EraseBytes-
#70900	REDUCE cov: 486 ft: 1800 corp: 624/94Kb lim: 4545 exec/s: 0 rss: 79Mb L: 376/4149 MS: 1 EraseBytes-
#71932	REDUCE cov: 486 ft: 1800 corp: 624/94Kb lim: 4545 exec/s: 0 rss: 79Mb L: 17/4149 MS: 2 ShuffleBytes-EraseBytes-
#72658	REDUCE cov: 486 ft: 1800 corp: 624/94Kb lim: 4545 exec/s: 0 rss: 79Mb L: 26/4149 MS: 1 EraseBytes-
#72786	REDUCE cov: 486 ft: 1800 corp: 624/94Kb lim: 4545 exec/s: 0 rss: 79Mb L: 1485/4149 MS: 3 CopyPart-ChangeBinInt-EraseBytes-
#74462	REDUCE cov: 486 ft: 1800 corp: 624/94Kb lim: 4557 exec/s: 0 rss: 79Mb L: 156/4149 MS: 1 EraseBytes-
#74728	REDUCE cov: 486 ft: 1800 corp: 624/94Kb lim: 4557 exec/s: 0 rss: 79Mb L: 32/4149 MS: 1 EraseBytes-
#75069	REDUCE cov: 486 ft: 1800 corp: 624/94Kb lim: 4557 exec/s: 0 rss: 79Mb L: 37/4149 MS: 1 EraseBytes-
#75640	REDUCE cov: 486 ft: 1800 corp: 624/93Kb lim: 4557 exec/s: 0 rss: 79Mb L: 58/4149 MS: 1 EraseBytes-
#76277	REDUCE cov: 486 ft: 1800 corp: 624/93Kb lim: 4557 exec/s: 0 rss: 79Mb L: 470/4149 MS: 2 CopyPart-EraseBytes-
#77768	REDUCE cov: 486 ft: 1800 corp: 624/93Kb lim: 4569 exec/s: 0 rss: 79Mb L: 28/4149 MS: 1 EraseBytes-
#78354	REDUCE cov: 486 ft: 1800 corp: 624/93Kb lim: 4569 exec/s: 0 rss: 79Mb L: 177/4149 MS: 1 EraseBytes-
#78840	REDUCE cov: 486 ft: 1800 corp: 624/93Kb lim: 4569 exec/s: 0 rss: 79Mb L: 41/4149 MS: 1 EraseBytes-
#80131	REDUCE cov: 486 ft: 1800 corp: 624/93Kb lim: 4581 exec/s: 80131 rss: 79Mb L: 291/4149 MS: 1 EraseBytes-
#80168	REDUCE cov: 486 ft: 1800 corp: 624/93Kb lim: 4581 exec/s: 80168 rss: 79Mb L: 60/4149 MS: 2 ChangeBinInt-EraseBytes-
#81614	REDUCE cov: 486 ft: 1800 corp: 624/93Kb lim: 4593 exec/s: 81614 rss: 79Mb L: 42/4149 MS: 1 EraseBytes-
#81956	REDUCE cov: 486 ft: 1800 corp: 624/93Kb lim: 4593 exec/s: 81956 rss: 79Mb L: 285/4149 MS: 2 ChangeASCIIInt-EraseBytes-
#82379	REDUCE cov: 486 ft: 1800 corp: 624/93Kb lim: 4593 exec/s: 82379 rss: 79Mb L: 721/4149 MS: 3 InsertByte-ShuffleBytes-EraseBytes-
#88609	REDUCE cov: 486 ft: 1800 corp: 624/93Kb lim: 4653 exec/s: 88609 rss: 80Mb L: 44/4149 MS: 1 EraseBytes-
#90446	REDUCE cov: 486 ft: 1800 corp: 624/93Kb lim: 4665 exec/s: 90446 rss: 80Mb L: 15/4149 MS: 2 ShuffleBytes-EraseBytes-
#93803	REDUCE cov: 486 ft: 1800 corp: 624/93Kb lim: 4689 exec/s: 93803 rss: 80Mb L: 184/4149 MS: 2 ChangeBinInt-EraseBytes-
#95989	REDUCE cov: 486 ft: 1800 corp: 624/93Kb lim: 4701 exec/s: 95989 rss: 80Mb L: 1386/4149 MS: 1 EraseBytes-
#96730	REDUCE cov: 486 ft: 1800 corp: 624/93Kb lim: 4701 exec/s: 96730 rss: 80Mb L: 23/4149 MS: 1 EraseBytes-
#97486	REDUCE cov: 486 ft: 1800 corp: 624/93Kb lim: 4701 exec/s: 97486 rss: 80Mb L: 50/4149 MS: 1 EraseBytes-
#98981	REDUCE cov: 486 ft: 1800 corp: 624/93Kb lim: 4713 exec/s: 98981 rss: 80Mb L: 2910/4149 MS: 5 ChangeBit-InsertByte-ChangeBit-ShuffleBytes-EraseBytes-
#100142	REDUCE cov: 486 ft: 1800 corp: 624/93Kb lim: 4713 exec/s: 100142 rss: 80Mb L: 21/4149 MS: 1 EraseBytes-
#100883	REDUCE cov: 486 ft: 1800 corp: 624/93Kb lim: 4713 exec/s: 100883 rss: 80Mb L: 64/4149 MS: 1 EraseBytes-
#102687	REDUCE cov: 486 ft: 1800 corp: 624/93Kb lim: 4725 exec/s: 102687 rss: 80Mb L: 1268/4149 MS: 4 ChangeByte-ChangeByte-ChangeASCIIInt-EraseBytes-
#103420	REDUCE cov: 486 ft: 1800 corp: 624/93Kb lim: 4725 exec/s: 103420 rss: 80Mb L: 51/4149 MS: 3 ChangeBit-ChangeASCIIInt-EraseBytes-
#103562	REDUCE cov: 486 ft: 1800 corp: 624/93Kb lim: 4725 exec/s: 103562 rss: 80Mb L: 9/4149 MS: 2 ChangeBit-EraseBytes-
#104093	REDUCE cov: 486 ft: 1800 corp: 624/93Kb lim: 4725 exec/s: 104093 rss: 80Mb L: 983/4149 MS: 1 EraseBytes-
#104109	REDUCE cov: 486 ft: 1800 corp: 624/93Kb lim: 4725 exec/s: 104109 rss: 80Mb L: 89/4149 MS: 1 EraseBytes-
#105013	REDUCE cov: 486 ft: 1800 corp: 624/93Kb lim: 4725 exec/s: 105013 rss: 80Mb L: 1394/4149 MS: 4 ShuffleBytes-ChangeByte-CopyPart-EraseBytes-
#105575	REDUCE cov: 486 ft: 1800 corp: 624/93Kb lim: 4725 exec/s: 105575 rss: 80Mb L: 8/4149 MS: 2 CopyPart-EraseBytes-
#107682	REDUCE cov: 486 ft: 1800 corp: 624/93Kb lim: 4737 exec/s: 107682 rss: 80Mb L: 1395/4149 MS: 2 CopyPart-EraseBytes-
#108748	REDUCE cov: 486 ft: 1800 corp: 624/93Kb lim: 4737 exec/s: 108748 rss: 80Mb L: 1282/4149 MS: 1 EraseBytes-
#109204	REDUCE cov: 486 ft: 1800 corp: 624/93Kb lim: 4737 exec/s: 109204 rss: 80Mb L: 42/4149 MS: 1 EraseBytes-
#109800	REDUCE cov: 486 ft: 1800 corp: 624/93Kb lim: 4737 exec/s: 109800 rss: 80Mb L: 37/4149 MS: 1 EraseBytes-
#110132	REDUCE cov: 486 ft: 1800 corp: 624/93Kb lim: 4737 exec/s: 110132 rss: 80Mb L: 76/4149 MS: 2 ChangeASCIIInt-EraseBytes-
#110278	REDUCE cov: 486 ft: 1800 corp: 624/93Kb lim: 4737 exec/s: 110278 rss: 80Mb L: 45/4149 MS: 1 EraseBytes-
#111449	REDUCE cov: 486 ft: 1800 corp: 624/93Kb lim: 4737 exec/s: 111449 rss: 80Mb L: 55/4149 MS: 1 EraseBytes-
#111540	REDUCE cov: 486 ft: 1800 corp: 624/93Kb lim: 4737 exec/s: 111540 rss: 80Mb L: 31/4149 MS: 1 EraseBytes-
#112757	REDUCE cov: 486 ft: 1800 corp: 624/93Kb lim: 4749 exec/s: 112757 rss: 80Mb L: 25/4149 MS: 2 ChangeByte-EraseBytes-
#113693	REDUCE cov: 486 ft: 1800 corp: 624/93Kb lim: 4749 exec/s: 113693 rss: 80Mb L: 75/4149 MS: 1 EraseBytes-
#114130	REDUCE cov: 486 ft: 1800 corp: 624/93Kb lim: 4749 exec/s: 114130 rss: 80Mb L: 1371/4149 MS: 2 ChangeByte-EraseBytes-
#114136	REDUCE cov: 486 ft: 1800 corp: 624/93Kb lim: 4749 exec/s: 114136 rss: 80Mb L: 72/4149 MS: 1 EraseBytes-
#114772	REDUCE cov: 486 ft: 1800 corp: 624/93Kb lim: 4749 exec/s: 114772 rss: 80Mb L: 43/4149 MS: 1 EraseBytes-
#116643	REDUCE cov: 486 ft: 1800 corp: 624/93Kb lim: 4761 exec/s: 116643 rss: 80Mb L: 18/4149 MS: 1 EraseBytes-
#117390	REDUCE cov: 486 ft: 1800 corp: 624/93Kb lim: 4761 exec/s: 117390 rss: 80Mb L: 57/4149 MS: 2 ShuffleBytes-EraseBytes-
#118492	REDUCE cov: 486 ft: 1800 corp: 624/93Kb lim: 4761 exec/s: 118492 rss: 80Mb L: 91/4149 MS: 2 ChangeBinInt-EraseBytes-
#119059	REDUCE cov: 486 ft: 1800 corp: 624/93Kb lim: 4761 exec/s: 119059 rss: 80Mb L: 46/4149 MS: 2 CopyPart-EraseBytes-
#120185	REDUCE cov: 486 ft: 1800 corp: 624/93Kb lim: 4761 exec/s: 120185 rss: 80Mb L: 7/4149 MS: 1 EraseBytes-
#123881	REDUCE cov: 486 ft: 1800 corp: 624/93Kb lim: 4797 exec/s: 123881 rss: 80Mb L: 100/4149 MS: 1 EraseBytes-
#124722	REDUCE cov: 486 ft: 1800 corp: 624/93Kb lim: 4797 exec/s: 124722 rss: 80Mb L: 1312/4149 MS: 1 EraseBytes-
#125013	REDUCE cov: 486 ft: 1800 corp: 624/93Kb lim: 4797 exec/s: 125013 rss: 80Mb L: 16/4149 MS: 1 EraseBytes-
#125250	NEW    cov: 486 ft: 1801 corp: 625/93Kb lim: 4797 exec/s: 125250 rss: 80Mb L: 440/4149 MS: 2 InsertByte-CopyPart-
#125286	REDUCE cov: 486 ft: 1801 corp: 625/93Kb lim: 4797 exec/s: 125286 rss: 80Mb L: 474/4149 MS: 1 EraseBytes-
#126172	REDUCE cov: 486 ft: 1801 corp: 625/93Kb lim: 4797 exec/s: 126172 rss: 80Mb L: 71/4149 MS: 1 EraseBytes-
#126308	REDUCE cov: 486 ft: 1801 corp: 625/93Kb lim: 4797 exec/s: 126308 rss: 80Mb L: 1225/4149 MS: 1 EraseBytes-
#126594	REDUCE cov: 486 ft: 1801 corp: 625/93Kb lim: 4797 exec/s: 126594 rss: 80Mb L: 25/4149 MS: 1 EraseBytes-
#128365	REDUCE cov: 486 ft: 1801 corp: 625/93Kb lim: 4809 exec/s: 128365 rss: 80Mb L: 146/4149 MS: 1 EraseBytes-
#129356	REDUCE cov: 486 ft: 1801 corp: 625/93Kb lim: 4809 exec/s: 129356 rss: 80Mb L: 262/4149 MS: 1 EraseBytes-
#130417	REDUCE cov: 486 ft: 1801 corp: 625/93Kb lim: 4809 exec/s: 130417 rss: 80Mb L: 63/4149 MS: 1 EraseBytes-
#130518	REDUCE cov: 486 ft: 1801 corp: 625/93Kb lim: 4809 exec/s: 130518 rss: 80Mb L: 138/4149 MS: 1 EraseBytes-
#133269	REDUCE cov: 486 ft: 1801 corp: 625/93Kb lim: 4833 exec/s: 133269 rss: 80Mb L: 73/4149 MS: 1 EraseBytes-
#135220	REDUCE cov: 486 ft: 1801 corp: 625/93Kb lim: 4845 exec/s: 135220 rss: 80Mb L: 125/4149 MS: 1 EraseBytes-
#135787	REDUCE cov: 486 ft: 1801 corp: 625/93Kb lim: 4845 exec/s: 135787 rss: 80Mb L: 621/4149 MS: 2 InsertByte-EraseBytes-
#136438	REDUCE cov: 486 ft: 1801 corp: 625/93Kb lim: 4845 exec/s: 136438 rss: 80Mb L: 37/4149 MS: 1 EraseBytes-
#137029	REDUCE cov: 486 ft: 1801 corp: 625/93Kb lim: 4845 exec/s: 137029 rss: 80Mb L: 115/4149 MS: 1 EraseBytes-
#137082	REDUCE cov: 486 ft: 1801 corp: 625/93Kb lim: 4845 exec/s: 137082 rss: 80Mb L: 174/4149 MS: 3 ChangeASCIIInt-ShuffleBytes-EraseBytes-
#137378	REDUCE cov: 486 ft: 1801 corp: 625/93Kb lim: 4845 exec/s: 137378 rss: 80Mb L: 26/4149 MS: 1 EraseBytes-
#139064	REDUCE cov: 486 ft: 1801 corp: 625/93Kb lim: 4857 exec/s: 139064 rss: 80Mb L: 660/4149 MS: 1 EraseBytes-
#139875	REDUCE cov: 486 ft: 1801 corp: 625/93Kb lim: 4857 exec/s: 139875 rss: 80Mb L: 49/4149 MS: 1 EraseBytes-
#140121	REDUCE cov: 486 ft: 1801 corp: 625/93Kb lim: 4857 exec/s: 140121 rss: 80Mb L: 36/4149 MS: 1 EraseBytes-
#140647	REDUCE cov: 486 ft: 1801 corp: 625/93Kb lim: 4857 exec/s: 140647 rss: 80Mb L: 384/4149 MS: 1 EraseBytes-
#140805	REDUCE cov: 486 ft: 1801 corp: 625/93Kb lim: 4857 exec/s: 140805 rss: 80Mb L: 125/4149 MS: 3 ChangeASCIIInt-ChangeASCIIInt-EraseBytes-
#141126	REDUCE cov: 486 ft: 1801 corp: 625/93Kb lim: 4857 exec/s: 141126 rss: 80Mb L: 76/4149 MS: 1 EraseBytes-
#141298	REDUCE cov: 486 ft: 1801 corp: 625/93Kb lim: 4857 exec/s: 141298 rss: 80Mb L: 1196/4149 MS: 2 ShuffleBytes-EraseBytes-
#142954	REDUCE cov: 486 ft: 1801 corp: 625/93Kb lim: 4869 exec/s: 142954 rss: 80Mb L: 24/4149 MS: 1 EraseBytes-
#143015	REDUCE cov: 486 ft: 1801 corp: 625/93Kb lim: 4869 exec/s: 143015 rss: 80Mb L: 66/4149 MS: 1 EraseBytes-
#143626	REDUCE cov: 486 ft: 1801 corp: 625/93Kb lim: 4869 exec/s: 143626 rss: 80Mb L: 603/4149 MS: 1 EraseBytes-
#144757	REDUCE cov: 486 ft: 1801 corp: 625/93Kb lim: 4869 exec/s: 144757 rss: 80Mb L: 46/4149 MS: 1 EraseBytes-
#145583	REDUCE cov: 486 ft: 1801 corp: 625/93Kb lim: 4869 exec/s: 145583 rss: 80Mb L: 205/4149 MS: 1 EraseBytes-
#147719	REDUCE cov: 486 ft: 1801 corp: 625/93Kb lim: 4881 exec/s: 147719 rss: 80Mb L: 585/4149 MS: 1 EraseBytes-
#147875	REDUCE cov: 486 ft: 1801 corp: 625/93Kb lim: 4881 exec/s: 147875 rss: 80Mb L: 159/4149 MS: 1 EraseBytes-
#148621	REDUCE cov: 486 ft: 1801 corp: 625/93Kb lim: 4881 exec/s: 148621 rss: 80Mb L: 49/4149 MS: 1 EraseBytes-
#151268	REDUCE cov: 486 ft: 1801 corp: 625/93Kb lim: 4905 exec/s: 151268 rss: 80Mb L: 101/4149 MS: 2 ChangeBit-EraseBytes-
#153475	REDUCE cov: 486 ft: 1801 corp: 625/93Kb lim: 4917 exec/s: 153475 rss: 80Mb L: 152/4149 MS: 2 ShuffleBytes-EraseBytes-
#154025	REDUCE cov: 486 ft: 1801 corp: 625/93Kb lim: 4917 exec/s: 154025 rss: 80Mb L: 53/4149 MS: 5 ChangeByte-CopyPart-InsertByte-ChangeByte-EraseBytes-
#156941	REDUCE cov: 486 ft: 1801 corp: 625/93Kb lim: 4941 exec/s: 156941 rss: 80Mb L: 356/4149 MS: 1 EraseBytes-
#157952	REDUCE cov: 486 ft: 1801 corp: 625/93Kb lim: 4941 exec/s: 157952 rss: 80Mb L: 51/4149 MS: 1 EraseBytes-
#158478	REDUCE cov: 486 ft: 1801 corp: 625/93Kb lim: 4941 exec/s: 158478 rss: 80Mb L: 44/4149 MS: 1 EraseBytes-
#159999	REDUCE cov: 486 ft: 1801 corp: 625/93Kb lim: 4953 exec/s: 159999 rss: 80Mb L: 83/4149 MS: 1 EraseBytes-
#160736	REDUCE cov: 486 ft: 1801 corp: 625/93Kb lim: 4953 exec/s: 160736 rss: 80Mb L: 31/4149 MS: 2 ShuffleBytes-EraseBytes-
#161387	REDUCE cov: 486 ft: 1801 corp: 625/93Kb lim: 4953 exec/s: 161387 rss: 80Mb L: 37/4149 MS: 1 EraseBytes-
#161653	REDUCE cov: 486 ft: 1801 corp: 625/93Kb lim: 4953 exec/s: 161653 rss: 80Mb L: 44/4149 MS: 1 EraseBytes-
#161826	REDUCE cov: 486 ft: 1801 corp: 625/93Kb lim: 4953 exec/s: 161826 rss: 80Mb L: 244/4149 MS: 3 ChangeByte-ChangeBinInt-EraseBytes-
#163510	REDUCE cov: 486 ft: 1801 corp: 625/93Kb lim: 4965 exec/s: 81755 rss: 80Mb L: 902/4149 MS: 4 ChangeByte-EraseBytes-ShuffleBytes-CopyPart-
#163867	REDUCE cov: 486 ft: 1801 corp: 625/93Kb lim: 4965 exec/s: 81933 rss: 80Mb L: 40/4149 MS: 2 ShuffleBytes-EraseBytes-
#164989	REDUCE cov: 486 ft: 1801 corp: 625/93Kb lim: 4965 exec/s: 82494 rss: 80Mb L: 22/4149 MS: 2 ChangeBit-EraseBytes-
#165455	REDUCE cov: 486 ft: 1801 corp: 625/93Kb lim: 4965 exec/s: 82727 rss: 80Mb L: 6/4149 MS: 1 EraseBytes-
#166802	REDUCE cov: 486 ft: 1801 corp: 625/93Kb lim: 4977 exec/s: 83401 rss: 80Mb L: 196/4149 MS: 2 ChangeByte-EraseBytes-
#167500	REDUCE cov: 486 ft: 1801 corp: 625/93Kb lim: 4977 exec/s: 83750 rss: 80Mb L: 62/4149 MS: 3 ChangeBit-ChangeASCIIInt-EraseBytes-
#167536	REDUCE cov: 486 ft: 1801 corp: 625/93Kb lim: 4977 exec/s: 83768 rss: 80Mb L: 32/4149 MS: 1 EraseBytes-
#168044	REDUCE cov: 486 ft: 1801 corp: 625/93Kb lim: 4977 exec/s: 84022 rss: 80Mb L: 59/4149 MS: 3 InsertByte-ShuffleBytes-EraseBytes-
#168980	REDUCE cov: 486 ft: 1801 corp: 625/93Kb lim: 4977 exec/s: 84490 rss: 80Mb L: 55/4149 MS: 1 EraseBytes-
#169471	REDUCE cov: 486 ft: 1801 corp: 625/92Kb lim: 4977 exec/s: 84735 rss: 80Mb L: 416/4149 MS: 1 EraseBytes-
#170247	REDUCE cov: 486 ft: 1801 corp: 625/92Kb lim: 4977 exec/s: 85123 rss: 80Mb L: 48/4149 MS: 1 EraseBytes-
#170629	REDUCE cov: 486 ft: 1801 corp: 625/92Kb lim: 4977 exec/s: 85314 rss: 80Mb L: 233/4149 MS: 2 ChangeBinInt-EraseBytes-
#171990	REDUCE cov: 486 ft: 1801 corp: 625/92Kb lim: 4989 exec/s: 85995 rss: 80Mb L: 82/4149 MS: 1 EraseBytes-
#177139	REDUCE cov: 486 ft: 1801 corp: 625/92Kb lim: 5037 exec/s: 88569 rss: 81Mb L: 1372/4149 MS: 2 ChangeByte-EraseBytes-
#177316	REDUCE cov: 486 ft: 1801 corp: 625/92Kb lim: 5037 exec/s: 88658 rss: 81Mb L: 17/4149 MS: 2 ChangeASCIIInt-EraseBytes-
#178547	REDUCE cov: 486 ft: 1801 corp: 625/92Kb lim: 5049 exec/s: 89273 rss: 81Mb L: 582/4149 MS: 1 EraseBytes-
#179654	NEW    cov: 486 ft: 1803 corp: 626/93Kb lim: 5049 exec/s: 89827 rss: 81Mb L: 585/4149 MS: 2 CopyPart-EraseBytes-
#183856	REDUCE cov: 486 ft: 1803 corp: 626/93Kb lim: 5085 exec/s: 91928 rss: 81Mb L: 123/4149 MS: 2 ShuffleBytes-EraseBytes-
#184609	REDUCE cov: 486 ft: 1803 corp: 626/93Kb lim: 5085 exec/s: 92304 rss: 81Mb L: 196/4149 MS: 3 ChangeBit-ChangeBit-EraseBytes-
#185555	REDUCE cov: 486 ft: 1803 corp: 626/93Kb lim: 5085 exec/s: 92777 rss: 81Mb L: 515/4149 MS: 1 EraseBytes-
#186283	REDUCE cov: 486 ft: 1803 corp: 626/93Kb lim: 5085 exec/s: 93141 rss: 81Mb L: 67/4149 MS: 3 ChangeBit-ChangeASCIIInt-EraseBytes-
#186609	REDUCE cov: 486 ft: 1803 corp: 626/93Kb lim: 5085 exec/s: 93304 rss: 81Mb L: 29/4149 MS: 1 EraseBytes-
#188215	REDUCE cov: 486 ft: 1803 corp: 626/93Kb lim: 5097 exec/s: 94107 rss: 81Mb L: 79/4149 MS: 1 EraseBytes-
#188707	REDUCE cov: 486 ft: 1803 corp: 626/93Kb lim: 5097 exec/s: 94353 rss: 81Mb L: 573/4149 MS: 2 ChangeBit-EraseBytes-
#191245	REDUCE cov: 486 ft: 1803 corp: 626/93Kb lim: 5121 exec/s: 95622 rss: 81Mb L: 339/4149 MS: 3 ChangeByte-ChangeASCIIInt-EraseBytes-
#191373	REDUCE cov: 486 ft: 1803 corp: 626/93Kb lim: 5121 exec/s: 95686 rss: 81Mb L: 996/4149 MS: 3 ShuffleBytes-ChangeBit-EraseBytes-
#192416	REDUCE cov: 486 ft: 1803 corp: 626/93Kb lim: 5121 exec/s: 96208 rss: 81Mb L: 46/4149 MS: 3 ShuffleBytes-EraseBytes-CopyPart-
#192637	REDUCE cov: 486 ft: 1803 corp: 626/93Kb lim: 5121 exec/s: 96318 rss: 81Mb L: 30/4149 MS: 1 EraseBytes-
#194348	REDUCE cov: 486 ft: 1803 corp: 626/93Kb lim: 5133 exec/s: 97174 rss: 81Mb L: 412/4149 MS: 1 EraseBytes-
#194404	REDUCE cov: 486 ft: 1803 corp: 626/93Kb lim: 5133 exec/s: 97202 rss: 81Mb L: 669/4149 MS: 1 EraseBytes-
#196282	REDUCE cov: 486 ft: 1803 corp: 626/93Kb lim: 5145 exec/s: 98141 rss: 81Mb L: 55/4149 MS: 3 ChangeBit-ChangeASCIIInt-EraseBytes-
#196428	REDUCE cov: 486 ft: 1803 corp: 626/93Kb lim: 5145 exec/s: 98214 rss: 81Mb L: 18/4149 MS: 1 EraseBytes-
#196749	REDUCE cov: 486 ft: 1803 corp: 626/93Kb lim: 5145 exec/s: 98374 rss: 81Mb L: 415/4149 MS: 1 EraseBytes-
#197965	REDUCE cov: 486 ft: 1803 corp: 626/93Kb lim: 5157 exec/s: 98982 rss: 81Mb L: 21/4149 MS: 1 EraseBytes-
#201046	REDUCE cov: 486 ft: 1803 corp: 626/93Kb lim: 5181 exec/s: 100523 rss: 81Mb L: 69/4149 MS: 1 EraseBytes-
#203022	REDUCE cov: 486 ft: 1803 corp: 626/93Kb lim: 5193 exec/s: 101511 rss: 81Mb L: 104/4149 MS: 1 EraseBytes-
#204878	REDUCE cov: 486 ft: 1803 corp: 626/93Kb lim: 5205 exec/s: 102439 rss: 81Mb L: 23/4149 MS: 1 EraseBytes-
#208484	REDUCE cov: 486 ft: 1803 corp: 626/93Kb lim: 5229 exec/s: 104242 rss: 81Mb L: 80/4149 MS: 1 EraseBytes-
#208525	REDUCE cov: 486 ft: 1803 corp: 626/93Kb lim: 5229 exec/s: 104262 rss: 81Mb L: 15/4149 MS: 1 EraseBytes-
#210603	REDUCE cov: 486 ft: 1803 corp: 626/93Kb lim: 5241 exec/s: 105301 rss: 81Mb L: 43/4149 MS: 3 ShuffleBytes-InsertByte-EraseBytes-
#210604	REDUCE cov: 486 ft: 1803 corp: 626/93Kb lim: 5241 exec/s: 105302 rss: 81Mb L: 32/4149 MS: 1 EraseBytes-
#212621	REDUCE cov: 486 ft: 1803 corp: 626/93Kb lim: 5253 exec/s: 106310 rss: 81Mb L: 52/4149 MS: 2 ChangeBinInt-EraseBytes-
#213342	REDUCE cov: 486 ft: 1803 corp: 626/93Kb lim: 5253 exec/s: 106671 rss: 81Mb L: 217/4149 MS: 1 EraseBytes-
#213664	REDUCE cov: 486 ft: 1803 corp: 626/93Kb lim: 5253 exec/s: 106832 rss: 81Mb L: 399/4149 MS: 2 ShuffleBytes-EraseBytes-
#214060	REDUCE cov: 486 ft: 1803 corp: 626/93Kb lim: 5253 exec/s: 107030 rss: 81Mb L: 113/4149 MS: 1 EraseBytes-
#216693	REDUCE cov: 486 ft: 1803 corp: 626/93Kb lim: 5277 exec/s: 108346 rss: 81Mb L: 607/4149 MS: 3 ChangeBit-ChangeBinInt-CrossOver-
#217049	REDUCE cov: 486 ft: 1803 corp: 626/92Kb lim: 5277 exec/s: 108524 rss: 81Mb L: 1593/4149 MS: 1 EraseBytes-
#217275	REDUCE cov: 486 ft: 1803 corp: 626/92Kb lim: 5277 exec/s: 108637 rss: 81Mb L: 46/4149 MS: 1 EraseBytes-
#217914	REDUCE cov: 486 ft: 1803 corp: 626/92Kb lim: 5277 exec/s: 108957 rss: 81Mb L: 85/4149 MS: 4 ShuffleBytes-ChangeASCIIInt-ShuffleBytes-EraseBytes-
#218842	REDUCE cov: 486 ft: 1803 corp: 626/92Kb lim: 5277 exec/s: 109421 rss: 81Mb L: 288/4149 MS: 3 ChangeBit-ChangeBinInt-EraseBytes-
#219788	REDUCE cov: 486 ft: 1803 corp: 626/92Kb lim: 5277 exec/s: 109894 rss: 81Mb L: 27/4149 MS: 1 EraseBytes-
#222939	REDUCE cov: 486 ft: 1803 corp: 626/92Kb lim: 5301 exec/s: 111469 rss: 81Mb L: 253/4149 MS: 1 EraseBytes-
#224782	REDUCE cov: 486 ft: 1803 corp: 626/92Kb lim: 5313 exec/s: 112391 rss: 81Mb L: 320/4149 MS: 3 ChangeByte-CMP-EraseBytes- DE: "\012\000\000\000"-
#225598	REDUCE cov: 486 ft: 1803 corp: 626/92Kb lim: 5313 exec/s: 112799 rss: 81Mb L: 78/4149 MS: 1 EraseBytes-
#226189	NEW    cov: 487 ft: 1804 corp: 627/92Kb lim: 5313 exec/s: 113094 rss: 81Mb L: 31/4149 MS: 1 EraseBytes-
#228265	REDUCE cov: 487 ft: 1804 corp: 627/92Kb lim: 5325 exec/s: 114132 rss: 81Mb L: 62/4149 MS: 1 EraseBytes-
#228726	REDUCE cov: 487 ft: 1804 corp: 627/92Kb lim: 5325 exec/s: 114363 rss: 81Mb L: 159/4149 MS: 1 EraseBytes-
#228937	REDUCE cov: 487 ft: 1804 corp: 627/92Kb lim: 5325 exec/s: 114468 rss: 81Mb L: 332/4149 MS: 1 EraseBytes-
#231134	REDUCE cov: 487 ft: 1804 corp: 627/92Kb lim: 5337 exec/s: 115567 rss: 81Mb L: 224/4149 MS: 2 PersAutoDict-EraseBytes- DE: "\012\000\000\000"-
#234425	REDUCE cov: 487 ft: 1804 corp: 627/92Kb lim: 5361 exec/s: 117212 rss: 81Mb L: 202/4149 MS: 1 EraseBytes-
#237996	REDUCE cov: 487 ft: 1804 corp: 627/92Kb lim: 5385 exec/s: 118998 rss: 81Mb L: 1048/4149 MS: 1 EraseBytes-
#238737	REDUCE cov: 487 ft: 1804 corp: 627/92Kb lim: 5385 exec/s: 119368 rss: 81Mb L: 147/4149 MS: 1 EraseBytes-
#239833	REDUCE cov: 487 ft: 1804 corp: 627/92Kb lim: 5385 exec/s: 119916 rss: 81Mb L: 75/4149 MS: 1 EraseBytes-
#240659	REDUCE cov: 487 ft: 1804 corp: 627/92Kb lim: 5385 exec/s: 120329 rss: 81Mb L: 50/4149 MS: 1 EraseBytes-
#241955	REDUCE cov: 487 ft: 1804 corp: 627/92Kb lim: 5397 exec/s: 120977 rss: 81Mb L: 9/4149 MS: 1 EraseBytes-
#242311	REDUCE cov: 487 ft: 1804 corp: 627/92Kb lim: 5397 exec/s: 121155 rss: 81Mb L: 66/4149 MS: 1 EraseBytes-
#248992	REDUCE cov: 487 ft: 1804 corp: 627/92Kb lim: 5457 exec/s: 124496 rss: 81Mb L: 47/4149 MS: 1 EraseBytes-
#252208	REDUCE cov: 487 ft: 1804 corp: 627/92Kb lim: 5481 exec/s: 126104 rss: 81Mb L: 39/4149 MS: 1 EraseBytes-
#253860	REDUCE cov: 487 ft: 1804 corp: 627/92Kb lim: 5493 exec/s: 126930 rss: 81Mb L: 1026/4149 MS: 2 ShuffleBytes-EraseBytes-
#255348	REDUCE cov: 487 ft: 1804 corp: 627/92Kb lim: 5505 exec/s: 127674 rss: 81Mb L: 391/4149 MS: 3 EraseBytes-ChangeBinInt-CopyPart-
#255764	REDUCE cov: 487 ft: 1804 corp: 627/92Kb lim: 5505 exec/s: 127882 rss: 81Mb L: 22/4149 MS: 1 EraseBytes-
#257125	REDUCE cov: 487 ft: 1804 corp: 627/92Kb lim: 5517 exec/s: 85708 rss: 81Mb L: 103/4149 MS: 1 EraseBytes-
#260391	REDUCE cov: 487 ft: 1804 corp: 627/92Kb lim: 5541 exec/s: 86797 rss: 81Mb L: 543/4149 MS: 1 EraseBytes-
#260397	REDUCE cov: 487 ft: 1804 corp: 627/92Kb lim: 5541 exec/s: 86799 rss: 81Mb L: 29/4149 MS: 1 EraseBytes-
#261820	REDUCE cov: 487 ft: 1804 corp: 627/92Kb lim: 5553 exec/s: 87273 rss: 81Mb L: 394/4149 MS: 3 ChangeASCIIInt-ChangeASCIIInt-EraseBytes-
#262144	pulse  cov: 487 ft: 1804 corp: 627/92Kb lim: 5553 exec/s: 87381 rss: 81Mb
#266472	REDUCE cov: 487 ft: 1804 corp: 627/92Kb lim: 5589 exec/s: 88824 rss: 81Mb L: 45/4149 MS: 2 ShuffleBytes-EraseBytes-
#267323	REDUCE cov: 487 ft: 1804 corp: 627/92Kb lim: 5589 exec/s: 89107 rss: 81Mb L: 8/4149 MS: 1 EraseBytes-
#267369	REDUCE cov: 487 ft: 1804 corp: 627/92Kb lim: 5589 exec/s: 89123 rss: 81Mb L: 8/4149 MS: 1 EraseBytes-
#267840	REDUCE cov: 487 ft: 1804 corp: 627/92Kb lim: 5589 exec/s: 89280 rss: 81Mb L: 123/4149 MS: 1 EraseBytes-
#268221	REDUCE cov: 487 ft: 1804 corp: 627/92Kb lim: 5589 exec/s: 89407 rss: 81Mb L: 38/4149 MS: 1 EraseBytes-
#268872	REDUCE cov: 487 ft: 1804 corp: 627/92Kb lim: 5589 exec/s: 89624 rss: 81Mb L: 282/4149 MS: 1 EraseBytes-
#272468	REDUCE cov: 487 ft: 1804 corp: 627/92Kb lim: 5613 exec/s: 90822 rss: 81Mb L: 36/4149 MS: 1 EraseBytes-
#273460	REDUCE cov: 487 ft: 1804 corp: 627/92Kb lim: 5613 exec/s: 91153 rss: 81Mb L: 379/4149 MS: 2 InsertByte-EraseBytes-
#274121	REDUCE cov: 487 ft: 1804 corp: 627/92Kb lim: 5613 exec/s: 91373 rss: 81Mb L: 50/4149 MS: 1 EraseBytes-
#275467	REDUCE cov: 487 ft: 1804 corp: 627/92Kb lim: 5625 exec/s: 91822 rss: 81Mb L: 48/4149 MS: 1 EraseBytes-
#277888	REDUCE cov: 487 ft: 1804 corp: 627/92Kb lim: 5649 exec/s: 92629 rss: 81Mb L: 280/4149 MS: 1 EraseBytes-
#281470	REDUCE cov: 487 ft: 1804 corp: 627/92Kb lim: 5673 exec/s: 93823 rss: 81Mb L: 258/4149 MS: 2 InsertByte-EraseBytes-
#283511	REDUCE cov: 487 ft: 1804 corp: 627/92Kb lim: 5685 exec/s: 94503 rss: 81Mb L: 1148/4149 MS: 1 EraseBytes-
#284012	REDUCE cov: 487 ft: 1804 corp: 627/92Kb lim: 5685 exec/s: 94670 rss: 81Mb L: 1084/4149 MS: 1 EraseBytes-
#284358	REDUCE cov: 487 ft: 1804 corp: 627/92Kb lim: 5685 exec/s: 94786 rss: 81Mb L: 48/4149 MS: 1 EraseBytes-
#284519	REDUCE cov: 487 ft: 1804 corp: 627/92Kb lim: 5685 exec/s: 94839 rss: 81Mb L: 341/4149 MS: 1 EraseBytes-
#285650	REDUCE cov: 487 ft: 1804 corp: 627/92Kb lim: 5685 exec/s: 95216 rss: 81Mb L: 311/4149 MS: 1 EraseBytes-
#290731	REDUCE cov: 487 ft: 1804 corp: 627/92Kb lim: 5733 exec/s: 96910 rss: 81Mb L: 481/4149 MS: 1 EraseBytes-
#291672	REDUCE cov: 487 ft: 1804 corp: 627/92Kb lim: 5733 exec/s: 97224 rss: 81Mb L: 5/4149 MS: 1 EraseBytes-
#293971	REDUCE cov: 487 ft: 1804 corp: 627/92Kb lim: 5745 exec/s: 97990 rss: 81Mb L: 35/4149 MS: 4 ChangeBit-ChangeByte-ChangeBit-EraseBytes-
#295425	NEW    cov: 487 ft: 1805 corp: 628/93Kb lim: 5757 exec/s: 98475 rss: 81Mb L: 1277/4149 MS: 4 CopyPart-ChangeBinInt-ChangeASCIIInt-CopyPart-
#297106	REDUCE cov: 487 ft: 1805 corp: 628/93Kb lim: 5769 exec/s: 99035 rss: 81Mb L: 199/4149 MS: 1 EraseBytes-
#297857	REDUCE cov: 487 ft: 1805 corp: 628/93Kb lim: 5769 exec/s: 99285 rss: 81Mb L: 154/4149 MS: 1 EraseBytes-
#299753	REDUCE cov: 487 ft: 1805 corp: 628/93Kb lim: 5781 exec/s: 99917 rss: 81Mb L: 111/4149 MS: 1 EraseBytes-
#299874	REDUCE cov: 487 ft: 1805 corp: 628/93Kb lim: 5781 exec/s: 99958 rss: 81Mb L: 53/4149 MS: 1 EraseBytes-
#303340	REDUCE cov: 487 ft: 1805 corp: 628/93Kb lim: 5805 exec/s: 101113 rss: 81Mb L: 12/4149 MS: 1 EraseBytes-
#306381	REDUCE cov: 487 ft: 1805 corp: 628/93Kb lim: 5829 exec/s: 102127 rss: 81Mb L: 33/4149 MS: 1 EraseBytes-
#307007	REDUCE cov: 487 ft: 1805 corp: 628/93Kb lim: 5829 exec/s: 102335 rss: 81Mb L: 128/4149 MS: 1 EraseBytes-
#308309	REDUCE cov: 487 ft: 1805 corp: 628/93Kb lim: 5841 exec/s: 102769 rss: 81Mb L: 455/4149 MS: 2 ChangeByte-EraseBytes-
#309286	REDUCE cov: 487 ft: 1805 corp: 628/93Kb lim: 5841 exec/s: 103095 rss: 81Mb L: 69/4149 MS: 2 ChangeByte-EraseBytes-
#309542	REDUCE cov: 487 ft: 1805 corp: 628/93Kb lim: 5841 exec/s: 103180 rss: 81Mb L: 320/4149 MS: 1 EraseBytes-
#309874	REDUCE cov: 487 ft: 1805 corp: 628/93Kb lim: 5841 exec/s: 103291 rss: 81Mb L: 52/4149 MS: 2 ChangeBit-EraseBytes-
#310185	REDUCE cov: 487 ft: 1805 corp: 628/93Kb lim: 5841 exec/s: 103395 rss: 81Mb L: 85/4149 MS: 1 EraseBytes-
#310231	REDUCE cov: 487 ft: 1805 corp: 628/93Kb lim: 5841 exec/s: 103410 rss: 81Mb L: 26/4149 MS: 1 EraseBytes-
#311922	REDUCE cov: 487 ft: 1805 corp: 628/93Kb lim: 5853 exec/s: 103974 rss: 81Mb L: 78/4149 MS: 1 EraseBytes-
#312604	REDUCE cov: 487 ft: 1805 corp: 628/93Kb lim: 5853 exec/s: 104201 rss: 81Mb L: 14/4149 MS: 2 ChangeBit-EraseBytes-
#312880	REDUCE cov: 487 ft: 1805 corp: 628/93Kb lim: 5853 exec/s: 104293 rss: 81Mb L: 40/4149 MS: 1 EraseBytes-
#312916	REDUCE cov: 487 ft: 1805 corp: 628/93Kb lim: 5853 exec/s: 104305 rss: 81Mb L: 1519/4149 MS: 1 EraseBytes-
#314043	REDUCE cov: 487 ft: 1805 corp: 628/93Kb lim: 5853 exec/s: 104681 rss: 81Mb L: 87/4149 MS: 2 ChangeBit-EraseBytes-
#316634	REDUCE cov: 487 ft: 1805 corp: 628/93Kb lim: 5877 exec/s: 105544 rss: 81Mb L: 59/4149 MS: 1 EraseBytes-
#316921	REDUCE cov: 487 ft: 1805 corp: 628/93Kb lim: 5877 exec/s: 105640 rss: 81Mb L: 148/4149 MS: 2 ShuffleBytes-EraseBytes-
#317332	REDUCE cov: 487 ft: 1805 corp: 628/93Kb lim: 5877 exec/s: 105777 rss: 81Mb L: 105/4149 MS: 1 EraseBytes-
#317418	REDUCE cov: 487 ft: 1805 corp: 628/93Kb lim: 5877 exec/s: 105806 rss: 81Mb L: 36/4149 MS: 1 EraseBytes-
#317454	REDUCE cov: 487 ft: 1805 corp: 628/93Kb lim: 5877 exec/s: 105818 rss: 81Mb L: 39/4149 MS: 1 EraseBytes-
#317516	REDUCE cov: 487 ft: 1805 corp: 628/93Kb lim: 5877 exec/s: 105838 rss: 81Mb L: 302/4149 MS: 2 ShuffleBytes-EraseBytes-
#317967	REDUCE cov: 487 ft: 1807 corp: 629/93Kb lim: 5877 exec/s: 105989 rss: 81Mb L: 503/4149 MS: 1 CopyPart-
#322168	REDUCE cov: 487 ft: 1807 corp: 629/93Kb lim: 5913 exec/s: 107389 rss: 81Mb L: 7/4149 MS: 1 EraseBytes-
#324847	REDUCE cov: 487 ft: 1807 corp: 629/93Kb lim: 5937 exec/s: 108282 rss: 81Mb L: 459/4149 MS: 4 ChangeASCIIInt-ChangeBit-ChangeASCIIInt-EraseBytes-
#325283	REDUCE cov: 487 ft: 1807 corp: 629/93Kb lim: 5937 exec/s: 108427 rss: 81Mb L: 665/4149 MS: 1 EraseBytes-
#325929	REDUCE cov: 487 ft: 1807 corp: 629/93Kb lim: 5937 exec/s: 108643 rss: 81Mb L: 68/4149 MS: 1 EraseBytes-
#330276	NEW    cov: 487 ft: 1809 corp: 630/93Kb lim: 5973 exec/s: 110092 rss: 81Mb L: 187/4149 MS: 2 PersAutoDict-InsertRepeatedBytes- DE: "\012\000\000\000"-
#330753	REDUCE cov: 487 ft: 1809 corp: 630/93Kb lim: 5973 exec/s: 110251 rss: 81Mb L: 140/4149 MS: 2 CrossOver-EraseBytes-
#333449	REDUCE cov: 487 ft: 1809 corp: 630/93Kb lim: 5997 exec/s: 111149 rss: 81Mb L: 28/4149 MS: 1 EraseBytes-
#334246	REDUCE cov: 487 ft: 1809 corp: 630/93Kb lim: 5997 exec/s: 111415 rss: 81Mb L: 1138/4149 MS: 2 CopyPart-EraseBytes-
#334892	REDUCE cov: 487 ft: 1809 corp: 630/93Kb lim: 5997 exec/s: 111630 rss: 81Mb L: 48/4149 MS: 1 EraseBytes-
#335323	REDUCE cov: 487 ft: 1809 corp: 630/93Kb lim: 5997 exec/s: 111774 rss: 81Mb L: 1477/4149 MS: 1 EraseBytes-
#336921	REDUCE cov: 487 ft: 1809 corp: 630/93Kb lim: 6009 exec/s: 84230 rss: 81Mb L: 48/4149 MS: 3 PersAutoDict-EraseBytes-CopyPart- DE: "\012\000\000\000"-
#342513	REDUCE cov: 487 ft: 1809 corp: 630/93Kb lim: 6057 exec/s: 85628 rss: 81Mb L: 239/4149 MS: 2 ShuffleBytes-EraseBytes-
#343611	REDUCE cov: 487 ft: 1809 corp: 630/93Kb lim: 6057 exec/s: 85902 rss: 81Mb L: 7/4149 MS: 3 ShuffleBytes-EraseBytes-CopyPart-
#346322	REDUCE cov: 487 ft: 1809 corp: 630/93Kb lim: 6081 exec/s: 86580 rss: 81Mb L: 107/4149 MS: 1 EraseBytes-
#346773	REDUCE cov: 487 ft: 1809 corp: 630/93Kb lim: 6081 exec/s: 86693 rss: 81Mb L: 77/4149 MS: 1 EraseBytes-
#350514	REDUCE cov: 487 ft: 1809 corp: 630/93Kb lim: 6117 exec/s: 87628 rss: 81Mb L: 412/4149 MS: 1 EraseBytes-
#351410	REDUCE cov: 487 ft: 1809 corp: 630/93Kb lim: 6117 exec/s: 87852 rss: 81Mb L: 56/4149 MS: 1 EraseBytes-
#352141	REDUCE cov: 487 ft: 1809 corp: 630/93Kb lim: 6117 exec/s: 88035 rss: 81Mb L: 59/4149 MS: 1 EraseBytes-
#352722	REDUCE cov: 487 ft: 1809 corp: 630/93Kb lim: 6117 exec/s: 88180 rss: 81Mb L: 39/4149 MS: 1 EraseBytes-
#353079	REDUCE cov: 487 ft: 1809 corp: 630/93Kb lim: 6117 exec/s: 88269 rss: 81Mb L: 373/4149 MS: 2 ChangeBinInt-EraseBytes-
#355185	REDUCE cov: 487 ft: 1809 corp: 630/93Kb lim: 6129 exec/s: 88796 rss: 81Mb L: 9/4149 MS: 1 EraseBytes-
#357404	REDUCE cov: 487 ft: 1809 corp: 630/93Kb lim: 6141 exec/s: 89351 rss: 81Mb L: 1404/4149 MS: 1 EraseBytes-
#360045	REDUCE cov: 487 ft: 1809 corp: 630/93Kb lim: 6165 exec/s: 90011 rss: 81Mb L: 38/4149 MS: 1 EraseBytes-
#360126	REDUCE cov: 487 ft: 1809 corp: 630/93Kb lim: 6165 exec/s: 90031 rss: 81Mb L: 264/4149 MS: 1 EraseBytes-
#360527	REDUCE cov: 487 ft: 1809 corp: 630/93Kb lim: 6165 exec/s: 90131 rss: 81Mb L: 88/4149 MS: 1 EraseBytes-
#360689	NEW    cov: 488 ft: 1810 corp: 631/93Kb lim: 6165 exec/s: 90172 rss: 81Mb L: 55/4149 MS: 2 ShuffleBytes-EraseBytes-
#361570	REDUCE cov: 488 ft: 1810 corp: 631/93Kb lim: 6165 exec/s: 90392 rss: 81Mb L: 8/4149 MS: 1 EraseBytes-
#362287	REDUCE cov: 488 ft: 1810 corp: 631/93Kb lim: 6165 exec/s: 90571 rss: 81Mb L: 100/4149 MS: 2 ChangeASCIIInt-EraseBytes-
#362528	REDUCE cov: 488 ft: 1810 corp: 631/93Kb lim: 6165 exec/s: 90632 rss: 81Mb L: 81/4149 MS: 1 EraseBytes-
#363594	REDUCE cov: 488 ft: 1810 corp: 631/93Kb lim: 6165 exec/s: 90898 rss: 81Mb L: 29/4149 MS: 1 EraseBytes-
#365331	NEW    cov: 488 ft: 1811 corp: 632/93Kb lim: 6177 exec/s: 91332 rss: 81Mb L: 39/4149 MS: 2 ChangeByte-CopyPart-
#365522	REDUCE cov: 488 ft: 1811 corp: 632/93Kb lim: 6177 exec/s: 91380 rss: 81Mb L: 69/4149 MS: 1 EraseBytes-
#365963	REDUCE cov: 488 ft: 1811 corp: 632/93Kb lim: 6177 exec/s: 91490 rss: 81Mb L: 343/4149 MS: 1 EraseBytes-
#369445	REDUCE cov: 488 ft: 1811 corp: 632/93Kb lim: 6201 exec/s: 92361 rss: 81Mb L: 99/4149 MS: 2 ChangeBinInt-EraseBytes-
#369596	REDUCE cov: 488 ft: 1811 corp: 632/93Kb lim: 6201 exec/s: 92399 rss: 81Mb L: 57/4149 MS: 1 EraseBytes-
#371822	REDUCE cov: 488 ft: 1811 corp: 632/93Kb lim: 6213 exec/s: 92955 rss: 81Mb L: 85/4149 MS: 1 EraseBytes-
#373658	REDUCE cov: 488 ft: 1811 corp: 632/93Kb lim: 6225 exec/s: 93414 rss: 81Mb L: 14/4149 MS: 1 EraseBytes-
#376759	REDUCE cov: 488 ft: 1811 corp: 632/93Kb lim: 6249 exec/s: 94189 rss: 81Mb L: 56/4149 MS: 1 EraseBytes-
#381021	REDUCE cov: 488 ft: 1811 corp: 632/93Kb lim: 6285 exec/s: 95255 rss: 81Mb L: 99/4149 MS: 2 ShuffleBytes-EraseBytes-
#381072	REDUCE cov: 488 ft: 1811 corp: 632/93Kb lim: 6285 exec/s: 95268 rss: 81Mb L: 103/4149 MS: 1 EraseBytes-
#381179	REDUCE cov: 488 ft: 1811 corp: 632/93Kb lim: 6285 exec/s: 95294 rss: 81Mb L: 451/4149 MS: 2 ChangeBinInt-EraseBytes-
#382491	REDUCE cov: 488 ft: 1811 corp: 632/93Kb lim: 6297 exec/s: 95622 rss: 81Mb L: 27/4149 MS: 2 ShuffleBytes-EraseBytes-
#382797	REDUCE cov: 488 ft: 1811 corp: 632/93Kb lim: 6297 exec/s: 95699 rss: 81Mb L: 7/4149 MS: 1 EraseBytes-
#382938	REDUCE cov: 488 ft: 1811 corp: 632/93Kb lim: 6297 exec/s: 95734 rss: 81Mb L: 260/4149 MS: 1 EraseBytes-
#384229	REDUCE cov: 488 ft: 1811 corp: 632/93Kb lim: 6309 exec/s: 96057 rss: 81Mb L: 126/4149 MS: 1 EraseBytes-
#385430	REDUCE cov: 488 ft: 1811 corp: 632/93Kb lim: 6309 exec/s: 96357 rss: 81Mb L: 44/4149 MS: 1 EraseBytes-
#387696	REDUCE cov: 488 ft: 1811 corp: 632/93Kb lim: 6321 exec/s: 96924 rss: 81Mb L: 36/4149 MS: 1 EraseBytes-
#390393	REDUCE cov: 488 ft: 1811 corp: 632/93Kb lim: 6345 exec/s: 97598 rss: 81Mb L: 207/4149 MS: 2 ChangeBit-EraseBytes-
#391109	REDUCE cov: 488 ft: 1811 corp: 632/93Kb lim: 6345 exec/s: 97777 rss: 81Mb L: 195/4149 MS: 1 EraseBytes-
#391990	REDUCE cov: 488 ft: 1811 corp: 632/93Kb lim: 6345 exec/s: 97997 rss: 82Mb L: 133/4149 MS: 1 EraseBytes-
#392141	REDUCE cov: 488 ft: 1811 corp: 632/93Kb lim: 6345 exec/s: 98035 rss: 82Mb L: 84/4149 MS: 1 EraseBytes-
#394230	REDUCE cov: 490 ft: 1813 corp: 633/93Kb lim: 6357 exec/s: 98557 rss: 82Mb L: 39/4149 MS: 4 ChangeByte-ChangeByte-ChangeByte-ShuffleBytes-
#394521	REDUCE cov: 490 ft: 1813 corp: 633/93Kb lim: 6357 exec/s: 98630 rss: 82Mb L: 8/4149 MS: 1 EraseBytes-
#394637	REDUCE cov: 490 ft: 1813 corp: 633/93Kb lim: 6357 exec/s: 98659 rss: 82Mb L: 33/4149 MS: 1 EraseBytes-
#395138	REDUCE cov: 490 ft: 1813 corp: 633/93Kb lim: 6357 exec/s: 98784 rss: 82Mb L: 141/4149 MS: 1 EraseBytes-
#396486	REDUCE cov: 490 ft: 1813 corp: 633/93Kb lim: 6369 exec/s: 99121 rss: 82Mb L: 210/4149 MS: 3 ChangeASCIIInt-ChangeBit-EraseBytes-
#398922	REDUCE cov: 490 ft: 1813 corp: 633/93Kb lim: 6393 exec/s: 99730 rss: 82Mb L: 19/4149 MS: 1 EraseBytes-
#401973	REDUCE cov: 490 ft: 1813 corp: 633/93Kb lim: 6417 exec/s: 100493 rss: 82Mb L: 48/4149 MS: 1 EraseBytes-
#402870	REDUCE cov: 490 ft: 1813 corp: 633/93Kb lim: 6417 exec/s: 100717 rss: 82Mb L: 13/4149 MS: 2 CopyPart-EraseBytes-
#403577	REDUCE cov: 490 ft: 1813 corp: 633/93Kb lim: 6417 exec/s: 100894 rss: 82Mb L: 24/4149 MS: 2 ChangeBinInt-EraseBytes-
#404718	REDUCE cov: 490 ft: 1813 corp: 633/93Kb lim: 6417 exec/s: 101179 rss: 82Mb L: 41/4149 MS: 1 EraseBytes-
#405784	REDUCE cov: 490 ft: 1813 corp: 633/93Kb lim: 6417 exec/s: 101446 rss: 82Mb L: 76/4149 MS: 1 EraseBytes-
#406320	REDUCE cov: 490 ft: 1813 corp: 633/93Kb lim: 6417 exec/s: 101580 rss: 82Mb L: 124/4149 MS: 1 EraseBytes-
#406591	REDUCE cov: 490 ft: 1813 corp: 633/93Kb lim: 6417 exec/s: 101647 rss: 82Mb L: 97/4149 MS: 1 EraseBytes-
#406637	REDUCE cov: 490 ft: 1813 corp: 633/93Kb lim: 6417 exec/s: 101659 rss: 82Mb L: 59/4149 MS: 1 EraseBytes-
#406918	REDUCE cov: 490 ft: 1813 corp: 633/93Kb lim: 6417 exec/s: 101729 rss: 82Mb L: 39/4149 MS: 1 EraseBytes-
#409270	REDUCE cov: 490 ft: 1813 corp: 633/93Kb lim: 6429 exec/s: 102317 rss: 82Mb L: 27/4149 MS: 2 InsertByte-EraseBytes-
#409836	REDUCE cov: 490 ft: 1813 corp: 633/93Kb lim: 6429 exec/s: 102459 rss: 82Mb L: 12/4149 MS: 1 EraseBytes-
#410487	REDUCE cov: 490 ft: 1813 corp: 633/93Kb lim: 6429 exec/s: 102621 rss: 82Mb L: 66/4149 MS: 1 EraseBytes-
#410588	REDUCE cov: 490 ft: 1813 corp: 633/93Kb lim: 6429 exec/s: 102647 rss: 82Mb L: 49/4149 MS: 1 EraseBytes-
#412339	REDUCE cov: 490 ft: 1813 corp: 633/93Kb lim: 6441 exec/s: 103084 rss: 82Mb L: 739/4149 MS: 1 EraseBytes-
#413097	REDUCE cov: 490 ft: 1813 corp: 633/93Kb lim: 6441 exec/s: 103274 rss: 82Mb L: 636/4149 MS: 3 CopyPart-ShuffleBytes-EraseBytes-
#413244	REDUCE cov: 490 ft: 1813 corp: 633/93Kb lim: 6441 exec/s: 103311 rss: 82Mb L: 120/4149 MS: 2 ChangeByte-EraseBytes-
#414255	REDUCE cov: 490 ft: 1813 corp: 633/93Kb lim: 6441 exec/s: 103563 rss: 82Mb L: 101/4149 MS: 1 EraseBytes-
#414856	REDUCE cov: 490 ft: 1813 corp: 633/93Kb lim: 6441 exec/s: 103714 rss: 82Mb L: 435/4149 MS: 1 EraseBytes-
#414962	REDUCE cov: 490 ft: 1813 corp: 633/93Kb lim: 6441 exec/s: 103740 rss: 82Mb L: 29/4149 MS: 1 EraseBytes-
#416193	REDUCE cov: 490 ft: 1813 corp: 633/93Kb lim: 6453 exec/s: 104048 rss: 82Mb L: 57/4149 MS: 1 EraseBytes-
#416684	REDUCE cov: 490 ft: 1813 corp: 633/93Kb lim: 6453 exec/s: 104171 rss: 82Mb L: 13/4149 MS: 1 EraseBytes-
#419680	REDUCE cov: 490 ft: 1813 corp: 633/93Kb lim: 6477 exec/s: 104920 rss: 82Mb L: 189/4149 MS: 1 EraseBytes-
#422791	REDUCE cov: 490 ft: 1813 corp: 633/93Kb lim: 6501 exec/s: 105697 rss: 82Mb L: 52/4149 MS: 1 EraseBytes-
#424207	REDUCE cov: 490 ft: 1813 corp: 633/93Kb lim: 6513 exec/s: 106051 rss: 82Mb L: 8/4149 MS: 1 EraseBytes-
#425243	REDUCE cov: 490 ft: 1813 corp: 633/93Kb lim: 6513 exec/s: 106310 rss: 82Mb L: 42/4149 MS: 1 EraseBytes-
#425704	REDUCE cov: 490 ft: 1813 corp: 633/93Kb lim: 6513 exec/s: 106426 rss: 82Mb L: 148/4149 MS: 1 EraseBytes-
#426190	REDUCE cov: 490 ft: 1813 corp: 633/93Kb lim: 6513 exec/s: 106547 rss: 82Mb L: 285/4149 MS: 1 EraseBytes-
#426547	REDUCE cov: 490 ft: 1815 corp: 634/93Kb lim: 6513 exec/s: 106636 rss: 82Mb L: 111/4149 MS: 2 ChangeBit-CopyPart-
#430221	REDUCE cov: 490 ft: 1815 corp: 634/93Kb lim: 6549 exec/s: 107555 rss: 82Mb L: 44/4149 MS: 4 CopyPart-CrossOver-PersAutoDict-EraseBytes- DE: "\012\000\000\000"-
#430810	REDUCE cov: 490 ft: 1815 corp: 634/93Kb lim: 6549 exec/s: 107702 rss: 82Mb L: 719/4149 MS: 4 ChangeBit-ChangeByte-PersAutoDict-EraseBytes- DE: "\012\000\000\000"-
#431171	REDUCE cov: 490 ft: 1815 corp: 634/93Kb lim: 6549 exec/s: 107792 rss: 82Mb L: 183/4149 MS: 1 EraseBytes-
#433302	REDUCE cov: 490 ft: 1815 corp: 634/93Kb lim: 6561 exec/s: 108325 rss: 82Mb L: 36/4149 MS: 1 EraseBytes-
#433524	REDUCE cov: 490 ft: 1815 corp: 634/93Kb lim: 6561 exec/s: 108381 rss: 82Mb L: 103/4149 MS: 2 ShuffleBytes-EraseBytes-
#434965	REDUCE cov: 490 ft: 1815 corp: 634/93Kb lim: 6573 exec/s: 108741 rss: 82Mb L: 13/4149 MS: 1 EraseBytes-
#436906	REDUCE cov: 490 ft: 1815 corp: 634/93Kb lim: 6585 exec/s: 109226 rss: 82Mb L: 702/4149 MS: 1 EraseBytes-
#438232	REDUCE cov: 490 ft: 1815 corp: 634/93Kb lim: 6597 exec/s: 109558 rss: 82Mb L: 14/4149 MS: 1 EraseBytes-
#439714	REDUCE cov: 490 ft: 1815 corp: 634/93Kb lim: 6609 exec/s: 109928 rss: 82Mb L: 757/4149 MS: 2 InsertByte-EraseBytes-
#439955	REDUCE cov: 490 ft: 1815 corp: 634/93Kb lim: 6609 exec/s: 109988 rss: 82Mb L: 10/4149 MS: 1 EraseBytes-
#442026	REDUCE cov: 490 ft: 1815 corp: 634/93Kb lim: 6621 exec/s: 110506 rss: 82Mb L: 34/4149 MS: 1 EraseBytes-
#442182	REDUCE cov: 490 ft: 1815 corp: 634/93Kb lim: 6621 exec/s: 110545 rss: 82Mb L: 65/4149 MS: 1 EraseBytes-
#442414	REDUCE cov: 490 ft: 1815 corp: 634/93Kb lim: 6621 exec/s: 110603 rss: 82Mb L: 1686/4149 MS: 2 ChangeByte-EraseBytes-
#443525	REDUCE cov: 490 ft: 1815 corp: 634/93Kb lim: 6621 exec/s: 110881 rss: 82Mb L: 24/4149 MS: 1 EraseBytes-
#444566	REDUCE cov: 490 ft: 1815 corp: 634/93Kb lim: 6621 exec/s: 111141 rss: 82Mb L: 419/4149 MS: 1 EraseBytes-
#445438	REDUCE cov: 490 ft: 1815 corp: 634/93Kb lim: 6621 exec/s: 111359 rss: 82Mb L: 61/4149 MS: 2 ChangeASCIIInt-EraseBytes-
#446250	REDUCE cov: 490 ft: 1815 corp: 634/93Kb lim: 6621 exec/s: 111562 rss: 82Mb L: 134/4149 MS: 2 ChangeASCIIInt-EraseBytes-
#446582	REDUCE cov: 490 ft: 1815 corp: 634/93Kb lim: 6621 exec/s: 111645 rss: 82Mb L: 83/4149 MS: 2 ChangeByte-EraseBytes-
#448503	REDUCE cov: 490 ft: 1815 corp: 634/93Kb lim: 6633 exec/s: 112125 rss: 82Mb L: 58/4149 MS: 1 EraseBytes-
#449204	REDUCE cov: 490 ft: 1815 corp: 634/93Kb lim: 6633 exec/s: 112301 rss: 82Mb L: 151/4149 MS: 1 EraseBytes-
#450620	REDUCE cov: 490 ft: 1815 corp: 634/93Kb lim: 6645 exec/s: 112655 rss: 82Mb L: 40/4149 MS: 1 EraseBytes-
#450716	REDUCE cov: 490 ft: 1815 corp: 634/93Kb lim: 6645 exec/s: 112679 rss: 82Mb L: 111/4149 MS: 1 EraseBytes-
#452694	REDUCE cov: 490 ft: 1815 corp: 634/93Kb lim: 6657 exec/s: 90538 rss: 82Mb L: 600/4149 MS: 3 EraseBytes-CopyPart-CopyPart-
#453030	REDUCE cov: 490 ft: 1815 corp: 634/93Kb lim: 6657 exec/s: 90606 rss: 82Mb L: 1692/4149 MS: 1 EraseBytes-
#454121	REDUCE cov: 490 ft: 1815 corp: 634/93Kb lim: 6657 exec/s: 90824 rss: 82Mb L: 588/4149 MS: 1 EraseBytes-
#455737	REDUCE cov: 490 ft: 1815 corp: 634/93Kb lim: 6669 exec/s: 91147 rss: 82Mb L: 179/4149 MS: 1 EraseBytes-
#458168	REDUCE cov: 490 ft: 1815 corp: 634/93Kb lim: 6693 exec/s: 91633 rss: 82Mb L: 319/4149 MS: 1 EraseBytes-
#461439	REDUCE cov: 490 ft: 1815 corp: 634/93Kb lim: 6717 exec/s: 92287 rss: 82Mb L: 34/4149 MS: 1 EraseBytes-
#464001	REDUCE cov: 490 ft: 1815 corp: 634/93Kb lim: 6741 exec/s: 92800 rss: 82Mb L: 70/4149 MS: 2 PersAutoDict-EraseBytes- DE: "\012\000\000\000"-
#465032	REDUCE cov: 490 ft: 1815 corp: 634/93Kb lim: 6741 exec/s: 93006 rss: 82Mb L: 27/4149 MS: 1 EraseBytes-
#465493	REDUCE cov: 490 ft: 1815 corp: 634/93Kb lim: 6741 exec/s: 93098 rss: 82Mb L: 9/4149 MS: 1 EraseBytes-
#466080	REDUCE cov: 490 ft: 1815 corp: 634/93Kb lim: 6741 exec/s: 93216 rss: 82Mb L: 39/4149 MS: 2 ChangeBit-EraseBytes-
#468667	REDUCE cov: 490 ft: 1815 corp: 634/93Kb lim: 6765 exec/s: 93733 rss: 82Mb L: 82/4149 MS: 2 ChangeByte-EraseBytes-
#469233	REDUCE cov: 490 ft: 1815 corp: 634/93Kb lim: 6765 exec/s: 93846 rss: 82Mb L: 284/4149 MS: 1 EraseBytes-
#469984	REDUCE cov: 490 ft: 1815 corp: 634/93Kb lim: 6765 exec/s: 93996 rss: 82Mb L: 142/4149 MS: 1 EraseBytes-
#470805	REDUCE cov: 490 ft: 1815 corp: 634/93Kb lim: 6765 exec/s: 94161 rss: 82Mb L: 113/4149 MS: 1 EraseBytes-
#471681	REDUCE cov: 490 ft: 1815 corp: 634/93Kb lim: 6765 exec/s: 94336 rss: 82Mb L: 53/4149 MS: 1 EraseBytes-
#474460	REDUCE cov: 490 ft: 1815 corp: 634/93Kb lim: 6789 exec/s: 94892 rss: 82Mb L: 44/4149 MS: 1 EraseBytes-
#476176	REDUCE cov: 490 ft: 1815 corp: 634/93Kb lim: 6801 exec/s: 95235 rss: 82Mb L: 38/4149 MS: 1 EraseBytes-
#476372	REDUCE cov: 490 ft: 1815 corp: 634/93Kb lim: 6801 exec/s: 95274 rss: 82Mb L: 395/4149 MS: 1 EraseBytes-
#477350	REDUCE cov: 490 ft: 1815 corp: 634/93Kb lim: 6801 exec/s: 95470 rss: 82Mb L: 178/4149 MS: 3 CopyPart-ChangeBit-EraseBytes-
#479166	REDUCE cov: 490 ft: 1815 corp: 634/93Kb lim: 6813 exec/s: 95833 rss: 82Mb L: 8/4149 MS: 1 EraseBytes-
#479252	REDUCE cov: 490 ft: 1815 corp: 634/93Kb lim: 6813 exec/s: 95850 rss: 82Mb L: 220/4149 MS: 1 EraseBytes-
#481759	REDUCE cov: 490 ft: 1815 corp: 634/93Kb lim: 6837 exec/s: 96351 rss: 82Mb L: 111/4149 MS: 2 ChangeBit-EraseBytes-
#481865	REDUCE cov: 490 ft: 1815 corp: 634/93Kb lim: 6837 exec/s: 96373 rss: 82Mb L: 158/4149 MS: 1 EraseBytes-
#482746	REDUCE cov: 490 ft: 1815 corp: 634/93Kb lim: 6837 exec/s: 96549 rss: 82Mb L: 362/4149 MS: 1 EraseBytes-
#484802	REDUCE cov: 490 ft: 1815 corp: 634/93Kb lim: 6849 exec/s: 96960 rss: 82Mb L: 91/4149 MS: 1 EraseBytes-
#485683	REDUCE cov: 490 ft: 1815 corp: 634/93Kb lim: 6849 exec/s: 97136 rss: 82Mb L: 51/4149 MS: 1 EraseBytes-
#486699	REDUCE cov: 490 ft: 1815 corp: 634/93Kb lim: 6849 exec/s: 97339 rss: 82Mb L: 8/4149 MS: 1 EraseBytes-
#487035	REDUCE cov: 490 ft: 1815 corp: 634/92Kb lim: 6849 exec/s: 97407 rss: 82Mb L: 563/4149 MS: 1 EraseBytes-
#487251	REDUCE cov: 490 ft: 1815 corp: 634/92Kb lim: 6849 exec/s: 97450 rss: 82Mb L: 34/4149 MS: 1 EraseBytes-
#488422	REDUCE cov: 490 ft: 1815 corp: 634/92Kb lim: 6849 exec/s: 97684 rss: 82Mb L: 33/4149 MS: 1 EraseBytes-
#488753	REDUCE cov: 490 ft: 1815 corp: 634/92Kb lim: 6849 exec/s: 97750 rss: 82Mb L: 133/4149 MS: 1 EraseBytes-
#488899	REDUCE cov: 490 ft: 1815 corp: 634/92Kb lim: 6849 exec/s: 97779 rss: 82Mb L: 33/4149 MS: 1 EraseBytes-
#489696	REDUCE cov: 490 ft: 1815 corp: 634/92Kb lim: 6849 exec/s: 97939 rss: 82Mb L: 21/4149 MS: 2 PersAutoDict-EraseBytes- DE: "\012\000\000\000"-
#491152	REDUCE cov: 490 ft: 1815 corp: 634/92Kb lim: 6861 exec/s: 98230 rss: 82Mb L: 129/4149 MS: 1 EraseBytes-
#493664	REDUCE cov: 490 ft: 1815 corp: 634/92Kb lim: 6885 exec/s: 98732 rss: 82Mb L: 55/4149 MS: 2 ChangeBit-EraseBytes-
#494456	REDUCE cov: 490 ft: 1815 corp: 634/92Kb lim: 6885 exec/s: 98891 rss: 82Mb L: 34/4149 MS: 2 ShuffleBytes-EraseBytes-
#498393	REDUCE cov: 490 ft: 1815 corp: 634/92Kb lim: 6921 exec/s: 99678 rss: 82Mb L: 138/4149 MS: 2 ChangeASCIIInt-EraseBytes-
#498709	REDUCE cov: 490 ft: 1815 corp: 634/92Kb lim: 6921 exec/s: 99741 rss: 82Mb L: 17/4149 MS: 1 EraseBytes-
#499271	REDUCE cov: 490 ft: 1815 corp: 634/92Kb lim: 6921 exec/s: 99854 rss: 82Mb L: 111/4149 MS: 2 CrossOver-EraseBytes-
#499632	REDUCE cov: 490 ft: 1815 corp: 634/92Kb lim: 6921 exec/s: 99926 rss: 82Mb L: 42/4149 MS: 1 EraseBytes-
#500398	REDUCE cov: 490 ft: 1815 corp: 634/92Kb lim: 6921 exec/s: 100079 rss: 82Mb L: 36/4149 MS: 1 EraseBytes-
#500444	REDUCE cov: 490 ft: 1815 corp: 634/92Kb lim: 6921 exec/s: 100088 rss: 82Mb L: 44/4149 MS: 1 EraseBytes-
#501580	REDUCE cov: 490 ft: 1815 corp: 634/92Kb lim: 6921 exec/s: 100316 rss: 82Mb L: 696/4149 MS: 1 EraseBytes-
#502196	REDUCE cov: 490 ft: 1815 corp: 634/92Kb lim: 6921 exec/s: 100439 rss: 82Mb L: 74/4149 MS: 1 EraseBytes-
#507063	REDUCE cov: 490 ft: 1815 corp: 634/92Kb lim: 6969 exec/s: 101412 rss: 82Mb L: 53/4149 MS: 2 ShuffleBytes-EraseBytes-
#507074	REDUCE cov: 490 ft: 1815 corp: 634/92Kb lim: 6969 exec/s: 101414 rss: 82Mb L: 7/4149 MS: 1 EraseBytes-
#508571	REDUCE cov: 490 ft: 1815 corp: 634/92Kb lim: 6981 exec/s: 101714 rss: 82Mb L: 43/4149 MS: 2 ShuffleBytes-EraseBytes-
#510643	REDUCE cov: 490 ft: 1815 corp: 634/92Kb lim: 6993 exec/s: 102128 rss: 82Mb L: 537/4149 MS: 2 InsertByte-EraseBytes-
#512119	REDUCE cov: 490 ft: 1815 corp: 634/92Kb lim: 7005 exec/s: 102423 rss: 82Mb L: 45/4149 MS: 1 EraseBytes-
#513217	REDUCE cov: 490 ft: 1815 corp: 634/92Kb lim: 7005 exec/s: 102643 rss: 82Mb L: 1028/4149 MS: 3 ChangeASCIIInt-ChangeBinInt-EraseBytes-
#517273	REDUCE cov: 490 ft: 1815 corp: 634/92Kb lim: 7041 exec/s: 103454 rss: 82Mb L: 146/4149 MS: 1 EraseBytes-
#519384	REDUCE cov: 490 ft: 1815 corp: 634/92Kb lim: 7053 exec/s: 103876 rss: 82Mb L: 117/4149 MS: 1 EraseBytes-
#519856	REDUCE cov: 490 ft: 1815 corp: 634/92Kb lim: 7053 exec/s: 103971 rss: 82Mb L: 369/4149 MS: 2 ShuffleBytes-EraseBytes-
#522253	REDUCE cov: 490 ft: 1815 corp: 634/92Kb lim: 7065 exec/s: 104450 rss: 82Mb L: 174/4149 MS: 2 InsertByte-EraseBytes-
#522404	REDUCE cov: 490 ft: 1815 corp: 634/92Kb lim: 7065 exec/s: 104480 rss: 82Mb L: 96/4149 MS: 1 EraseBytes-
#523010	REDUCE cov: 490 ft: 1815 corp: 634/92Kb lim: 7065 exec/s: 104602 rss: 82Mb L: 88/4149 MS: 1 EraseBytes-
#524288	pulse  cov: 490 ft: 1815 corp: 634/92Kb lim: 7077 exec/s: 104857 rss: 82Mb
#525132	REDUCE cov: 490 ft: 1815 corp: 634/92Kb lim: 7077 exec/s: 105026 rss: 82Mb L: 56/4149 MS: 2 ChangeBit-EraseBytes-
#526433	REDUCE cov: 490 ft: 1815 corp: 634/92Kb lim: 7089 exec/s: 105286 rss: 82Mb L: 21/4149 MS: 1 EraseBytes-
#527194	REDUCE cov: 490 ft: 1815 corp: 634/92Kb lim: 7089 exec/s: 105438 rss: 82Mb L: 60/4149 MS: 1 EraseBytes-
#528690	REDUCE cov: 490 ft: 1815 corp: 634/92Kb lim: 7101 exec/s: 105738 rss: 82Mb L: 1147/4149 MS: 1 EraseBytes-
#528820	REDUCE cov: 490 ft: 1815 corp: 634/92Kb lim: 7101 exec/s: 105764 rss: 82Mb L: 168/4149 MS: 5 InsertRepeatedBytes-PersAutoDict-CMP-CopyPart-EraseBytes- DE: "\012\000\000\000"-"\377\377\377\377\377\377\377\003"-
#529581	REDUCE cov: 490 ft: 1815 corp: 634/92Kb lim: 7101 exec/s: 105916 rss: 82Mb L: 46/4149 MS: 1 EraseBytes-
#531722	REDUCE cov: 490 ft: 1815 corp: 634/92Kb lim: 7113 exec/s: 106344 rss: 82Mb L: 320/4149 MS: 1 EraseBytes-
#531958	REDUCE cov: 490 ft: 1815 corp: 634/92Kb lim: 7113 exec/s: 106391 rss: 82Mb L: 34/4149 MS: 1 EraseBytes-
#533664	REDUCE cov: 490 ft: 1815 corp: 634/92Kb lim: 7125 exec/s: 106732 rss: 82Mb L: 23/4149 MS: 1 EraseBytes-
#537666	REDUCE cov: 490 ft: 1815 corp: 634/92Kb lim: 7161 exec/s: 107533 rss: 82Mb L: 117/4149 MS: 2 ChangeByte-EraseBytes-
#543773	REDUCE cov: 490 ft: 1815 corp: 634/92Kb lim: 7221 exec/s: 108754 rss: 82Mb L: 65/4149 MS: 2 ChangeASCIIInt-EraseBytes-
#544119	REDUCE cov: 490 ft: 1815 corp: 634/92Kb lim: 7221 exec/s: 108823 rss: 82Mb L: 70/4149 MS: 1 EraseBytes-
#547687	REDUCE cov: 490 ft: 1815 corp: 634/92Kb lim: 7245 exec/s: 109537 rss: 82Mb L: 235/4149 MS: 3 PersAutoDict-ChangeBit-EraseBytes- DE: "\377\377\377\377\377\377\377\003"-
#548418	NEW    cov: 490 ft: 1816 corp: 635/92Kb lim: 7245 exec/s: 109683 rss: 82Mb L: 241/4149 MS: 1 CopyPart-
#551059	REDUCE cov: 490 ft: 1816 corp: 635/92Kb lim: 7269 exec/s: 110211 rss: 82Mb L: 96/4149 MS: 1 EraseBytes-
#552420	REDUCE cov: 490 ft: 1816 corp: 635/92Kb lim: 7281 exec/s: 110484 rss: 82Mb L: 96/4149 MS: 1 EraseBytes-
#553181	REDUCE cov: 490 ft: 1816 corp: 635/92Kb lim: 7281 exec/s: 110636 rss: 82Mb L: 39/4149 MS: 1 EraseBytes-
#553887	REDUCE cov: 490 ft: 1816 corp: 635/92Kb lim: 7281 exec/s: 110777 rss: 82Mb L: 32/4149 MS: 1 EraseBytes-
#554238	REDUCE cov: 490 ft: 1816 corp: 635/92Kb lim: 7281 exec/s: 110847 rss: 82Mb L: 1403/4149 MS: 1 EraseBytes-
#555034	REDUCE cov: 490 ft: 1816 corp: 635/92Kb lim: 7281 exec/s: 111006 rss: 82Mb L: 980/4149 MS: 1 EraseBytes-
#556261	REDUCE cov: 490 ft: 1816 corp: 635/92Kb lim: 7293 exec/s: 111252 rss: 82Mb L: 184/4149 MS: 2 InsertByte-EraseBytes-
#558147	REDUCE cov: 490 ft: 1816 corp: 635/92Kb lim: 7305 exec/s: 111629 rss: 82Mb L: 1298/4149 MS: 1 EraseBytes-
#559723	REDUCE cov: 490 ft: 1816 corp: 635/92Kb lim: 7317 exec/s: 111944 rss: 82Mb L: 25/4149 MS: 1 EraseBytes-
#561679	REDUCE cov: 490 ft: 1816 corp: 635/92Kb lim: 7329 exec/s: 112335 rss: 82Mb L: 752/4149 MS: 1 EraseBytes-
#563030	REDUCE cov: 490 ft: 1816 corp: 635/92Kb lim: 7341 exec/s: 112606 rss: 82Mb L: 69/4149 MS: 1 EraseBytes-
#563346	REDUCE cov: 490 ft: 1816 corp: 635/92Kb lim: 7341 exec/s: 112669 rss: 82Mb L: 49/4149 MS: 1 EraseBytes-
#564602	REDUCE cov: 490 ft: 1816 corp: 635/92Kb lim: 7353 exec/s: 94100 rss: 82Mb L: 120/4149 MS: 1 EraseBytes-
#566938	REDUCE cov: 490 ft: 1816 corp: 635/92Kb lim: 7365 exec/s: 94489 rss: 82Mb L: 111/4149 MS: 1 EraseBytes-
#568263	REDUCE cov: 490 ft: 1816 corp: 635/92Kb lim: 7377 exec/s: 94710 rss: 82Mb L: 244/4149 MS: 5 ChangeBinInt-ChangeBit-ShuffleBytes-PersAutoDict-EraseBytes- DE: "\012\000\000\000"-
#570340	REDUCE cov: 490 ft: 1816 corp: 635/92Kb lim: 7389 exec/s: 95056 rss: 82Mb L: 414/4149 MS: 2 InsertByte-EraseBytes-
#570341	REDUCE cov: 490 ft: 1816 corp: 635/92Kb lim: 7389 exec/s: 95056 rss: 82Mb L: 230/4149 MS: 1 EraseBytes-
#571638	REDUCE cov: 490 ft: 1816 corp: 635/92Kb lim: 7401 exec/s: 95273 rss: 82Mb L: 58/4149 MS: 2 EraseBytes-ChangeByte-
#572069	REDUCE cov: 490 ft: 1816 corp: 635/92Kb lim: 7401 exec/s: 95344 rss: 82Mb L: 76/4149 MS: 1 EraseBytes-
#573353	REDUCE cov: 490 ft: 1816 corp: 635/92Kb lim: 7413 exec/s: 95558 rss: 82Mb L: 408/4149 MS: 4 ChangeASCIIInt-ChangeBit-ChangeBinInt-EraseBytes-
#578584	REDUCE cov: 490 ft: 1816 corp: 635/92Kb lim: 7461 exec/s: 96430 rss: 82Mb L: 98/4149 MS: 1 EraseBytes-
#578626	REDUCE cov: 490 ft: 1816 corp: 635/92Kb lim: 7461 exec/s: 96437 rss: 82Mb L: 360/4149 MS: 2 ChangeBit-EraseBytes-
#582127	REDUCE cov: 490 ft: 1816 corp: 635/92Kb lim: 7485 exec/s: 97021 rss: 82Mb L: 69/4149 MS: 1 EraseBytes-
#582478	REDUCE cov: 490 ft: 1816 corp: 635/92Kb lim: 7485 exec/s: 97079 rss: 82Mb L: 408/4149 MS: 1 EraseBytes-
#583995	REDUCE cov: 490 ft: 1816 corp: 635/92Kb lim: 7497 exec/s: 97332 rss: 82Mb L: 35/4149 MS: 2 ChangeBit-EraseBytes-
#585381	REDUCE cov: 490 ft: 1816 corp: 635/92Kb lim: 7509 exec/s: 97563 rss: 82Mb L: 55/4149 MS: 1 EraseBytes-
#586072	REDUCE cov: 490 ft: 1816 corp: 635/92Kb lim: 7509 exec/s: 97678 rss: 82Mb L: 38/4149 MS: 1 EraseBytes-
#588103	REDUCE cov: 490 ft: 1816 corp: 635/92Kb lim: 7521 exec/s: 98017 rss: 82Mb L: 66/4149 MS: 1 EraseBytes-
#590506	NEW    cov: 491 ft: 1817 corp: 636/92Kb lim: 7533 exec/s: 98417 rss: 82Mb L: 95/4149 MS: 1 CopyPart-
#591747	REDUCE cov: 491 ft: 1817 corp: 636/92Kb lim: 7545 exec/s: 98624 rss: 82Mb L: 41/4149 MS: 1 EraseBytes-
#592048	REDUCE cov: 491 ft: 1817 corp: 636/92Kb lim: 7545 exec/s: 98674 rss: 82Mb L: 23/4149 MS: 1 EraseBytes-
#592855	REDUCE cov: 491 ft: 1817 corp: 636/92Kb lim: 7545 exec/s: 98809 rss: 82Mb L: 49/4149 MS: 2 InsertByte-EraseBytes-
#595171	REDUCE cov: 491 ft: 1817 corp: 636/92Kb lim: 7557 exec/s: 99195 rss: 82Mb L: 772/4149 MS: 1 EraseBytes-
#595741	REDUCE cov: 491 ft: 1817 corp: 636/91Kb lim: 7557 exec/s: 99290 rss: 82Mb L: 878/4149 MS: 5 ChangeASCIIInt-InsertByte-EraseBytes-ShuffleBytes-CopyPart-
#596207	REDUCE cov: 491 ft: 1817 corp: 636/91Kb lim: 7557 exec/s: 99367 rss: 82Mb L: 95/4149 MS: 1 EraseBytes-
#600158	REDUCE cov: 491 ft: 1817 corp: 636/91Kb lim: 7593 exec/s: 100026 rss: 82Mb L: 731/4149 MS: 1 EraseBytes-
#601099	REDUCE cov: 491 ft: 1817 corp: 636/91Kb lim: 7593 exec/s: 100183 rss: 82Mb L: 40/4149 MS: 1 EraseBytes-
#601985	REDUCE cov: 491 ft: 1817 corp: 636/91Kb lim: 7593 exec/s: 100330 rss: 82Mb L: 26/4149 MS: 1 EraseBytes-
#603246	REDUCE cov: 491 ft: 1817 corp: 636/91Kb lim: 7605 exec/s: 100541 rss: 82Mb L: 99/4149 MS: 1 EraseBytes-
#604210	REDUCE cov: 491 ft: 1817 corp: 636/91Kb lim: 7605 exec/s: 100701 rss: 82Mb L: 960/4149 MS: 4 ChangeBinInt-ChangeASCIIInt-InsertByte-EraseBytes-
#605211	REDUCE cov: 491 ft: 1817 corp: 636/91Kb lim: 7605 exec/s: 100868 rss: 82Mb L: 21/4149 MS: 1 EraseBytes-
#611887	REDUCE cov: 491 ft: 1817 corp: 636/91Kb lim: 7665 exec/s: 101981 rss: 82Mb L: 27/4149 MS: 1 EraseBytes-
#612743	REDUCE cov: 491 ft: 1817 corp: 636/91Kb lim: 7665 exec/s: 102123 rss: 82Mb L: 367/4149 MS: 1 EraseBytes-
#614710	REDUCE cov: 491 ft: 1817 corp: 636/91Kb lim: 7677 exec/s: 102451 rss: 82Mb L: 33/4149 MS: 2 ChangeBit-EraseBytes-
#614804	REDUCE cov: 491 ft: 1817 corp: 636/91Kb lim: 7677 exec/s: 102467 rss: 82Mb L: 29/4149 MS: 4 PersAutoDict-ShuffleBytes-ShuffleBytes-EraseBytes- DE: "\377\377\377\377\377\377\377\003"-
#619041	REDUCE cov: 491 ft: 1817 corp: 636/91Kb lim: 7713 exec/s: 103173 rss: 82Mb L: 360/4149 MS: 2 ChangeASCIIInt-EraseBytes-
#619252	REDUCE cov: 491 ft: 1817 corp: 636/91Kb lim: 7713 exec/s: 103208 rss: 82Mb L: 88/4149 MS: 1 EraseBytes-
#625388	REDUCE cov: 491 ft: 1817 corp: 636/91Kb lim: 7773 exec/s: 104231 rss: 82Mb L: 98/4149 MS: 1 EraseBytes-
#626289	REDUCE cov: 491 ft: 1817 corp: 636/91Kb lim: 7773 exec/s: 104381 rss: 82Mb L: 82/4149 MS: 1 EraseBytes-
#628607	REDUCE cov: 491 ft: 1817 corp: 636/91Kb lim: 7785 exec/s: 104767 rss: 82Mb L: 60/4149 MS: 3 ChangeBit-ChangeByte-EraseBytes-
#628916	NEW    cov: 491 ft: 1818 corp: 637/92Kb lim: 7785 exec/s: 104819 rss: 82Mb L: 598/4149 MS: 4 CopyPart-EraseBytes-ChangeBit-CopyPart-
#630907	REDUCE cov: 491 ft: 1818 corp: 637/92Kb lim: 7797 exec/s: 105151 rss: 82Mb L: 230/4149 MS: 1 EraseBytes-
#631073	REDUCE cov: 491 ft: 1818 corp: 637/92Kb lim: 7797 exec/s: 105178 rss: 82Mb L: 95/4149 MS: 1 EraseBytes-
#632038	REDUCE cov: 491 ft: 1818 corp: 637/92Kb lim: 7797 exec/s: 105339 rss: 82Mb L: 417/4149 MS: 5 ChangeByte-InsertByte-ChangeBinInt-InsertByte-EraseBytes-
#637244	REDUCE cov: 491 ft: 1818 corp: 637/92Kb lim: 7845 exec/s: 106207 rss: 82Mb L: 87/4149 MS: 1 EraseBytes-
#646456	REDUCE cov: 491 ft: 1818 corp: 637/92Kb lim: 7929 exec/s: 107742 rss: 82Mb L: 22/4149 MS: 2 CopyPart-EraseBytes-
#650212	REDUCE cov: 491 ft: 1818 corp: 637/92Kb lim: 7965 exec/s: 108368 rss: 82Mb L: 43/4149 MS: 1 EraseBytes-
#651344	REDUCE cov: 491 ft: 1818 corp: 637/92Kb lim: 7965 exec/s: 108557 rss: 82Mb L: 256/4149 MS: 2 ShuffleBytes-EraseBytes-
#652640	REDUCE cov: 491 ft: 1818 corp: 637/92Kb lim: 7977 exec/s: 108773 rss: 82Mb L: 42/4149 MS: 1 EraseBytes-
#653527	REDUCE cov: 491 ft: 1818 corp: 637/92Kb lim: 7977 exec/s: 108921 rss: 82Mb L: 870/4149 MS: 2 ShuffleBytes-EraseBytes-
#656228	REDUCE cov: 491 ft: 1818 corp: 637/92Kb lim: 8001 exec/s: 109371 rss: 82Mb L: 959/4149 MS: 1 EraseBytes-
#658710	REDUCE cov: 491 ft: 1818 corp: 637/92Kb lim: 8025 exec/s: 109785 rss: 82Mb L: 33/4149 MS: 2 CrossOver-EraseBytes-
#659011	REDUCE cov: 491 ft: 1818 corp: 637/92Kb lim: 8025 exec/s: 109835 rss: 82Mb L: 31/4149 MS: 1 EraseBytes-
#660097	REDUCE cov: 491 ft: 1818 corp: 637/92Kb lim: 8025 exec/s: 110016 rss: 82Mb L: 707/4149 MS: 1 EraseBytes-
#660298	REDUCE cov: 491 ft: 1818 corp: 637/92Kb lim: 8025 exec/s: 110049 rss: 82Mb L: 80/4149 MS: 1 EraseBytes-
#661709	REDUCE cov: 491 ft: 1818 corp: 637/92Kb lim: 8037 exec/s: 110284 rss: 82Mb L: 39/4149 MS: 1 EraseBytes-
#662960	REDUCE cov: 491 ft: 1818 corp: 637/92Kb lim: 8049 exec/s: 110493 rss: 82Mb L: 336/4149 MS: 1 EraseBytes-
#663211	REDUCE cov: 491 ft: 1818 corp: 637/92Kb lim: 8049 exec/s: 110535 rss: 82Mb L: 16/4149 MS: 1 EraseBytes-
#664107	REDUCE cov: 491 ft: 1818 corp: 637/92Kb lim: 8049 exec/s: 110684 rss: 82Mb L: 208/4149 MS: 1 EraseBytes-
#664768	REDUCE cov: 491 ft: 1818 corp: 637/92Kb lim: 8049 exec/s: 110794 rss: 82Mb L: 94/4149 MS: 1 EraseBytes-
#665210	REDUCE cov: 491 ft: 1818 corp: 637/92Kb lim: 8049 exec/s: 110868 rss: 82Mb L: 27/4149 MS: 2 ChangeBinInt-EraseBytes-
#666056	REDUCE cov: 491 ft: 1818 corp: 637/92Kb lim: 8049 exec/s: 111009 rss: 82Mb L: 45/4149 MS: 1 EraseBytes-
#666778	REDUCE cov: 491 ft: 1818 corp: 637/92Kb lim: 8049 exec/s: 111129 rss: 82Mb L: 1019/4149 MS: 2 ChangeByte-EraseBytes-
#671177	REDUCE cov: 491 ft: 1818 corp: 637/92Kb lim: 8085 exec/s: 111862 rss: 82Mb L: 169/4149 MS: 4 ChangeBit-ChangeASCIIInt-InsertByte-EraseBytes-
#671263	REDUCE cov: 491 ft: 1818 corp: 637/92Kb lim: 8085 exec/s: 111877 rss: 82Mb L: 39/4149 MS: 1 EraseBytes-
#672689	REDUCE cov: 491 ft: 1818 corp: 637/92Kb lim: 8097 exec/s: 112114 rss: 82Mb L: 37/4149 MS: 1 EraseBytes-
#677345	REDUCE cov: 491 ft: 1818 corp: 637/92Kb lim: 8133 exec/s: 96763 rss: 82Mb L: 9/4149 MS: 1 EraseBytes-
#677546	REDUCE cov: 491 ft: 1818 corp: 637/92Kb lim: 8133 exec/s: 96792 rss: 82Mb L: 19/4149 MS: 1 EraseBytes-
#678163	REDUCE cov: 491 ft: 1818 corp: 637/92Kb lim: 8133 exec/s: 96880 rss: 82Mb L: 85/4149 MS: 2 ShuffleBytes-EraseBytes-
#678544	REDUCE cov: 491 ft: 1818 corp: 637/92Kb lim: 8133 exec/s: 96934 rss: 82Mb L: 50/4149 MS: 1 EraseBytes-
#679187	REDUCE cov: 491 ft: 1818 corp: 637/91Kb lim: 8133 exec/s: 97026 rss: 82Mb L: 1187/4149 MS: 3 ShuffleBytes-EraseBytes-CopyPart-
#680028	REDUCE cov: 491 ft: 1818 corp: 637/91Kb lim: 8133 exec/s: 97146 rss: 82Mb L: 63/4149 MS: 1 EraseBytes-
#680129	REDUCE cov: 491 ft: 1818 corp: 637/91Kb lim: 8133 exec/s: 97161 rss: 82Mb L: 110/4149 MS: 1 EraseBytes-
#680827	REDUCE cov: 491 ft: 1818 corp: 637/91Kb lim: 8133 exec/s: 97261 rss: 82Mb L: 139/4149 MS: 3 ChangeBinInt-ChangeByte-EraseBytes-
#682414	REDUCE cov: 491 ft: 1818 corp: 637/91Kb lim: 8145 exec/s: 97487 rss: 82Mb L: 55/4149 MS: 2 ChangeBit-EraseBytes-
#683070	REDUCE cov: 491 ft: 1818 corp: 637/91Kb lim: 8145 exec/s: 97581 rss: 82Mb L: 212/4149 MS: 1 EraseBytes-
#683206	REDUCE cov: 491 ft: 1818 corp: 637/91Kb lim: 8145 exec/s: 97600 rss: 82Mb L: 64/4149 MS: 1 EraseBytes-
#683632	REDUCE cov: 491 ft: 1818 corp: 637/91Kb lim: 8145 exec/s: 97661 rss: 82Mb L: 48/4149 MS: 1 EraseBytes-
#685139	REDUCE cov: 491 ft: 1818 corp: 637/91Kb lim: 8157 exec/s: 97877 rss: 82Mb L: 159/4149 MS: 2 ChangeASCIIInt-EraseBytes-
#685696	REDUCE cov: 491 ft: 1818 corp: 637/91Kb lim: 8157 exec/s: 97956 rss: 82Mb L: 128/4149 MS: 2 ShuffleBytes-EraseBytes-
#686087	REDUCE cov: 491 ft: 1818 corp: 637/91Kb lim: 8157 exec/s: 98012 rss: 82Mb L: 56/4149 MS: 1 EraseBytes-
#688588	REDUCE cov: 491 ft: 1818 corp: 637/91Kb lim: 8181 exec/s: 98369 rss: 82Mb L: 237/4149 MS: 1 EraseBytes-
#688849	REDUCE cov: 491 ft: 1818 corp: 637/91Kb lim: 8181 exec/s: 98407 rss: 82Mb L: 1380/4149 MS: 1 EraseBytes-
#689561	REDUCE cov: 491 ft: 1818 corp: 637/91Kb lim: 8181 exec/s: 98508 rss: 82Mb L: 66/4149 MS: 2 ShuffleBytes-EraseBytes-
#691607	REDUCE cov: 491 ft: 1818 corp: 637/91Kb lim: 8192 exec/s: 98801 rss: 82Mb L: 94/4149 MS: 1 EraseBytes-
#692698	REDUCE cov: 491 ft: 1818 corp: 637/91Kb lim: 8192 exec/s: 98956 rss: 82Mb L: 31/4149 MS: 1 EraseBytes-
#696654	REDUCE cov: 491 ft: 1818 corp: 637/91Kb lim: 8192 exec/s: 99522 rss: 82Mb L: 38/4149 MS: 1 EraseBytes-
#697820	REDUCE cov: 491 ft: 1818 corp: 637/91Kb lim: 8192 exec/s: 99688 rss: 82Mb L: 53/4149 MS: 1 EraseBytes-
#698004	REDUCE cov: 491 ft: 1818 corp: 637/91Kb lim: 8192 exec/s: 99714 rss: 82Mb L: 95/4149 MS: 4 ShuffleBytes-ChangeBinInt-ChangeByte-EraseBytes-
#698365	REDUCE cov: 491 ft: 1818 corp: 637/91Kb lim: 8192 exec/s: 99766 rss: 82Mb L: 39/4149 MS: 1 EraseBytes-
#698716	REDUCE cov: 493 ft: 1820 corp: 638/91Kb lim: 8192 exec/s: 99816 rss: 82Mb L: 69/4149 MS: 1 ChangeASCIIInt-
#701274	REDUCE cov: 493 ft: 1820 corp: 638/91Kb lim: 8192 exec/s: 100182 rss: 82Mb L: 16/4149 MS: 3 ShuffleBytes-ChangeASCIIInt-EraseBytes-
#704121	REDUCE cov: 493 ft: 1820 corp: 638/91Kb lim: 8192 exec/s: 100588 rss: 82Mb L: 32/4149 MS: 1 EraseBytes-
#707107	REDUCE cov: 493 ft: 1820 corp: 638/91Kb lim: 8192 exec/s: 101015 rss: 82Mb L: 36/4149 MS: 1 EraseBytes-
#709699	REDUCE cov: 493 ft: 1820 corp: 638/91Kb lim: 8192 exec/s: 101385 rss: 82Mb L: 108/4149 MS: 2 ChangeByte-EraseBytes-
#713623	REDUCE cov: 493 ft: 1820 corp: 638/91Kb lim: 8192 exec/s: 101946 rss: 82Mb L: 186/4149 MS: 4 ChangeBit-EraseBytes-ChangeBinInt-ChangeASCIIInt-
#713955	REDUCE cov: 493 ft: 1820 corp: 638/91Kb lim: 8192 exec/s: 101993 rss: 82Mb L: 74/4149 MS: 2 ChangeBinInt-EraseBytes-
#716346	REDUCE cov: 493 ft: 1820 corp: 638/91Kb lim: 8192 exec/s: 102335 rss: 82Mb L: 36/4149 MS: 1 EraseBytes-
#718720	REDUCE cov: 493 ft: 1820 corp: 638/91Kb lim: 8192 exec/s: 102674 rss: 82Mb L: 505/4149 MS: 4 ChangeASCIIInt-ChangeByte-ChangeBinInt-EraseBytes-
#718867	REDUCE cov: 493 ft: 1820 corp: 638/91Kb lim: 8192 exec/s: 102695 rss: 82Mb L: 979/4149 MS: 2 InsertByte-EraseBytes-
#720513	REDUCE cov: 493 ft: 1820 corp: 638/91Kb lim: 8192 exec/s: 102930 rss: 82Mb L: 26/4149 MS: 1 EraseBytes-
#721474	REDUCE cov: 493 ft: 1820 corp: 638/91Kb lim: 8192 exec/s: 103067 rss: 82Mb L: 27/4149 MS: 1 EraseBytes-
#723990	REDUCE cov: 493 ft: 1820 corp: 638/91Kb lim: 8192 exec/s: 103427 rss: 82Mb L: 37/4149 MS: 1 EraseBytes-
#725463	REDUCE cov: 493 ft: 1820 corp: 638/91Kb lim: 8192 exec/s: 103637 rss: 82Mb L: 41/4149 MS: 3 ChangeBit-CopyPart-EraseBytes-
#726015	REDUCE cov: 493 ft: 1820 corp: 638/91Kb lim: 8192 exec/s: 103716 rss: 82Mb L: 43/4149 MS: 2 InsertByte-EraseBytes-
#726711	REDUCE cov: 493 ft: 1820 corp: 638/91Kb lim: 8192 exec/s: 103815 rss: 82Mb L: 71/4149 MS: 1 EraseBytes-
#731852	REDUCE cov: 493 ft: 1820 corp: 638/91Kb lim: 8192 exec/s: 104550 rss: 82Mb L: 201/4149 MS: 1 EraseBytes-
#732338	REDUCE cov: 493 ft: 1820 corp: 638/91Kb lim: 8192 exec/s: 104619 rss: 82Mb L: 44/4149 MS: 1 EraseBytes-
#732424	REDUCE cov: 493 ft: 1820 corp: 638/91Kb lim: 8192 exec/s: 104632 rss: 82Mb L: 71/4149 MS: 1 EraseBytes-
#732895	REDUCE cov: 493 ft: 1820 corp: 638/91Kb lim: 8192 exec/s: 104699 rss: 82Mb L: 205/4149 MS: 1 EraseBytes-
#734841	REDUCE cov: 493 ft: 1820 corp: 638/91Kb lim: 8192 exec/s: 104977 rss: 82Mb L: 38/4149 MS: 1 EraseBytes-
#735993	REDUCE cov: 493 ft: 1820 corp: 638/91Kb lim: 8192 exec/s: 105141 rss: 82Mb L: 25/4149 MS: 2 ChangeByte-EraseBytes-
#736854	REDUCE cov: 493 ft: 1820 corp: 638/91Kb lim: 8192 exec/s: 105264 rss: 82Mb L: 75/4149 MS: 1 EraseBytes-
#737305	REDUCE cov: 493 ft: 1820 corp: 638/91Kb lim: 8192 exec/s: 105329 rss: 82Mb L: 474/4149 MS: 1 EraseBytes-
#737802	REDUCE cov: 493 ft: 1820 corp: 638/91Kb lim: 8192 exec/s: 105400 rss: 82Mb L: 200/4149 MS: 2 InsertByte-EraseBytes-
#740393	REDUCE cov: 493 ft: 1820 corp: 638/91Kb lim: 8192 exec/s: 105770 rss: 82Mb L: 64/4149 MS: 1 EraseBytes-
#740624	REDUCE cov: 493 ft: 1820 corp: 638/91Kb lim: 8192 exec/s: 105803 rss: 82Mb L: 552/4149 MS: 1 EraseBytes-
#741490	REDUCE cov: 493 ft: 1820 corp: 638/91Kb lim: 8192 exec/s: 105927 rss: 82Mb L: 43/4149 MS: 1 EraseBytes-
#742421	REDUCE cov: 493 ft: 1820 corp: 638/91Kb lim: 8192 exec/s: 106060 rss: 82Mb L: 54/4149 MS: 1 EraseBytes-
#742482	REDUCE cov: 493 ft: 1820 corp: 638/91Kb lim: 8192 exec/s: 106068 rss: 82Mb L: 44/4149 MS: 1 EraseBytes-
#743748	REDUCE cov: 493 ft: 1820 corp: 638/91Kb lim: 8192 exec/s: 106249 rss: 82Mb L: 25/4149 MS: 1 EraseBytes-
#746969	REDUCE cov: 493 ft: 1820 corp: 638/91Kb lim: 8192 exec/s: 106709 rss: 82Mb L: 61/4149 MS: 1 EraseBytes-
#747051	REDUCE cov: 493 ft: 1820 corp: 638/91Kb lim: 8192 exec/s: 106721 rss: 82Mb L: 12/4149 MS: 2 ChangeBit-EraseBytes-
#749782	REDUCE cov: 493 ft: 1820 corp: 638/91Kb lim: 8192 exec/s: 107111 rss: 82Mb L: 63/4149 MS: 1 EraseBytes-
#750313	REDUCE cov: 493 ft: 1820 corp: 638/91Kb lim: 8192 exec/s: 107187 rss: 82Mb L: 109/4149 MS: 1 EraseBytes-
#750930	REDUCE cov: 493 ft: 1820 corp: 638/91Kb lim: 8192 exec/s: 107275 rss: 82Mb L: 1270/4149 MS: 2 CopyPart-EraseBytes-
#751216	REDUCE cov: 493 ft: 1820 corp: 638/91Kb lim: 8192 exec/s: 107316 rss: 82Mb L: 251/4149 MS: 1 EraseBytes-
#752937	REDUCE cov: 493 ft: 1820 corp: 638/91Kb lim: 8192 exec/s: 107562 rss: 82Mb L: 42/4149 MS: 1 EraseBytes-
#755603	REDUCE cov: 493 ft: 1820 corp: 638/91Kb lim: 8192 exec/s: 107943 rss: 82Mb L: 100/4149 MS: 1 EraseBytes-
#757859	REDUCE cov: 493 ft: 1820 corp: 638/91Kb lim: 8192 exec/s: 108265 rss: 82Mb L: 61/4149 MS: 1 EraseBytes-
#758090	REDUCE cov: 493 ft: 1820 corp: 638/91Kb lim: 8192 exec/s: 108298 rss: 82Mb L: 44/4149 MS: 1 EraseBytes-
#762527	REDUCE cov: 493 ft: 1820 corp: 638/91Kb lim: 8192 exec/s: 108932 rss: 82Mb L: 39/4149 MS: 2 InsertByte-EraseBytes-
#763303	REDUCE cov: 493 ft: 1820 corp: 638/91Kb lim: 8192 exec/s: 109043 rss: 82Mb L: 30/4149 MS: 1 EraseBytes-
#769930	REDUCE cov: 493 ft: 1820 corp: 638/91Kb lim: 8192 exec/s: 109990 rss: 82Mb L: 80/4149 MS: 2 ChangeASCIIInt-EraseBytes-
#774006	REDUCE cov: 493 ft: 1820 corp: 638/91Kb lim: 8192 exec/s: 96750 rss: 82Mb L: 41/4149 MS: 1 EraseBytes-
#775162	REDUCE cov: 493 ft: 1820 corp: 638/91Kb lim: 8192 exec/s: 96895 rss: 82Mb L: 231/4149 MS: 1 EraseBytes-
#775943	REDUCE cov: 493 ft: 1820 corp: 638/91Kb lim: 8192 exec/s: 96992 rss: 82Mb L: 35/4149 MS: 1 EraseBytes-
#776469	REDUCE cov: 493 ft: 1820 corp: 638/91Kb lim: 8192 exec/s: 97058 rss: 82Mb L: 71/4149 MS: 1 EraseBytes-
#777580	REDUCE cov: 493 ft: 1820 corp: 638/91Kb lim: 8192 exec/s: 97197 rss: 82Mb L: 311/4149 MS: 1 EraseBytes-
#780538	REDUCE cov: 493 ft: 1820 corp: 638/91Kb lim: 8192 exec/s: 97567 rss: 82Mb L: 60/4149 MS: 3 ShuffleBytes-InsertByte-EraseBytes-
#785984	REDUCE cov: 493 ft: 1820 corp: 638/91Kb lim: 8192 exec/s: 98248 rss: 82Mb L: 1501/4149 MS: 1 EraseBytes-
#787985	REDUCE cov: 493 ft: 1820 corp: 638/91Kb lim: 8192 exec/s: 98498 rss: 82Mb L: 40/4149 MS: 1 EraseBytes-
#792516	REDUCE cov: 493 ft: 1820 corp: 638/91Kb lim: 8192 exec/s: 99064 rss: 82Mb L: 1685/4149 MS: 1 EraseBytes-
#792572	REDUCE cov: 493 ft: 1820 corp: 638/91Kb lim: 8192 exec/s: 99071 rss: 82Mb L: 116/4149 MS: 1 EraseBytes-
#794273	REDUCE cov: 493 ft: 1820 corp: 638/91Kb lim: 8192 exec/s: 99284 rss: 82Mb L: 42/4149 MS: 1 EraseBytes-
#798034	REDUCE cov: 493 ft: 1820 corp: 638/91Kb lim: 8192 exec/s: 99754 rss: 82Mb L: 39/4149 MS: 1 EraseBytes-
#799275	REDUCE cov: 493 ft: 1820 corp: 638/91Kb lim: 8192 exec/s: 99909 rss: 82Mb L: 30/4149 MS: 1 EraseBytes-
#801726	REDUCE cov: 493 ft: 1822 corp: 639/92Kb lim: 8192 exec/s: 100215 rss: 82Mb L: 1686/4149 MS: 1 CrossOver-
#802832	REDUCE cov: 493 ft: 1822 corp: 639/92Kb lim: 8192 exec/s: 100354 rss: 82Mb L: 1114/4149 MS: 1 EraseBytes-
#803135	NEW    cov: 493 ft: 1824 corp: 640/95Kb lim: 8192 exec/s: 100391 rss: 82Mb L: 2532/4149 MS: 3 InsertByte-InsertByte-CopyPart-
#803251	REDUCE cov: 493 ft: 1824 corp: 640/95Kb lim: 8192 exec/s: 100406 rss: 82Mb L: 103/4149 MS: 1 EraseBytes-
#803481	REDUCE cov: 493 ft: 1824 corp: 640/95Kb lim: 8192 exec/s: 100435 rss: 82Mb L: 156/4149 MS: 5 ChangeByte-InsertByte-ChangeByte-ChangeASCIIInt-EraseBytes-
#804927	REDUCE cov: 493 ft: 1824 corp: 640/95Kb lim: 8192 exec/s: 100615 rss: 82Mb L: 47/4149 MS: 1 EraseBytes-
#808728	REDUCE cov: 493 ft: 1824 corp: 640/95Kb lim: 8192 exec/s: 101091 rss: 82Mb L: 58/4149 MS: 1 EraseBytes-
#808841	REDUCE cov: 493 ft: 1824 corp: 640/94Kb lim: 8192 exec/s: 101105 rss: 82Mb L: 1879/4149 MS: 3 PersAutoDict-ShuffleBytes-EraseBytes- DE: "\012\000\000\000"-
#812189	REDUCE cov: 493 ft: 1824 corp: 640/94Kb lim: 8192 exec/s: 101523 rss: 82Mb L: 1095/4149 MS: 3 EraseBytes-ChangeASCIIInt-CopyPart-
#812710	REDUCE cov: 493 ft: 1824 corp: 640/94Kb lim: 8192 exec/s: 101588 rss: 82Mb L: 62/4149 MS: 1 EraseBytes-
#812889	REDUCE cov: 493 ft: 1824 corp: 640/94Kb lim: 8192 exec/s: 101611 rss: 82Mb L: 1167/4149 MS: 4 ShuffleBytes-InsertByte-PersAutoDict-EraseBytes- DE: "\012\000\000\000"-
#813607	REDUCE cov: 493 ft: 1824 corp: 640/94Kb lim: 8192 exec/s: 101700 rss: 82Mb L: 167/4149 MS: 3 ChangeBinInt-ChangeASCIIInt-EraseBytes-
#814609	REDUCE cov: 493 ft: 1824 corp: 640/94Kb lim: 8192 exec/s: 101826 rss: 82Mb L: 1113/4149 MS: 2 ChangeASCIIInt-EraseBytes-
#815181	REDUCE cov: 493 ft: 1824 corp: 640/94Kb lim: 8192 exec/s: 101897 rss: 82Mb L: 216/4149 MS: 2 CrossOver-EraseBytes-
#815757	REDUCE cov: 493 ft: 1824 corp: 640/94Kb lim: 8192 exec/s: 101969 rss: 82Mb L: 104/4149 MS: 1 EraseBytes-
#819035	REDUCE cov: 493 ft: 1824 corp: 640/94Kb lim: 8192 exec/s: 102379 rss: 82Mb L: 77/4149 MS: 3 ShuffleBytes-InsertByte-EraseBytes-
#823991	REDUCE cov: 493 ft: 1824 corp: 640/93Kb lim: 8192 exec/s: 102998 rss: 82Mb L: 770/4149 MS: 1 EraseBytes-
#828962	REDUCE cov: 493 ft: 1824 corp: 640/93Kb lim: 8192 exec/s: 103620 rss: 82Mb L: 1076/4149 MS: 1 EraseBytes-
#829604	REDUCE cov: 493 ft: 1824 corp: 640/93Kb lim: 8192 exec/s: 103700 rss: 82Mb L: 105/4149 MS: 2 ChangeBinInt-EraseBytes-
#830430	REDUCE cov: 493 ft: 1824 corp: 640/93Kb lim: 8192 exec/s: 103803 rss: 82Mb L: 57/4149 MS: 1 EraseBytes-
#831222	REDUCE cov: 493 ft: 1824 corp: 640/93Kb lim: 8192 exec/s: 103902 rss: 82Mb L: 121/4149 MS: 2 ChangeByte-EraseBytes-
#835793	REDUCE cov: 493 ft: 1824 corp: 640/93Kb lim: 8192 exec/s: 104474 rss: 82Mb L: 54/4149 MS: 1 EraseBytes-
#839630	REDUCE cov: 493 ft: 1824 corp: 640/93Kb lim: 8192 exec/s: 104953 rss: 82Mb L: 129/4149 MS: 2 CMP-EraseBytes- DE: "\377\377"-
#844093	REDUCE cov: 493 ft: 1824 corp: 640/93Kb lim: 8192 exec/s: 105511 rss: 82Mb L: 1314/4149 MS: 3 ChangeByte-ChangeByte-EraseBytes-
#844145	REDUCE cov: 493 ft: 1824 corp: 640/93Kb lim: 8192 exec/s: 105518 rss: 82Mb L: 207/4149 MS: 2 ShuffleBytes-EraseBytes-
#844761	REDUCE cov: 493 ft: 1824 corp: 640/93Kb lim: 8192 exec/s: 105595 rss: 82Mb L: 20/4149 MS: 1 EraseBytes-
#845882	REDUCE cov: 493 ft: 1824 corp: 640/93Kb lim: 8192 exec/s: 105735 rss: 82Mb L: 1439/4149 MS: 1 EraseBytes-
#846753	REDUCE cov: 493 ft: 1824 corp: 640/93Kb lim: 8192 exec/s: 105844 rss: 82Mb L: 47/4149 MS: 1 EraseBytes-
#849130	REDUCE cov: 493 ft: 1824 corp: 640/93Kb lim: 8192 exec/s: 106141 rss: 82Mb L: 1169/4149 MS: 2 ChangeASCIIInt-EraseBytes-
#852588	REDUCE cov: 493 ft: 1825 corp: 641/95Kb lim: 8192 exec/s: 106573 rss: 82Mb L: 2757/4149 MS: 3 ChangeBit-CopyPart-CopyPart-
#855695	REDUCE cov: 493 ft: 1825 corp: 641/95Kb lim: 8192 exec/s: 106961 rss: 82Mb L: 162/4149 MS: 2 ChangeASCIIInt-EraseBytes-
#860041	REDUCE cov: 493 ft: 1825 corp: 641/95Kb lim: 8192 exec/s: 107505 rss: 82Mb L: 1351/4149 MS: 1 EraseBytes-
#863827	REDUCE cov: 493 ft: 1825 corp: 641/95Kb lim: 8192 exec/s: 107978 rss: 82Mb L: 202/4149 MS: 1 EraseBytes-
#863859	REDUCE cov: 493 ft: 1825 corp: 641/95Kb lim: 8192 exec/s: 107982 rss: 82Mb L: 58/4149 MS: 2 ChangeByte-EraseBytes-
#864611	REDUCE cov: 493 ft: 1825 corp: 641/95Kb lim: 8192 exec/s: 108076 rss: 82Mb L: 2621/4149 MS: 2 ShuffleBytes-EraseBytes-
#864707	REDUCE cov: 493 ft: 1825 corp: 641/95Kb lim: 8192 exec/s: 108088 rss: 82Mb L: 405/4149 MS: 1 EraseBytes-
#871104	REDUCE cov: 493 ft: 1825 corp: 641/95Kb lim: 8192 exec/s: 108888 rss: 82Mb L: 15/4149 MS: 2 ChangeByte-EraseBytes-
#871520	REDUCE cov: 493 ft: 1825 corp: 641/95Kb lim: 8192 exec/s: 108940 rss: 82Mb L: 1395/4149 MS: 1 EraseBytes-
#873588	REDUCE cov: 493 ft: 1825 corp: 641/95Kb lim: 8192 exec/s: 109198 rss: 82Mb L: 429/4149 MS: 3 CopyPart-ChangeASCIIInt-EraseBytes-
#874610	REDUCE cov: 493 ft: 1825 corp: 641/94Kb lim: 8192 exec/s: 109326 rss: 82Mb L: 827/4149 MS: 2 PersAutoDict-EraseBytes- DE: "\377\377\377\377\377\377\377\003"-
#874646	REDUCE cov: 493 ft: 1825 corp: 641/94Kb lim: 8192 exec/s: 109330 rss: 82Mb L: 136/4149 MS: 1 EraseBytes-
#875043	REDUCE cov: 493 ft: 1825 corp: 641/94Kb lim: 8192 exec/s: 109380 rss: 82Mb L: 1044/4149 MS: 2 CopyPart-EraseBytes-
#877285	REDUCE cov: 493 ft: 1825 corp: 641/94Kb lim: 8192 exec/s: 109660 rss: 82Mb L: 48/4149 MS: 2 InsertByte-EraseBytes-
#877846	REDUCE cov: 493 ft: 1825 corp: 641/94Kb lim: 8192 exec/s: 109730 rss: 82Mb L: 49/4149 MS: 1 EraseBytes-
#878388	REDUCE cov: 493 ft: 1825 corp: 641/94Kb lim: 8192 exec/s: 109798 rss: 82Mb L: 1229/4149 MS: 2 InsertByte-EraseBytes-
#879894	REDUCE cov: 493 ft: 1825 corp: 641/94Kb lim: 8192 exec/s: 97766 rss: 82Mb L: 453/4149 MS: 1 EraseBytes-
#880030	REDUCE cov: 493 ft: 1825 corp: 641/94Kb lim: 8192 exec/s: 97781 rss: 82Mb L: 118/4149 MS: 1 EraseBytes-
#880292	REDUCE cov: 493 ft: 1825 corp: 641/94Kb lim: 8192 exec/s: 97810 rss: 82Mb L: 1002/4149 MS: 2 ChangeBit-EraseBytes-
#880370	REDUCE cov: 493 ft: 1825 corp: 641/94Kb lim: 8192 exec/s: 97818 rss: 82Mb L: 28/4149 MS: 3 ChangeASCIIInt-CrossOver-EraseBytes-
#881122	REDUCE cov: 493 ft: 1825 corp: 641/94Kb lim: 8192 exec/s: 97902 rss: 82Mb L: 386/4149 MS: 2 ChangeASCIIInt-EraseBytes-
#881383	REDUCE cov: 493 ft: 1825 corp: 641/94Kb lim: 8192 exec/s: 97931 rss: 82Mb L: 36/4149 MS: 1 EraseBytes-
#881789	REDUCE cov: 493 ft: 1825 corp: 641/94Kb lim: 8192 exec/s: 97976 rss: 82Mb L: 722/4149 MS: 1 EraseBytes-
#881841	REDUCE cov: 493 ft: 1825 corp: 641/94Kb lim: 8192 exec/s: 97982 rss: 82Mb L: 40/4149 MS: 2 ChangeBit-EraseBytes-
#884924	REDUCE cov: 493 ft: 1825 corp: 641/94Kb lim: 8192 exec/s: 98324 rss: 82Mb L: 77/4149 MS: 3 EraseBytes-InsertByte-InsertByte-
#885225	REDUCE cov: 493 ft: 1825 corp: 641/94Kb lim: 8192 exec/s: 98358 rss: 82Mb L: 27/4149 MS: 1 EraseBytes-
#885231	REDUCE cov: 493 ft: 1825 corp: 641/94Kb lim: 8192 exec/s: 98359 rss: 82Mb L: 38/4149 MS: 1 EraseBytes-
#889522	REDUCE cov: 493 ft: 1825 corp: 641/94Kb lim: 8192 exec/s: 98835 rss: 82Mb L: 40/4149 MS: 1 EraseBytes-
#889664	REDUCE cov: 493 ft: 1825 corp: 641/94Kb lim: 8192 exec/s: 98851 rss: 82Mb L: 49/4149 MS: 2 PersAutoDict-EraseBytes- DE: "\377\377\377\377\377\377\377\003"-
#890655	REDUCE cov: 493 ft: 1825 corp: 641/94Kb lim: 8192 exec/s: 98961 rss: 82Mb L: 2580/4149 MS: 1 EraseBytes-
#892448	REDUCE cov: 493 ft: 1825 corp: 641/94Kb lim: 8192 exec/s: 99160 rss: 82Mb L: 25/4149 MS: 3 InsertByte-ShuffleBytes-EraseBytes-
#893494	REDUCE cov: 493 ft: 1825 corp: 641/94Kb lim: 8192 exec/s: 99277 rss: 82Mb L: 168/4149 MS: 1 EraseBytes-
#898157	REDUCE cov: 493 ft: 1825 corp: 641/94Kb lim: 8192 exec/s: 99795 rss: 82Mb L: 46/4149 MS: 3 ChangeByte-ChangeASCIIInt-EraseBytes-
#901663	REDUCE cov: 493 ft: 1825 corp: 641/94Kb lim: 8192 exec/s: 100184 rss: 82Mb L: 69/4149 MS: 1 EraseBytes-
#901715	REDUCE cov: 493 ft: 1825 corp: 641/94Kb lim: 8192 exec/s: 100190 rss: 82Mb L: 416/4149 MS: 2 InsertRepeatedBytes-EraseBytes-
#906002	REDUCE cov: 493 ft: 1828 corp: 642/95Kb lim: 8192 exec/s: 100666 rss: 82Mb L: 1494/4149 MS: 2 ShuffleBytes-CopyPart-
#907863	REDUCE cov: 493 ft: 1828 corp: 642/95Kb lim: 8192 exec/s: 100873 rss: 82Mb L: 2497/4149 MS: 1 EraseBytes-
#908582	NEW    cov: 493 ft: 1831 corp: 643/97Kb lim: 8192 exec/s: 100953 rss: 82Mb L: 1499/4149 MS: 4 ShuffleBytes-ChangeBit-PersAutoDict-CrossOver- DE: "\012\000\000\000"-
#910871	REDUCE cov: 493 ft: 1831 corp: 643/97Kb lim: 8192 exec/s: 101207 rss: 82Mb L: 7/4149 MS: 3 ChangeByte-InsertByte-EraseBytes-
#912107	REDUCE cov: 493 ft: 1831 corp: 643/97Kb lim: 8192 exec/s: 101345 rss: 82Mb L: 27/4149 MS: 1 EraseBytes-
#913841	REDUCE cov: 493 ft: 1832 corp: 644/97Kb lim: 8192 exec/s: 101537 rss: 82Mb L: 150/4149 MS: 4 CrossOver-CrossOver-CopyPart-CopyPart-
#914107	REDUCE cov: 493 ft: 1832 corp: 644/97Kb lim: 8192 exec/s: 101567 rss: 82Mb L: 116/4149 MS: 1 EraseBytes-
#916523	REDUCE cov: 493 ft: 1832 corp: 644/97Kb lim: 8192 exec/s: 101835 rss: 82Mb L: 415/4149 MS: 1 EraseBytes-
#916814	REDUCE cov: 493 ft: 1832 corp: 644/97Kb lim: 8192 exec/s: 101868 rss: 82Mb L: 1072/4149 MS: 1 EraseBytes-
#918120	REDUCE cov: 493 ft: 1832 corp: 644/97Kb lim: 8192 exec/s: 102013 rss: 82Mb L: 757/4149 MS: 1 EraseBytes-
#920222	REDUCE cov: 493 ft: 1832 corp: 644/97Kb lim: 8192 exec/s: 102246 rss: 82Mb L: 32/4149 MS: 2 ChangeByte-EraseBytes-
#920377	REDUCE cov: 493 ft: 1832 corp: 644/97Kb lim: 8192 exec/s: 102264 rss: 82Mb L: 1400/4149 MS: 5 ChangeByte-PersAutoDict-ChangeByte-ChangeASCIIInt-EraseBytes- DE: "\377\377"-
#920988	REDUCE cov: 493 ft: 1832 corp: 644/97Kb lim: 8192 exec/s: 102332 rss: 82Mb L: 123/4149 MS: 1 EraseBytes-
#922050	REDUCE cov: 493 ft: 1832 corp: 644/96Kb lim: 8192 exec/s: 102450 rss: 82Mb L: 1398/4149 MS: 2 ChangeBit-EraseBytes-
#924071	REDUCE cov: 493 ft: 1832 corp: 644/96Kb lim: 8192 exec/s: 102674 rss: 82Mb L: 49/4149 MS: 1 EraseBytes-
#926999	REDUCE cov: 493 ft: 1832 corp: 644/96Kb lim: 8192 exec/s: 102999 rss: 82Mb L: 1033/4149 MS: 3 CopyPart-PersAutoDict-EraseBytes- DE: "\377\377"-
#928320	REDUCE cov: 493 ft: 1832 corp: 644/96Kb lim: 8192 exec/s: 103146 rss: 82Mb L: 57/4149 MS: 1 EraseBytes-
#929471	REDUCE cov: 493 ft: 1832 corp: 644/96Kb lim: 8192 exec/s: 103274 rss: 82Mb L: 37/4149 MS: 1 EraseBytes-
#931779	REDUCE cov: 493 ft: 1832 corp: 644/96Kb lim: 8192 exec/s: 103531 rss: 82Mb L: 945/4149 MS: 3 ChangeASCIIInt-InsertByte-EraseBytes-
#933905	REDUCE cov: 493 ft: 1832 corp: 644/96Kb lim: 8192 exec/s: 103767 rss: 82Mb L: 338/4149 MS: 1 EraseBytes-
#935536	REDUCE cov: 493 ft: 1832 corp: 644/96Kb lim: 8192 exec/s: 103948 rss: 82Mb L: 21/4149 MS: 1 EraseBytes-
#935587	REDUCE cov: 493 ft: 1832 corp: 644/96Kb lim: 8192 exec/s: 103954 rss: 82Mb L: 32/4149 MS: 1 EraseBytes-
#936954	REDUCE cov: 493 ft: 1832 corp: 644/96Kb lim: 8192 exec/s: 104106 rss: 82Mb L: 64/4149 MS: 2 ChangeASCIIInt-EraseBytes-
#937196	REDUCE cov: 493 ft: 1832 corp: 644/96Kb lim: 8192 exec/s: 104132 rss: 82Mb L: 42/4149 MS: 2 ShuffleBytes-EraseBytes-
#937782	REDUCE cov: 493 ft: 1832 corp: 644/96Kb lim: 8192 exec/s: 104198 rss: 82Mb L: 316/4149 MS: 1 EraseBytes-
#938453	REDUCE cov: 493 ft: 1832 corp: 644/96Kb lim: 8192 exec/s: 104272 rss: 82Mb L: 180/4149 MS: 1 EraseBytes-
#940080	REDUCE cov: 493 ft: 1832 corp: 644/96Kb lim: 8192 exec/s: 104453 rss: 82Mb L: 25/4149 MS: 2 ShuffleBytes-EraseBytes-
#941171	REDUCE cov: 493 ft: 1832 corp: 644/96Kb lim: 8192 exec/s: 104574 rss: 82Mb L: 66/4149 MS: 1 EraseBytes-
#942057	REDUCE cov: 493 ft: 1832 corp: 644/96Kb lim: 8192 exec/s: 104673 rss: 82Mb L: 139/4149 MS: 1 EraseBytes-
#942188	REDUCE cov: 493 ft: 1832 corp: 644/96Kb lim: 8192 exec/s: 104687 rss: 82Mb L: 24/4149 MS: 1 EraseBytes-
#942485	REDUCE cov: 493 ft: 1832 corp: 644/96Kb lim: 8192 exec/s: 104720 rss: 82Mb L: 185/4149 MS: 2 ChangeBit-EraseBytes-
#943323	REDUCE cov: 493 ft: 1832 corp: 644/96Kb lim: 8192 exec/s: 104813 rss: 82Mb L: 474/4149 MS: 3 CMP-EraseBytes-EraseBytes- DE: "\000\000"-
#943679	REDUCE cov: 493 ft: 1832 corp: 644/96Kb lim: 8192 exec/s: 104853 rss: 82Mb L: 30/4149 MS: 1 EraseBytes-
#946780	REDUCE cov: 493 ft: 1832 corp: 644/96Kb lim: 8192 exec/s: 105197 rss: 82Mb L: 234/4149 MS: 1 EraseBytes-
#946821	REDUCE cov: 493 ft: 1832 corp: 644/96Kb lim: 8192 exec/s: 105202 rss: 82Mb L: 125/4149 MS: 1 EraseBytes-
#946847	REDUCE cov: 493 ft: 1832 corp: 644/96Kb lim: 8192 exec/s: 105205 rss: 82Mb L: 23/4149 MS: 1 EraseBytes-
#950548	REDUCE cov: 493 ft: 1832 corp: 644/96Kb lim: 8192 exec/s: 105616 rss: 82Mb L: 1416/4149 MS: 1 EraseBytes-
#950924	REDUCE cov: 493 ft: 1832 corp: 644/96Kb lim: 8192 exec/s: 105658 rss: 82Mb L: 299/4149 MS: 1 EraseBytes-
#955358	REDUCE cov: 493 ft: 1832 corp: 644/96Kb lim: 8192 exec/s: 106150 rss: 82Mb L: 1206/4149 MS: 4 EraseBytes-CopyPart-ShuffleBytes-InsertRepeatedBytes-
#955375	REDUCE cov: 493 ft: 1832 corp: 644/96Kb lim: 8192 exec/s: 106152 rss: 82Mb L: 2439/4149 MS: 2 CrossOver-EraseBytes-
#955546	REDUCE cov: 493 ft: 1832 corp: 644/96Kb lim: 8192 exec/s: 106171 rss: 82Mb L: 121/4149 MS: 1 EraseBytes-
#958247	REDUCE cov: 493 ft: 1832 corp: 644/96Kb lim: 8192 exec/s: 106471 rss: 82Mb L: 52/4149 MS: 1 EraseBytes-
#960341	REDUCE cov: 493 ft: 1832 corp: 644/96Kb lim: 8192 exec/s: 106704 rss: 82Mb L: 469/4149 MS: 4 ShuffleBytes-InsertRepeatedBytes-ChangeASCIIInt-EraseBytes-
#961157	REDUCE cov: 493 ft: 1832 corp: 644/96Kb lim: 8192 exec/s: 106795 rss: 82Mb L: 502/4149 MS: 1 EraseBytes-
#961716	REDUCE cov: 493 ft: 1832 corp: 644/96Kb lim: 8192 exec/s: 106857 rss: 82Mb L: 184/4149 MS: 4 ChangeASCIIInt-InsertRepeatedBytes-CrossOver-EraseBytes-
#963253	REDUCE cov: 493 ft: 1832 corp: 644/96Kb lim: 8192 exec/s: 107028 rss: 82Mb L: 229/4149 MS: 2 EraseBytes-CopyPart-
#963331	REDUCE cov: 493 ft: 1832 corp: 644/96Kb lim: 8192 exec/s: 107036 rss: 82Mb L: 43/4149 MS: 3 CopyPart-ChangeByte-EraseBytes-
#965022	REDUCE cov: 493 ft: 1832 corp: 644/96Kb lim: 8192 exec/s: 107224 rss: 82Mb L: 29/4149 MS: 1 EraseBytes-
#966228	REDUCE cov: 493 ft: 1832 corp: 644/96Kb lim: 8192 exec/s: 107358 rss: 82Mb L: 8/4149 MS: 1 EraseBytes-
#966629	REDUCE cov: 493 ft: 1832 corp: 644/96Kb lim: 8192 exec/s: 107403 rss: 82Mb L: 15/4149 MS: 1 EraseBytes-
#966725	REDUCE cov: 493 ft: 1832 corp: 644/96Kb lim: 8192 exec/s: 107413 rss: 82Mb L: 74/4149 MS: 1 EraseBytes-
#968878	REDUCE cov: 493 ft: 1832 corp: 644/95Kb lim: 8192 exec/s: 107653 rss: 82Mb L: 1013/4149 MS: 3 InsertRepeatedBytes-ChangeBit-EraseBytes-
#969814	REDUCE cov: 493 ft: 1832 corp: 644/95Kb lim: 8192 exec/s: 107757 rss: 82Mb L: 715/4149 MS: 1 EraseBytes-
#970586	REDUCE cov: 493 ft: 1832 corp: 644/95Kb lim: 8192 exec/s: 107842 rss: 82Mb L: 2838/4149 MS: 2 CopyPart-EraseBytes-
#972632	REDUCE cov: 493 ft: 1832 corp: 644/95Kb lim: 8192 exec/s: 108070 rss: 82Mb L: 906/4149 MS: 1 EraseBytes-
#973258	REDUCE cov: 493 ft: 1832 corp: 644/95Kb lim: 8192 exec/s: 108139 rss: 82Mb L: 351/4149 MS: 1 EraseBytes-
#974961	REDUCE cov: 493 ft: 1832 corp: 644/95Kb lim: 8192 exec/s: 108329 rss: 82Mb L: 96/4149 MS: 3 ChangeASCIIInt-CopyPart-EraseBytes-
#975828	REDUCE cov: 493 ft: 1832 corp: 644/95Kb lim: 8192 exec/s: 108425 rss: 82Mb L: 38/4149 MS: 2 ChangeBinInt-EraseBytes-
#977364	REDUCE cov: 493 ft: 1832 corp: 644/95Kb lim: 8192 exec/s: 108596 rss: 82Mb L: 348/4149 MS: 1 EraseBytes-
#978815	REDUCE cov: 493 ft: 1832 corp: 644/95Kb lim: 8192 exec/s: 108757 rss: 82Mb L: 29/4149 MS: 1 EraseBytes-
#982487	REDUCE cov: 493 ft: 1832 corp: 644/95Kb lim: 8192 exec/s: 109165 rss: 82Mb L: 1398/4149 MS: 2 ChangeBinInt-EraseBytes-
#984143	REDUCE cov: 493 ft: 1832 corp: 644/95Kb lim: 8192 exec/s: 109349 rss: 82Mb L: 71/4149 MS: 1 EraseBytes-
#984346	REDUCE cov: 493 ft: 1832 corp: 644/95Kb lim: 8192 exec/s: 109371 rss: 82Mb L: 55/4149 MS: 3 ShuffleBytes-EraseBytes-EraseBytes-
#984972	REDUCE cov: 493 ft: 1832 corp: 644/95Kb lim: 8192 exec/s: 98497 rss: 82Mb L: 11/4149 MS: 1 EraseBytes-
#986868	REDUCE cov: 493 ft: 1832 corp: 644/95Kb lim: 8192 exec/s: 98686 rss: 82Mb L: 102/4149 MS: 1 EraseBytes-
#991660	REDUCE cov: 493 ft: 1832 corp: 644/95Kb lim: 8192 exec/s: 99166 rss: 82Mb L: 38/4149 MS: 2 ChangeASCIIInt-EraseBytes-
#992077	REDUCE cov: 493 ft: 1832 corp: 644/95Kb lim: 8192 exec/s: 99207 rss: 82Mb L: 316/4149 MS: 2 ChangeBit-EraseBytes-
#992424	REDUCE cov: 493 ft: 1832 corp: 644/95Kb lim: 8192 exec/s: 99242 rss: 82Mb L: 42/4149 MS: 2 InsertRepeatedBytes-EraseBytes-
#993293	REDUCE cov: 493 ft: 1832 corp: 644/95Kb lim: 8192 exec/s: 99329 rss: 82Mb L: 730/4149 MS: 4 ChangeByte-InsertRepeatedBytes-InsertRepeatedBytes-EraseBytes-
#993679	REDUCE cov: 493 ft: 1832 corp: 644/95Kb lim: 8192 exec/s: 99367 rss: 82Mb L: 2825/4149 MS: 1 EraseBytes-
#994725	REDUCE cov: 493 ft: 1832 corp: 644/95Kb lim: 8192 exec/s: 99472 rss: 82Mb L: 126/4149 MS: 1 EraseBytes-
#995047	REDUCE cov: 493 ft: 1832 corp: 644/95Kb lim: 8192 exec/s: 99504 rss: 82Mb L: 124/4149 MS: 2 ChangeASCIIInt-EraseBytes-
#997898	REDUCE cov: 493 ft: 1832 corp: 644/95Kb lim: 8192 exec/s: 99789 rss: 82Mb L: 82/4149 MS: 1 EraseBytes-
#998566	REDUCE cov: 493 ft: 1833 corp: 645/98Kb lim: 8192 exec/s: 99856 rss: 82Mb L: 3043/4149 MS: 3 ChangeByte-ChangeBinInt-CopyPart-
#998687	REDUCE cov: 493 ft: 1833 corp: 645/98Kb lim: 8192 exec/s: 99868 rss: 82Mb L: 98/4149 MS: 1 EraseBytes-
#999468	REDUCE cov: 493 ft: 1833 corp: 645/98Kb lim: 8192 exec/s: 99946 rss: 82Mb L: 151/4149 MS: 1 EraseBytes-
#1000450	REDUCE cov: 493 ft: 1833 corp: 645/98Kb lim: 8192 exec/s: 100045 rss: 82Mb L: 686/4149 MS: 2 InsertByte-EraseBytes-
#1000606	REDUCE cov: 493 ft: 1833 corp: 645/98Kb lim: 8192 exec/s: 100060 rss: 82Mb L: 53/4149 MS: 1 EraseBytes-
#1001212	REDUCE cov: 493 ft: 1833 corp: 645/98Kb lim: 8192 exec/s: 100121 rss: 82Mb L: 84/4149 MS: 1 EraseBytes-
#1001487	REDUCE cov: 493 ft: 1833 corp: 645/98Kb lim: 8192 exec/s: 100148 rss: 82Mb L: 379/4149 MS: 5 CrossOver-CrossOver-ShuffleBytes-ChangeBinInt-EraseBytes-
#1003103	REDUCE cov: 493 ft: 1833 corp: 645/98Kb lim: 8192 exec/s: 100310 rss: 82Mb L: 118/4149 MS: 1 EraseBytes-
#1003354	REDUCE cov: 493 ft: 1833 corp: 645/97Kb lim: 8192 exec/s: 100335 rss: 82Mb L: 268/4149 MS: 1 EraseBytes-
#1003924	REDUCE cov: 493 ft: 1833 corp: 645/97Kb lim: 8192 exec/s: 100392 rss: 82Mb L: 748/4149 MS: 5 ShuffleBytes-ChangeASCIIInt-ChangeBinInt-EraseBytes-CopyPart-
#1004862	REDUCE cov: 493 ft: 1833 corp: 645/97Kb lim: 8192 exec/s: 100486 rss: 82Mb L: 91/4149 MS: 3 ChangeBinInt-ChangeByte-EraseBytes-
#1007068	REDUCE cov: 493 ft: 1833 corp: 645/97Kb lim: 8192 exec/s: 100706 rss: 82Mb L: 94/4149 MS: 1 EraseBytes-
#1007716	REDUCE cov: 493 ft: 1833 corp: 645/97Kb lim: 8192 exec/s: 100771 rss: 82Mb L: 1314/4149 MS: 3 ChangeASCIIInt-ChangeASCIIInt-EraseBytes-
#1008152	REDUCE cov: 493 ft: 1833 corp: 645/97Kb lim: 8192 exec/s: 100815 rss: 82Mb L: 110/4149 MS: 1 EraseBytes-
#1009743	REDUCE cov: 493 ft: 1833 corp: 645/97Kb lim: 8192 exec/s: 100974 rss: 82Mb L: 540/4149 MS: 1 EraseBytes-
#1013590	REDUCE cov: 493 ft: 1833 corp: 645/97Kb lim: 8192 exec/s: 101359 rss: 82Mb L: 76/4149 MS: 2 ChangeASCIIInt-EraseBytes-
#1013871	REDUCE cov: 493 ft: 1833 corp: 645/97Kb lim: 8192 exec/s: 101387 rss: 82Mb L: 490/4149 MS: 1 EraseBytes-
#1013892	REDUCE cov: 493 ft: 1833 corp: 645/97Kb lim: 8192 exec/s: 101389 rss: 82Mb L: 161/4149 MS: 1 EraseBytes-
#1014641	REDUCE cov: 493 ft: 1833 corp: 645/97Kb lim: 8192 exec/s: 101464 rss: 82Mb L: 660/4149 MS: 4 ChangeByte-ChangeBit-CMP-EraseBytes- DE: "\377\377"-
#1015722	REDUCE cov: 493 ft: 1833 corp: 645/96Kb lim: 8192 exec/s: 101572 rss: 82Mb L: 2373/4149 MS: 1 EraseBytes-
#1015865	REDUCE cov: 493 ft: 1833 corp: 645/96Kb lim: 8192 exec/s: 101586 rss: 82Mb L: 107/4149 MS: 3 ChangeBit-ChangeBinInt-EraseBytes-
#1017336	REDUCE cov: 493 ft: 1833 corp: 645/96Kb lim: 8192 exec/s: 101733 rss: 82Mb L: 25/4149 MS: 1 EraseBytes-
#1018212	REDUCE cov: 493 ft: 1833 corp: 645/96Kb lim: 8192 exec/s: 101821 rss: 82Mb L: 26/4149 MS: 1 EraseBytes-
#1018929	REDUCE cov: 493 ft: 1833 corp: 645/96Kb lim: 8192 exec/s: 101892 rss: 82Mb L: 230/4149 MS: 2 ChangeBinInt-EraseBytes-
#1018941	REDUCE cov: 493 ft: 1833 corp: 645/96Kb lim: 8192 exec/s: 101894 rss: 82Mb L: 649/4149 MS: 2 ChangeASCIIInt-EraseBytes-
#1020984	REDUCE cov: 493 ft: 1833 corp: 645/96Kb lim: 8192 exec/s: 102098 rss: 82Mb L: 26/4149 MS: 3 InsertByte-ShuffleBytes-EraseBytes-
#1023279	REDUCE cov: 493 ft: 1833 corp: 645/96Kb lim: 8192 exec/s: 102327 rss: 82Mb L: 946/4149 MS: 5 InsertByte-InsertByte-PersAutoDict-InsertRepeatedBytes-EraseBytes- DE: "\377\377"-
#1025165	REDUCE cov: 493 ft: 1833 corp: 645/96Kb lim: 8192 exec/s: 102516 rss: 82Mb L: 57/4149 MS: 1 EraseBytes-
#1029246	REDUCE cov: 493 ft: 1833 corp: 645/96Kb lim: 8192 exec/s: 102924 rss: 82Mb L: 581/4149 MS: 1 EraseBytes-
#1030212	REDUCE cov: 493 ft: 1833 corp: 645/96Kb lim: 8192 exec/s: 103021 rss: 82Mb L: 95/4149 MS: 1 EraseBytes-
#1031960	REDUCE cov: 493 ft: 1833 corp: 645/96Kb lim: 8192 exec/s: 103196 rss: 82Mb L: 264/4149 MS: 3 ChangeBit-ChangeBinInt-EraseBytes-
#1033732	REDUCE cov: 493 ft: 1833 corp: 645/96Kb lim: 8192 exec/s: 103373 rss: 82Mb L: 178/4149 MS: 2 ChangeBit-EraseBytes-
#1034879	REDUCE cov: 493 ft: 1833 corp: 645/96Kb lim: 8192 exec/s: 103487 rss: 82Mb L: 273/4149 MS: 2 InsertByte-EraseBytes-
#1035141	REDUCE cov: 493 ft: 1833 corp: 645/95Kb lim: 8192 exec/s: 103514 rss: 82Mb L: 1698/4149 MS: 2 PersAutoDict-EraseBytes- DE: "\377\377"-
#1037380	REDUCE cov: 493 ft: 1834 corp: 646/98Kb lim: 8192 exec/s: 103738 rss: 82Mb L: 2247/4149 MS: 4 ChangeBinInt-InsertRepeatedBytes-CopyPart-CopyPart-
#1038481	REDUCE cov: 493 ft: 1834 corp: 646/98Kb lim: 8192 exec/s: 103848 rss: 82Mb L: 81/4149 MS: 1 EraseBytes-
#1039453	REDUCE cov: 493 ft: 1834 corp: 646/98Kb lim: 8192 exec/s: 103945 rss: 82Mb L: 57/4149 MS: 2 ChangeBit-EraseBytes-
#1040119	REDUCE cov: 493 ft: 1834 corp: 646/98Kb lim: 8192 exec/s: 104011 rss: 82Mb L: 2381/4149 MS: 1 EraseBytes-
#1040781	REDUCE cov: 493 ft: 1834 corp: 646/98Kb lim: 8192 exec/s: 104078 rss: 82Mb L: 116/4149 MS: 2 ChangeBinInt-EraseBytes-
#1042132	REDUCE cov: 493 ft: 1834 corp: 646/98Kb lim: 8192 exec/s: 104213 rss: 82Mb L: 95/4149 MS: 1 EraseBytes-
#1043933	REDUCE cov: 493 ft: 1834 corp: 646/98Kb lim: 8192 exec/s: 104393 rss: 82Mb L: 45/4149 MS: 1 EraseBytes-
#1043939	REDUCE cov: 493 ft: 1834 corp: 646/98Kb lim: 8192 exec/s: 104393 rss: 82Mb L: 63/4149 MS: 1 EraseBytes-
#1043950	REDUCE cov: 493 ft: 1834 corp: 646/97Kb lim: 8192 exec/s: 104395 rss: 82Mb L: 193/4149 MS: 1 EraseBytes-
#1045418	REDUCE cov: 493 ft: 1834 corp: 646/97Kb lim: 8192 exec/s: 104541 rss: 82Mb L: 148/4149 MS: 3 InsertByte-InsertByte-EraseBytes-
#1046594	REDUCE cov: 493 ft: 1834 corp: 646/97Kb lim: 8192 exec/s: 104659 rss: 82Mb L: 1650/4149 MS: 1 EraseBytes-
#1047740	REDUCE cov: 493 ft: 1834 corp: 646/97Kb lim: 8192 exec/s: 104774 rss: 82Mb L: 126/4149 MS: 1 EraseBytes-
#1048576	pulse  cov: 493 ft: 1834 corp: 646/97Kb lim: 8192 exec/s: 104857 rss: 82Mb
#1049161	REDUCE cov: 493 ft: 1834 corp: 646/97Kb lim: 8192 exec/s: 104916 rss: 82Mb L: 22/4149 MS: 1 EraseBytes-
#1049518	REDUCE cov: 493 ft: 1834 corp: 646/97Kb lim: 8192 exec/s: 104951 rss: 82Mb L: 58/4149 MS: 2 ShuffleBytes-EraseBytes-
#1050035	REDUCE cov: 493 ft: 1834 corp: 646/97Kb lim: 8192 exec/s: 105003 rss: 82Mb L: 1151/4149 MS: 2 InsertByte-EraseBytes-
#1051226	REDUCE cov: 493 ft: 1834 corp: 646/97Kb lim: 8192 exec/s: 105122 rss: 82Mb L: 153/4149 MS: 1 EraseBytes-
#1051942	REDUCE cov: 493 ft: 1834 corp: 646/97Kb lim: 8192 exec/s: 105194 rss: 82Mb L: 207/4149 MS: 1 EraseBytes-
#1052393	REDUCE cov: 493 ft: 1834 corp: 646/97Kb lim: 8192 exec/s: 105239 rss: 82Mb L: 101/4149 MS: 1 EraseBytes-
#1053764	REDUCE cov: 493 ft: 1834 corp: 646/97Kb lim: 8192 exec/s: 105376 rss: 82Mb L: 51/4149 MS: 1 EraseBytes-
#1054440	REDUCE cov: 493 ft: 1834 corp: 646/97Kb lim: 8192 exec/s: 105444 rss: 82Mb L: 29/4149 MS: 1 EraseBytes-
#1055312	REDUCE cov: 493 ft: 1834 corp: 646/97Kb lim: 8192 exec/s: 105531 rss: 82Mb L: 2087/4149 MS: 2 ChangeASCIIInt-EraseBytes-
#1055343	REDUCE cov: 493 ft: 1834 corp: 646/97Kb lim: 8192 exec/s: 105534 rss: 82Mb L: 1107/4149 MS: 1 EraseBytes-
#1057963	REDUCE cov: 493 ft: 1834 corp: 646/97Kb lim: 8192 exec/s: 105796 rss: 82Mb L: 701/4149 MS: 5 ChangeBinInt-ChangeBinInt-CopyPart-CrossOver-EraseBytes-
#1061399	REDUCE cov: 493 ft: 1834 corp: 646/97Kb lim: 8192 exec/s: 106139 rss: 82Mb L: 192/4149 MS: 1 EraseBytes-
#1063315	REDUCE cov: 493 ft: 1834 corp: 646/97Kb lim: 8192 exec/s: 106331 rss: 82Mb L: 685/4149 MS: 1 EraseBytes-
#1063936	REDUCE cov: 493 ft: 1834 corp: 646/97Kb lim: 8192 exec/s: 106393 rss: 82Mb L: 97/4149 MS: 1 EraseBytes-
#1064427	REDUCE cov: 493 ft: 1834 corp: 646/97Kb lim: 8192 exec/s: 106442 rss: 82Mb L: 1120/4149 MS: 1 EraseBytes-
#1064763	REDUCE cov: 493 ft: 1834 corp: 646/97Kb lim: 8192 exec/s: 106476 rss: 82Mb L: 598/4149 MS: 1 EraseBytes-
#1066414	REDUCE cov: 493 ft: 1834 corp: 646/97Kb lim: 8192 exec/s: 106641 rss: 82Mb L: 403/4149 MS: 1 EraseBytes-
#1066930	REDUCE cov: 493 ft: 1834 corp: 646/97Kb lim: 8192 exec/s: 106693 rss: 82Mb L: 238/4149 MS: 1 EraseBytes-
#1067426	REDUCE cov: 493 ft: 1834 corp: 646/97Kb lim: 8192 exec/s: 106742 rss: 82Mb L: 57/4149 MS: 1 EraseBytes-
#1067452	REDUCE cov: 493 ft: 1834 corp: 646/97Kb lim: 8192 exec/s: 106745 rss: 82Mb L: 108/4149 MS: 1 EraseBytes-
#1067613	REDUCE cov: 493 ft: 1834 corp: 646/96Kb lim: 8192 exec/s: 106761 rss: 82Mb L: 911/4149 MS: 1 EraseBytes-
#1067792	REDUCE cov: 493 ft: 1834 corp: 646/96Kb lim: 8192 exec/s: 106779 rss: 82Mb L: 2240/4149 MS: 4 ChangeByte-ChangeBit-CMP-EraseBytes- DE: "\011\000\000\000"-
#1068643	REDUCE cov: 493 ft: 1834 corp: 646/96Kb lim: 8192 exec/s: 106864 rss: 82Mb L: 1297/4149 MS: 1 EraseBytes-
#1069028	DONE   cov: 493 ft: 1834 corp: 646/96Kb lim: 8192 exec/s: 97184 rss: 82Mb
###### Recommended dictionary. ######
"\012\000\000\000" # Uses: 47430
"\377\377\377\377\377\377\377\003" # Uses: 19430
"\377\377" # Uses: 6041
"\000\000" # Uses: 2887
"\011\000\000\000" # Uses: 21
###### End of recommended dictionary. ######
Done 1069028 runs in 11 second(s)
stat::number_of_executed_units: 1069028
stat::average_exec_per_sec:     97184
stat::new_units_added:          817
stat::slowest_unit_time_sec:    0
stat::peak_rss_mb:              82
